Component: Arm Compiler for Embedded 6.19 Tool: armlink [5e73cb00]

==============================================================================

Section Cross References

    gd32f30x_adc.o(.text.adc_deinit) refers to gd32f30x_rcu.o(.text.rcu_periph_reset_enable) for rcu_periph_reset_enable
    gd32f30x_adc.o(.text.adc_deinit) refers to gd32f30x_rcu.o(.text.rcu_periph_reset_disable) for rcu_periph_reset_disable
    gd32f30x_adc.o(.ARM.exidx.text.adc_deinit) refers to gd32f30x_adc.o(.text.adc_deinit) for [Anonymous Symbol]
    gd32f30x_adc.o(.ARM.exidx.text.adc_enable) refers to gd32f30x_adc.o(.text.adc_enable) for [Anonymous Symbol]
    gd32f30x_adc.o(.ARM.exidx.text.adc_disable) refers to gd32f30x_adc.o(.text.adc_disable) for [Anonymous Symbol]
    gd32f30x_adc.o(.ARM.exidx.text.adc_calibration_enable) refers to gd32f30x_adc.o(.text.adc_calibration_enable) for [Anonymous Symbol]
    gd32f30x_adc.o(.ARM.exidx.text.adc_dma_mode_enable) refers to gd32f30x_adc.o(.text.adc_dma_mode_enable) for [Anonymous Symbol]
    gd32f30x_adc.o(.ARM.exidx.text.adc_dma_mode_disable) refers to gd32f30x_adc.o(.text.adc_dma_mode_disable) for [Anonymous Symbol]
    gd32f30x_adc.o(.ARM.exidx.text.adc_tempsensor_vrefint_enable) refers to gd32f30x_adc.o(.text.adc_tempsensor_vrefint_enable) for [Anonymous Symbol]
    gd32f30x_adc.o(.ARM.exidx.text.adc_tempsensor_vrefint_disable) refers to gd32f30x_adc.o(.text.adc_tempsensor_vrefint_disable) for [Anonymous Symbol]
    gd32f30x_adc.o(.ARM.exidx.text.adc_resolution_config) refers to gd32f30x_adc.o(.text.adc_resolution_config) for [Anonymous Symbol]
    gd32f30x_adc.o(.ARM.exidx.text.adc_discontinuous_mode_config) refers to gd32f30x_adc.o(.text.adc_discontinuous_mode_config) for [Anonymous Symbol]
    gd32f30x_adc.o(.ARM.exidx.text.adc_mode_config) refers to gd32f30x_adc.o(.text.adc_mode_config) for [Anonymous Symbol]
    gd32f30x_adc.o(.ARM.exidx.text.adc_special_function_config) refers to gd32f30x_adc.o(.text.adc_special_function_config) for [Anonymous Symbol]
    gd32f30x_adc.o(.ARM.exidx.text.adc_data_alignment_config) refers to gd32f30x_adc.o(.text.adc_data_alignment_config) for [Anonymous Symbol]
    gd32f30x_adc.o(.ARM.exidx.text.adc_channel_length_config) refers to gd32f30x_adc.o(.text.adc_channel_length_config) for [Anonymous Symbol]
    gd32f30x_adc.o(.ARM.exidx.text.adc_regular_channel_config) refers to gd32f30x_adc.o(.text.adc_regular_channel_config) for [Anonymous Symbol]
    gd32f30x_adc.o(.ARM.exidx.text.adc_inserted_channel_config) refers to gd32f30x_adc.o(.text.adc_inserted_channel_config) for [Anonymous Symbol]
    gd32f30x_adc.o(.ARM.exidx.text.adc_inserted_channel_offset_config) refers to gd32f30x_adc.o(.text.adc_inserted_channel_offset_config) for [Anonymous Symbol]
    gd32f30x_adc.o(.ARM.exidx.text.adc_external_trigger_config) refers to gd32f30x_adc.o(.text.adc_external_trigger_config) for [Anonymous Symbol]
    gd32f30x_adc.o(.ARM.exidx.text.adc_external_trigger_source_config) refers to gd32f30x_adc.o(.text.adc_external_trigger_source_config) for [Anonymous Symbol]
    gd32f30x_adc.o(.ARM.exidx.text.adc_software_trigger_enable) refers to gd32f30x_adc.o(.text.adc_software_trigger_enable) for [Anonymous Symbol]
    gd32f30x_adc.o(.ARM.exidx.text.adc_regular_data_read) refers to gd32f30x_adc.o(.text.adc_regular_data_read) for [Anonymous Symbol]
    gd32f30x_adc.o(.ARM.exidx.text.adc_inserted_data_read) refers to gd32f30x_adc.o(.text.adc_inserted_data_read) for [Anonymous Symbol]
    gd32f30x_adc.o(.ARM.exidx.text.adc_sync_mode_convert_value_read) refers to gd32f30x_adc.o(.text.adc_sync_mode_convert_value_read) for [Anonymous Symbol]
    gd32f30x_adc.o(.ARM.exidx.text.adc_flag_get) refers to gd32f30x_adc.o(.text.adc_flag_get) for [Anonymous Symbol]
    gd32f30x_adc.o(.ARM.exidx.text.adc_flag_clear) refers to gd32f30x_adc.o(.text.adc_flag_clear) for [Anonymous Symbol]
    gd32f30x_adc.o(.ARM.exidx.text.adc_interrupt_flag_get) refers to gd32f30x_adc.o(.text.adc_interrupt_flag_get) for [Anonymous Symbol]
    gd32f30x_adc.o(.ARM.exidx.text.adc_interrupt_flag_clear) refers to gd32f30x_adc.o(.text.adc_interrupt_flag_clear) for [Anonymous Symbol]
    gd32f30x_adc.o(.ARM.exidx.text.adc_interrupt_enable) refers to gd32f30x_adc.o(.text.adc_interrupt_enable) for [Anonymous Symbol]
    gd32f30x_adc.o(.ARM.exidx.text.adc_interrupt_disable) refers to gd32f30x_adc.o(.text.adc_interrupt_disable) for [Anonymous Symbol]
    gd32f30x_adc.o(.ARM.exidx.text.adc_watchdog_single_channel_enable) refers to gd32f30x_adc.o(.text.adc_watchdog_single_channel_enable) for [Anonymous Symbol]
    gd32f30x_adc.o(.ARM.exidx.text.adc_watchdog_group_channel_enable) refers to gd32f30x_adc.o(.text.adc_watchdog_group_channel_enable) for [Anonymous Symbol]
    gd32f30x_adc.o(.ARM.exidx.text.adc_watchdog_disable) refers to gd32f30x_adc.o(.text.adc_watchdog_disable) for [Anonymous Symbol]
[...]
    initGraphicSA                            0x0800ae49   Thumb Code  1292  dirana3basicdsp.o(.text.initGraphicSA)
    initGraphicSApara                        0x0800b355   Thumb Code   300  dirana3basicdsp.o(.text.initGraphicSApara)
    initQPD                                  0x0800b481   Thumb Code   468  dirana3basicdsp.o(.text.initQPD)
    initQPDpara                              0x0800b655   Thumb Code    52  dirana3basicdsp.o(.text.initQPDpara)
    initSignalScaler                         0x0800b689   Thumb Code   212  dirana3basicdsp.o(.text.initSignalScaler)
    initTone                                 0x0800b75d   Thumb Code   274  dirana3basicdsp.o(.text.initTone)
    isSigOK                                  0x0800b871   Thumb Code   774  main.o(.text.isSigOK)
    lcd_dma_callback                         0x0800bb79   Thumb Code    74  lcd.o(.text.lcd_dma_callback)
    lcd_dma_init                             0x0800bbc5   Thumb Code   160  lcd.o(.text.lcd_dma_init)
    lcd_set_cursor                           0x0800bc65   Thumb Code    50  lcd.o(.text.lcd_set_cursor)
    lcd_set_window                           0x0800bc99   Thumb Code    72  lcd.o(.text.lcd_set_window)
    lcd_update                               0x0800bce1   Thumb Code   152  lcd.o(.text.lcd_update)
    lcd_write_cmd                            0x0800bd79   Thumb Code   284  lcd.o(.text.lcd_write_cmd)
    lcd_write_multi_repeat                   0x0800be95   Thumb Code   190  lcd.o(.text.lcd_write_multi_repeat)
    lineDriverMode                           0x0800bf55   Thumb Code    26  dirana3basicdsp.o(.text.lineDriverMode)
    main                                     0x0800bf71   Thumb Code  1888  main.o(.text.main)
    num2str                                  0x0800c6f5   Thumb Code   122  ui.o(.text.num2str)
    nvic_irq_enable                          0x0800c771   Thumb Code   298  gd32f30x_misc.o(.text.nvic_irq_enable)
    nvic_priority_group_set                  0x0800c89d   Thumb Code    28  gd32f30x_misc.o(.text.nvic_priority_group_set)
    pmu_backup_write_enable                  0x0800c8b9   Thumb Code    18  gd32f30x_pmu.o(.text.pmu_backup_write_enable)
    rcu_adc_clock_config                     0x0800c8cd   Thumb Code   180  gd32f30x_rcu.o(.text.rcu_adc_clock_config)
    rcu_bkp_reset_disable                    0x0800c981   Thumb Code    18  gd32f30x_rcu.o(.text.rcu_bkp_reset_disable)
    rcu_bkp_reset_enable                     0x0800c995   Thumb Code    18  gd32f30x_rcu.o(.text.rcu_bkp_reset_enable)
    rcu_clock_freq_get                       0x0800c9a9   Thumb Code   494  gd32f30x_rcu.o(.text.rcu_clock_freq_get)
    rcu_flag_get                             0x0800cb99   Thumb Code    62  gd32f30x_rcu.o(.text.rcu_flag_get)
    rcu_osci_on                              0x0800cbd9   Thumb Code    40  gd32f30x_rcu.o(.text.rcu_osci_on)
    rcu_osci_stab_wait                       0x0800cc01   Thumb Code   574  gd32f30x_rcu.o(.text.rcu_osci_stab_wait)
    rcu_periph_clock_enable                  0x0800ce41   Thumb Code    40  gd32f30x_rcu.o(.text.rcu_periph_clock_enable)
    rcu_periph_reset_disable                 0x0800ce69   Thumb Code    40  gd32f30x_rcu.o(.text.rcu_periph_reset_disable)
    rcu_periph_reset_enable                  0x0800ce91   Thumb Code    40  gd32f30x_rcu.o(.text.rcu_periph_reset_enable)
    rcu_rtc_clock_config                     0x0800ceb9   Thumb Code    36  gd32f30x_rcu.o(.text.rcu_rtc_clock_config)
    readChannels                             0x0800cedd   Thumb Code   142  main.o(.text.readChannels)
    readSettings                             0x0800cf6d   Thumb Code   206  main.o(.text.readSettings)
    rtc_alarm_config                         0x0800d03d   Thumb Code    46  gd32f30x_rtc.o(.text.rtc_alarm_config)
    rtc_configuration_mode_enter             0x0800d06d   Thumb Code    18  gd32f30x_rtc.o(.text.rtc_configuration_mode_enter)
    rtc_configuration_mode_exit              0x0800d081   Thumb Code    18  gd32f30x_rtc.o(.text.rtc_configuration_mode_exit)
    rtc_counter_get                          0x0800d095   Thumb Code    42  gd32f30x_rtc.o(.text.rtc_counter_get)
    rtc_counter_set                          0x0800d0c1   Thumb Code    46  gd32f30x_rtc.o(.text.rtc_counter_set)
    rtc_flag_clear                           0x0800d0f1   Thumb Code    24  gd32f30x_rtc.o(.text.rtc_flag_clear)
    rtc_flag_get                             0x0800d109   Thumb Code    46  gd32f30x_rtc.o(.text.rtc_flag_get)
    rtc_get_time                             0x0800d139   Thumb Code    28  rtc.o(.text.rtc_get_time)
    rtc_interrupt_enable                     0x0800d155   Thumb Code    24  gd32f30x_rtc.o(.text.rtc_interrupt_enable)
    rtc_lwoff_wait                           0x0800d16d   Thumb Code    24  gd32f30x_rtc.o(.text.rtc_lwoff_wait)
    rtc_prescaler_set                        0x0800d185   Thumb Code    48  gd32f30x_rtc.o(.text.rtc_prescaler_set)
    rtc_register_sync_wait                   0x0800d1b5   Thumb Code    40  gd32f30x_rtc.o(.text.rtc_register_sync_wait)
    rtc_set_alarm                            0x0800d1dd   Thumb Code    56  rtc.o(.text.rtc_set_alarm)
    rtc_set_time                             0x0800d215   Thumb Code    24  rtc.o(.text.rtc_set_time)
    saveChannels                             0x0800d22d   Thumb Code   274  main.o(.text.saveChannels)
    saveSettings                             0x0800d341   Thumb Code   258  main.o(.text.saveSettings)
    setBalance                               0x0800d449   Thumb Code   216  dirana3basicdsp.o(.text.setBalance)
    setDCFilter                              0x0800d521   Thumb Code   336  dirana3basicdsp.o(.text.setDCFilter)
    setFader                                 0x0800d671   Thumb Code   216  dirana3basicdsp.o(.text.setFader)
    setGraphicEQ                             0x0800d749   Thumb Code   876  dirana3basicdsp.o(.text.setGraphicEQ)
    setGraphicEQPreScal                      0x0800dab9   Thumb Code   200  dirana3basicdsp.o(.text.setGraphicEQPreScal)
    setGraphicSAGain                         0x0800db81   Thumb Code   176  dirana3basicdsp.o(.text.setGraphicSAGain)
    setMainVol                               0x0800dc31   Thumb Code   596  dirana3basicdsp.o(.text.setMainVol)
    setMute                                  0x0800de85   Thumb Code   148  dirana3basicdsp.o(.text.setMute)
    setTone                                  0x0800df19   Thumb Code  2032  dirana3basicdsp.o(.text.setTone)
    setTonePreScal                           0x0800e709   Thumb Code   240  dirana3basicdsp.o(.text.setTonePreScal)
    spi_bidirectional_transfer_config        0x0800e7f9   Thumb Code    44  gd32f30x_spi.o(.text.spi_bidirectional_transfer_config)
    spi_dma_enable                           0x0800e825   Thumb Code    44  gd32f30x_spi.o(.text.spi_dma_enable)
    spi_enable                               0x0800e851   Thumb Code    18  gd32f30x_spi.o(.text.spi_enable)
    spi_i2s_data_receive                     0x0800e865   Thumb Code    14  gd32f30x_spi.o(.text.spi_i2s_data_receive)
    spi_i2s_data_transmit                    0x0800e875   Thumb Code    20  gd32f30x_spi.o(.text.spi_i2s_data_transmit)
    spi_i2s_deinit                           0x0800e889   Thumb Code   116  gd32f30x_spi.o(.text.spi_i2s_deinit)
    spi_i2s_flag_get                         0x0800e8fd   Thumb Code    42  gd32f30x_spi.o(.text.spi_i2s_flag_get)
    spi_init                                 0x0800e929   Thumb Code   114  gd32f30x_spi.o(.text.spi_init)
    spi_nss_output_disable                   0x0800e99d   Thumb Code    18  gd32f30x_spi.o(.text.spi_nss_output_disable)
    spi_struct_para_init                     0x0800e9b1   Thumb Code    38  gd32f30x_spi.o(.text.spi_struct_para_init)
    systick_clksource_set                    0x0800eb55   Thumb Code    52  gd32f30x_misc.o(.text.systick_clksource_set)
    systick_config                           0x0800eb89   Thumb Code    80  systick.o(.text.systick_config)
    timer_deinit                             0x0800ebd9   Thumb Code   280  gd32f30x_timer.o(.text.timer_deinit)
    timer_enable                             0x0800ecf1   Thumb Code    18  gd32f30x_timer.o(.text.timer_enable)
    timer_init                               0x0800ed05   Thumb Code   260  gd32f30x_timer.o(.text.timer_init)
    timer_interrupt_enable                   0x0800ee09   Thumb Code    20  gd32f30x_timer.o(.text.timer_interrupt_enable)
    timer_interrupt_flag_clear               0x0800ee1d   Thumb Code    18  gd32f30x_timer.o(.text.timer_interrupt_flag_clear)
    timer_interrupt_flag_get                 0x0800ee31   Thumb Code    58  gd32f30x_timer.o(.text.timer_interrupt_flag_get)
    timer_struct_para_init                   0x0800ee6d   Thumb Code    38  gd32f30x_timer.o(.text.timer_struct_para_init)
    usart_baudrate_set                       0x0800ee95   Thumb Code   202  gd32f30x_usart.o(.text.usart_baudrate_set)
    usart_data_transmit                      0x0800ef61   Thumb Code    20  gd32f30x_usart.o(.text.usart_data_transmit)
    usart_deinit                             0x0800ef75   Thumb Code   184  gd32f30x_usart.o(.text.usart_deinit)
    usart_enable                             0x0800f02d   Thumb Code    18  gd32f30x_usart.o(.text.usart_enable)
    usart_flag_get                           0x0800f041   Thumb Code    58  gd32f30x_usart.o(.text.usart_flag_get)
    usart_hardware_flow_cts_config           0x0800f07d   Thumb Code    42  gd32f30x_usart.o(.text.usart_hardware_flow_cts_config)
    usart_hardware_flow_rts_config           0x0800f0a9   Thumb Code    42  gd32f30x_usart.o(.text.usart_hardware_flow_rts_config)
    usart_parity_config                      0x0800f0d5   Thumb Code    30  gd32f30x_usart.o(.text.usart_parity_config)
    usart_receive_config                     0x0800f0f5   Thumb Code    42  gd32f30x_usart.o(.text.usart_receive_config)
    usart_stop_bit_set                       0x0800f121   Thumb Code    30  gd32f30x_usart.o(.text.usart_stop_bit_set)
    usart_transmit_config                    0x0800f141   Thumb Code    42  gd32f30x_usart.o(.text.usart_transmit_config)
    usart_word_length_set                    0x0800f16d   Thumb Code    30  gd32f30x_usart.o(.text.usart_word_length_set)
    __0printf                                0x0800f18d   Thumb Code    22  printfa.o(i.__0printf)
    __1printf                                0x0800f18d   Thumb Code     0  printfa.o(i.__0printf)
    __2printf                                0x0800f18d   Thumb Code     0  printfa.o(i.__0printf)
    __c89printf                              0x0800f18d   Thumb Code     0  printfa.o(i.__0printf)
    printf                                   0x0800f18d   Thumb Code     0  printfa.o(i.__0printf)
    __ARM_fpclassifyf                        0x0800f1ad   Thumb Code    38  fpclassifyf.o(i.__ARM_fpclassifyf)
    __hardfp_cosf                            0x0800f1d5   Thumb Code   280  cosf.o(i.__hardfp_cosf)
    __hardfp_powf                            0x0800f325   Thumb Code  1606  powf.o(i.__hardfp_powf)
    __mathlib_powf                           0x0800f325   Thumb Code     0  powf.o(i.__hardfp_powf)
    __hardfp_roundf                          0x0800f989   Thumb Code   154  roundf.o(i.__hardfp_roundf)
    __hardfp_tanf                            0x0800fa25   Thumb Code   322  tanf.o(i.__hardfp_tanf)
    __mathlib_flt_divzero                    0x0800fba1   Thumb Code    14  funder.o(i.__mathlib_flt_divzero)
    __mathlib_flt_infnan                     0x0800fbb5   Thumb Code     6  funder.o(i.__mathlib_flt_infnan)
    __mathlib_flt_infnan2                    0x0800fbbb   Thumb Code     6  funder.o(i.__mathlib_flt_infnan2)
    __mathlib_flt_invalid                    0x0800fbc1   Thumb Code    10  funder.o(i.__mathlib_flt_invalid)
    __mathlib_flt_overflow                   0x0800fbd1   Thumb Code    10  funder.o(i.__mathlib_flt_overflow)
    __mathlib_flt_underflow                  0x0800fbe1   Thumb Code    10  funder.o(i.__mathlib_flt_underflow)
    __mathlib_rredf2                         0x0800fbf1   Thumb Code   316  rredf.o(i.__mathlib_rredf2)
    __scatterload_copy                       0x0800fd45   Thumb Code    14  handlers.o(i.__scatterload_copy)
    __scatterload_null                       0x0800fd53   Thumb Code     2  handlers.o(i.__scatterload_null)
    __scatterload_zeroinit                   0x0800fd55   Thumb Code    14  handlers.o(i.__scatterload_zeroinit)
    __set_errno                              0x0800fd65   Thumb Code     6  errno.o(i.__set_errno)
    DSP_FIRM0_PRODUCTION                     0x08010784   Data           5  saf775x.o(.rodata.DSP_FIRM0_PRODUCTION)
    DSP_INIT                                 0x08010789   Data          42  saf775x.o(.rodata.DSP_INIT)
    DSP_KEYCODE_PRODUCTION                   0x080107b3   Data          27  saf775x.o(.rodata.DSP_KEYCODE_PRODUCTION)
    EQTitle                                  0x080107ce   Data          36  ui.o(.rodata.EQTitle)
    Font12_Table                             0x080107f2   Data        1330  font12.o(.rodata.Font12_Table)
    Font16_Table                             0x08010d24   Data        1520  font16.o(.rodata.Font16_Table)
    Font20_Table                             0x08011314   Data        2850  font20.o(.rodata.Font20_Table)
    Font24_Table                             0x08011e36   Data        3420  font24.o(.rodata.Font24_Table)
    Font8_Table                              0x08012b92   Data         570  font8.o(.rodata.Font8_Table)
    antTitle                                 0x08012dcc   Data          10  ui.o(.rodata.antTitle)
    atsTitle                                 0x08012dd6   Data          10  ui.o(.rodata.atsTitle)
    audioTitle                               0x08012de0   Data          77  ui.o(.rodata.audioTitle)
    bwTitle                                  0x08012e2d   Data          20  ui.o(.rodata.bwTitle)
    byte2dot                                 0x08012e41   Data           2  lcd.o(.rodata.byte2dot)
    color_page                               0x08012e43   Data           4  lcd.o(.rodata.color_page)
    deemTitle                                0x08012e47   Data          10  ui.o(.rodata.deemTitle)
    fraction_lut                             0x08012e54   Data          24  lcd.o(.rodata.fraction_lut)
    gEQAddr                                  0x08012e6c   Data          36  dirana3basicdsp.o(.rodata.gEQAddr)
    gSAAddr                                  0x08012e90   Data          36  dirana3basicdsp.o(.rodata.gSAAddr)
    img_antenna                              0x08012eb4   Data          64  pic.o(.rodata.img_antenna)
    img_arrowDown12x                         0x08012ef4   Data          78  pic.o(.rodata.img_arrowDown12x)
    img_arrowLeft11x16                       0x08012f42   Data          44  pic.o(.rodata.img_arrowLeft11x16)
    img_arrowRight11x16                      0x08012f6e   Data          44  pic.o(.rodata.img_arrowRight11x16)
    img_arrowUp12x                           0x08012f9a   Data          78  pic.o(.rodata.img_arrowUp12x)
    img_balLeft47x20                         0x08012fe8   Data         235  pic.o(.rodata.img_balLeft47x20)
    img_balRight47x20                        0x080130d3   Data         235  pic.o(.rodata.img_balRight47x20)
    img_bandwidth34x12                       0x080131be   Data         102  pic.o(.rodata.img_bandwidth34x12)
    img_bat                                  0x08013224   Data          64  pic.o(.rodata.img_bat)
    img_bright20x                            0x08013264   Data         100  pic.o(.rodata.img_bright20x)
    img_commonSet20x                         0x080132c8   Data         100  pic.o(.rodata.img_commonSet20x)
    img_contrast20x                          0x0801332c   Data         100  pic.o(.rodata.img_contrast20x)
    img_dbu                                  0x08013390   Data          64  pic.o(.rodata.img_dbu)
    img_dot16x                               0x080133d0   Data           2  pic.o(.rodata.img_dot16x)
    img_dot48x                               0x080133d2   Data          10  pic.o(.rodata.img_dot48x)
    img_filtHP44x44                          0x080133dc   Data         484  pic.o(.rodata.img_filtHP44x44)
    img_filter_am                            0x080135c0   Data        1088  pic.o(.rodata.img_filter_am)
    img_filter_fm                            0x08013a00   Data        1088  pic.o(.rodata.img_filter_fm)
    img_invDisp20x                           0x08013e40   Data         100  pic.o(.rodata.img_invDisp20x)
    img_lightTime20x                         0x08013ea4   Data         100  pic.o(.rodata.img_lightTime20x)
    img_mDisplay50x                          0x08013f08   Data         650  pic.o(.rodata.img_mDisplay50x)
    img_mUntitled50x                         0x08014192   Data         650  pic.o(.rodata.img_mUntitled50x)
    img_num16x                               0x0801441c   Data         352  pic.o(.rodata.img_num16x)
    img_num48x                               0x0801457c   Data        3600  pic.o(.rodata.img_num48x)
    img_percent                              0x0801538c   Data          64  pic.o(.rodata.img_percent)
    img_qrcode                               0x080153cc   Data         451  pic.o(.rodata.img_qrcode)
    img_spk                                  0x0801558f   Data          64  pic.o(.rodata.img_spk)
    img_spkMute                              0x080155cf   Data          64  pic.o(.rodata.img_spkMute)
    img_stereo30x24                          0x0801560f   Data         180  pic.o(.rodata.img_stereo30x24)
    img_unit                                 0x080156c3   Data        1062  pic.o(.rodata.img_unit)
    img_volGain47x20                         0x08015ae9   Data         235  pic.o(.rodata.img_volGain47x20)
    img_volt                                 0x08015bd4   Data          64  pic.o(.rodata.img_volt)
    levTitle                                 0x08015c14   Data          50  ui.o(.rodata.levTitle)
    menuDetail                               0x08015c46   Data         246  ui.o(.rodata.menuDetail)
    menuName                                 0x08015d3c   Data          66  ui.o(.rodata.menuName)
    nBandChMax                               0x08015d7e   Data           4  main.o(.rodata.nBandChMax)
    nBandFMax                                0x08015d82   Data           8  saf775x.o(.rodata.nBandFMax)
    nBandFMin                                0x08015d8a   Data           8  saf775x.o(.rodata.nBandFMin)
    nBandRFMode                              0x08015d92   Data           4  saf775x.o(.rodata.nBandRFMode)
    nBandStepNum                             0x08015d96   Data           4  saf775x.o(.rodata.nBandStepNum)
    nFMATSRegion                             0x08015d9a   Data          16  saf775x.o(.rodata.nFMATSRegion)
    nFastATS                                 0x08015daa   Data          56  saf775x.o(.rodata.nFastATS)
    regionTitle                              0x08015de2   Data          20  ui.o(.rodata.regionTitle)
    slot_xs                                  0x08015df6   Data           4  ui.o(.rodata.slot_xs)
    slot_ys                                  0x08015dfa   Data           4  ui.o(.rodata.slot_ys)
    stepIndi                                 0x08015dfe   Data           5  ui.o(.rodata.stepIndi)
    Region$$Table$$Base                      0x08016380   Number         0  anon$$obj.o(Region$$Table)
    Region$$Table$$Limit                     0x080163a0   Number         0  anon$$obj.o(Region$$Table)
    __stdout                                 0x20000000   Data           4  stdout.o(.data)
    Font12                                   0x20000008   Data           8  font12.o(.data.Font12)
    Font16                                   0x20000010   Data           8  font16.o(.data.Font16)
    Font20                                   0x20000018   Data           8  font20.o(.data.Font20)
    Font24                                   0x20000020   Data           8  font24.o(.data.Font24)
    Font8                                    0x20000028   Data           8  font8.o(.data.Font8)
    lastA1                                   0x20000040   Data           1  main.o(.data.lastA1)
    lastA2                                   0x20000041   Data           1  main.o(.data.lastA2)
    nBandStep                                0x20000042   Data          32  saf775x.o(.data.nBandStep)
    nBandStepATS                             0x20000062   Data           4  saf775x.o(.data.nBandStepATS)
    nowA1                                    0x20000066   Data           1  main.o(.data.nowA1)
    nowA2                                    0x20000067   Data           1  main.o(.data.nowA2)
    sDevice                                  0x20000068   Data          44  main.o(.data.sDevice)
    GroupType                                0x20000098   Data           1  rds.o(.bss.GroupType)
    bFilterSel                               0x200018cc   Data           1  main.o(.bss.bFilterSel)
    bFlagGSA                                 0x200018cd   Data           1  main.o(.bss.bFlagGSA)
    bFlagRDS                                 0x200018ce   Data           1  main.o(.bss.bFlagRDS)
    bFlagRFS                                 0x200018cf   Data           1  main.o(.bss.bFlagRFS)
    bFlagReBoot                              0x200018d0   Data           1  main.o(.bss.bFlagReBoot)
    bMenu                                    0x200018d1   Data           1  main.o(.bss.bMenu)
    bMenuLCD                                 0x200018d2   Data           1  main.o(.bss.bMenuLCD)
    bSeek                                    0x200018d3   Data           1  main.o(.bss.bSeek)
    keyValue                                 0x200018dd   Data           6  main.o(.bss.keyValue)
    lastDET                                  0x200018e3   Data           1  main.o(.bss.lastDET)
    lcode                                    0x200018e4   Data           1  main.o(.bss.lcode)
    nBandCh                                  0x200018e5   Data           4  main.o(.bss.nBandCh)
    nBandChNum                               0x200018e9   Data           4  main.o(.bss.nBandChNum)
    nChannelFreq                             0x200018ee   Data         800  main.o(.bss.nChannelFreq)
    nGsaVal                                  0x20001c0e   Data          11  main.o(.bss.nGsaVal)
    nQPeakDet                                0x20001c1c   Data           4  main.o(.bss.nQPeakDet)
    nowDET                                   0x20001c20   Data           1  main.o(.bss.nowDET)
    rcode                                    0x20001c24   Data           1  main.o(.bss.rcode)
    rds                                      0x20001c28   Data           4  rds.o(.bss.rds)
    sAudioBasic                              0x20001c2c   Data          24  main.o(.bss.sAudioBasic)
    sAudioEQ                                 0x20001c44   Data         108  main.o(.bss.sAudioEQ)
    sAudioFilter                             0x20001cb0   Data         284  main.o(.bss.sAudioFilter)
    sAudioTone                               0x20001dcc   Data          28  main.o(.bss.sAudioTone)
    sDisplay                                 0x20001de8   Data          12  main.o(.bss.sDisplay)
    sRDSBuffer                               0x20001df4   Data          12  main.o(.bss.sRDSBuffer)
    sRDSData                                 0x20001e00   Data          90  main.o(.bss.sRDSData)
    sTuner                                   0x20001e5a   Data          56  main.o(.bss.sTuner)
    sys                                      0x20001e94   Data           4  saf775x.o(.bss.sys)
    sysBC                                    0x20001e98   Data           4  dirana3basicdsp.o(.bss.sysBC)
    sysEQ                                    0x20001e9c   Data           4  dirana3basicdsp.o(.bss.sysEQ)
    sysTone                                  0x20001ea0   Data           4  dirana3basicdsp.o(.bss.sysTone)
    __initial_sp                             0x20002ea8   Data           0  startup_gd32f30x_hd.o(STACK)



==============================================================================

Memory Map of the image

  Image Entry point : 0x08000131

  Load Region LR_IROM1 (Base: 0x08000000, Size: 0x00016438, Max: 0x00040000, ABSOLUTE)

    Execution Region ER_IROM1 (Exec base: 0x08000000, Load base: 0x08000000, Size: 0x000163a0, Max: 0x00040000, ABSOLUTE)

    Exec Addr    Load Addr    Size         Type   Attr      Idx    E Section Name        Object

    0x08000000   0x08000000   0x00000130   Data   RO         1371    RESET               startup_gd32f30x_hd.o
    0x08000130   0x08000130   0x00000000   Code   RO         2197  * .ARM.Collect$$$$00000000  mc_w.l(entry.o)
    0x08000130   0x08000130   0x00000004   Code   RO         2269    .ARM.Collect$$$$00000001  mc_w.l(entry2.o)
    0x08000134   0x08000134   0x00000004   Code   RO         2272    .ARM.Collect$$$$00000004  mc_w.l(entry5.o)
    0x08000138   0x08000138   0x00000000   Code   RO         2274    .ARM.Collect$$$$00000008  mc_w.l(entry7b.o)
    0x08000138   0x08000138   0x00000000   Code   RO         2276    .ARM.Collect$$$$0000000A  mc_w.l(entry8b.o)
    0x08000138   0x08000138   0x00000008   Code   RO         2277    .ARM.Collect$$$$0000000B  mc_w.l(entry9a.o)
    0x08000140   0x08000140   0x00000000   Code   RO         2279    .ARM.Collect$$$$0000000D  mc_w.l(entry10a.o)
    0x08000140   0x08000140   0x00000000   Code   RO         2281    .ARM.Collect$$$$0000000F  mc_w.l(entry11a.o)
    0x08000140   0x08000140   0x00000004   Code   RO         2270    .ARM.Collect$$$$00002712  mc_w.l(entry2.o)
    0x08000144   0x08000144   0x00000024   Code   RO         1372    .text               startup_gd32f30x_hd.o
    0x08000168   0x08000168   0x0000014e   Code   RO         2228    .text               mf_w.l(dadd.o)
    0x080002b6   0x080002b6   0x000000e4   Code   RO         2230    .text               mf_w.l(dmul.o)
    0x0800039a   0x0800039a   0x000000de   Code   RO         2232    .text               mf_w.l(ddiv.o)
    0x08000478   0x08000478   0x00000036   Code   RO         2234    .text               mf_w.l(dcmple.o)
    0x080004ae   0x080004ae   0x00000036   Code   RO         2236    .text               mf_w.l(dcmplt.o)
    0x080004e4   0x080004e4   0x00000036   Code   RO         2238    .text               mf_w.l(dcmpge.o)
    0x0800051a   0x0800051a   0x00000022   Code   RO         2240    .text               mf_w.l(dflti.o)
    0x0800053c   0x0800053c   0x0000001a   Code   RO         2242    .text               mf_w.l(dfltui.o)
    0x08000556   0x08000556   0x0000003e   Code   RO         2244    .text               mf_w.l(dfixi.o)
    0x08000594   0x08000594   0x00000026   Code   RO         2246    .text               mf_w.l(f2d.o)
    0x080005ba   0x080005ba   0x00000038   Code   RO         2248    .text               mf_w.l(d2f.o)
    0x080005f2   0x080005f2   0x0000002c   Code   RO         2293    .text               mc_w.l(uidiv.o)
    0x0800061e   0x0800061e   0x00000062   Code   RO         2295    .text               mc_w.l(uldiv.o)
    0x08000680   0x08000680   0x0000001e   Code   RO         2297    .text               mc_w.l(llshl.o)
    0x0800069e   0x0800069e   0x00000020   Code   RO         2299    .text               mc_w.l(llushr.o)
    0x080006be   0x080006be   0x00000024   Code   RO         2301    .text               mc_w.l(llsshr.o)
    0x080006e2   0x080006e2   0x00000000   Code   RO         2310    .text               mc_w.l(iusefp.o)
    0x080006e2   0x080006e2   0x0000006e   Code   RO         2311    .text               mf_w.l(fepilogue.o)
    0x08000750   0x08000750   0x0000003c   Code   RO         2313    .text               mf_w.l(frnd.o)
    0x0800078c   0x0800078c   0x000000ba   Code   RO         2315    .text               mf_w.l(depilogue.o)
    0x08000846   0x08000846   0x00000030   Code   RO         2317    .text               mf_w.l(dfixul.o)
    0x08000876   0x08000876   0x00000002   PAD
    0x08000878   0x08000878   0x00000030   Code   RO         2319    .text               mf_w.l(cdrcmple.o)
    0x080008a8   0x080008a8   0x00000004   Code   RO         2321    .text               mf_w.l(fpstat.o)
    0x080008ac   0x080008ac   0x00000024   Code   RO         2323    .text               mc_w.l(init.o)
    0x080008d0   0x080008d0   0x0000003c   Code   RO         1514    .text.ADC0_1_IRQHandler  gd32f30x_it.o
    0x0800090c   0x0800090c   0x00000004   PAD
    0x08000910   0x08000910   0x000001f0   Code   RO         1433    .text.ADC_Callback  main.o
    0x08000b00   0x08000b00   0x000000ce   Code   RO         1548    .text.ADC_Init      init.o
    0x08000bce   0x08000bce   0x00000002   PAD
    0x08000bd0   0x08000bd0   0x0000023e   Code   RO         1407    .text.AddChannel    main.o
    0x08000e0e   0x08000e0e   0x00000002   PAD
    0x08000e10   0x08000e10   0x00000046   Code   RO         1393    .text.AdjustFilter  main.o
    0x08000e56   0x08000e56   0x00000002   PAD
    0x08000e58   0x08000e58   0x00000070   Code   RO         1391    .text.AdjustFreq    main.o
    0x08000ec8   0x08000ec8   0x00000062   Code   RO         1389    .text.AdjustVolume  main.o
    0x08000f2a   0x08000f2a   0x00000002   PAD
    0x08000f2c   0x08000f2c   0x0000006a   Code   RO         1747    .text.BootDirana3   saf775x.o
    0x08000f96   0x08000f96   0x00000002   PAD
    0x08000f98   0x08000f98   0x00000004   Code   RO         1498    .text.BusFault_Handler  gd32f30x_it.o
    0x08000f9c   0x08000f9c   0x0000001a   Code   RO         1694    .text.CheckError    rds.o
    0x08000fb6   0x08000fb6   0x00000002   PAD
    0x08000fb8   0x08000fb8   0x0000000e   Code   RO         1698    .text.CheckGroupType  rds.o
    0x08000fc6   0x08000fc6   0x00000002   PAD
    0x08000fc8   0x08000fc8   0x00000010   Code   RO         1696    .text.CheckVersionType  rds.o
    0x08000fd8   0x08000fd8   0x00000044   Code   RO         1675    .text.DAC_GetValue  func.o
    0x0800101c   0x0800101c   0x00000056   Code   RO         1550    .text.DAC_Init      init.o
    0x08001072   0x08001072   0x00000006   PAD
    0x08001078   0x08001078   0x000000c8   Code   RO         1673    .text.DAC_OutVal    func.o
    0x08001140   0x08001140   0x0000002a   Code   RO         1518    .text.DMA0_Channel4_IRQHandler  gd32f30x_it.o
    0x0800116a   0x0800116a   0x00000002   PAD
    0x0800116c   0x0800116c   0x00000078   Code   RO         1745    .text.DSP_WRITE_DATA  saf775x.o
    0x080011e4   0x080011e4   0x00000002   Code   RO         1504    .text.DebugMon_Handler  gd32f30x_it.o
    0x080011e6   0x080011e6   0x00000002   PAD
    0x080011e8   0x080011e8   0x00000062   Code   RO         1714    .text.DecodeRDS     rds.o
    0x0800124a   0x0800124a   0x00000002   PAD
    0x0800124c   0x0800124c   0x00000054   Code   RO         1907    .text.DispContrast  lcd.o
    0x080012a0   0x080012a0   0x00000062   Code   RO         1903    .text.DispFill      lcd.o
    0x08001302   0x08001302   0x00000002   PAD
    0x08001304   0x08001304   0x0000006e   Code   RO         1909    .text.DispGreyLevel  lcd.o
    0x08001372   0x08001372   0x00000002   PAD
    0x08001374   0x08001374   0x00000032   Code   RO         1911    .text.DispInverse   lcd.o
    0x080013a6   0x080013a6   0x00000002   PAD
    0x080013a8   0x080013a8   0x00000028   Code   RO         1913    .text.DispPixelOn   lcd.o
    0x080013d0   0x080013d0   0x00000042   Code   RO         2016    .text.EasyProgramUpdateCoeff  dirana3basicdsp.o
    0x08001412   0x08001412   0x00000002   PAD
    0x08001414   0x08001414   0x00000050   Code   RO         1692    .text.FillStr       rds.o
    0x08001464   0x08001464   0x0000005a   Code   RO         1688    .text.FindMin       rds.o
    0x080014be   0x080014be   0x00000002   PAD
    0x080014c0   0x080014c0   0x000000fe   Code   RO         1544    .text.GPIO_Init     init.o
    0x080015be   0x080015be   0x00000002   PAD
    0x080015c0   0x080015c0   0x000000ca   Code   RO         1887    .text.GUI_Char      lcd.o
    0x0800168a   0x0800168a   0x00000002   PAD
    0x0800168c   0x0800168c   0x0000006e   Code   RO         1875    .text.GUI_ClearBuff  lcd.o
    0x080016fa   0x080016fa   0x00000002   PAD
    0x080016fc   0x080016fc   0x000001d0   Code   RO         1885    .text.GUI_DrawBuff_Dot  lcd.o
    0x080018cc   0x080018cc   0x000000b4   Code   RO         1883    .text.GUI_DrawBuff_Origin  lcd.o
    0x08001980   0x08001980   0x0000006e   Code   RO         1877    .text.GUI_DrawDot   lcd.o
    0x080019ee   0x080019ee   0x00000002   PAD
    0x080019f0   0x080019f0   0x000001e8   Code   RO         1881    .text.GUI_FillBuff  lcd.o
    0x08001bd8   0x08001bd8   0x000000a6   Code   RO         1879    .text.GUI_FillBuff_Origin  lcd.o
    0x08001c7e   0x08001c7e   0x00000002   PAD
    0x08001c80   0x08001c80   0x000001be   Code   RO         1895    .text.GUI_Float     lcd.o
    0x08001e3e   0x08001e3e   0x00000002   PAD
    0x08001e40   0x08001e40   0x000000ee   Code   RO         1897    .text.GUI_Line_VH   lcd.o
    0x08001f2e   0x08001f2e   0x00000002   PAD
    0x08001f30   0x08001f30   0x0000022c   Code   RO         1893    .text.GUI_Number    lcd.o
    0x0800215c   0x0800215c   0x000000ce   Code   RO         1901    .text.GUI_Rectangle  lcd.o
    0x0800222a   0x0800222a   0x00000002   PAD
    0x0800222c   0x0800222c   0x000000f8   Code   RO         1599    .text.GUI_SeekALL   ui.o
    0x08002324   0x08002324   0x00000164   Code   RO         1889    .text.GUI_Text      lcd.o
    0x08002488   0x08002488   0x00000068   Code   RO         1679    .text.GetMCUInfo    func.o
    0x080024f0   0x080024f0   0x000000bc   Code   RO         1753    .text.GetRDS        saf775x.o
    0x080025ac   0x080025ac   0x000000a8   Code   RO         1749    .text.GetStatus     saf775x.o
    0x08002654   0x08002654   0x0000008c   Code   RO         1741    .text.Get_ADSP      saf775x.o
    0x080026e0   0x080026e0   0x00000074   Code   RO         1735    .text.Get_REG       saf775x.o
    0x08002754   0x08002754   0x000001de   Code   RO         1405    .text.GoChannel     main.o
    0x08002932   0x08002932   0x00000002   PAD
    0x08002934   0x08002934   0x00000004   Code   RO         1494    .text.HardFault_Handler  gd32f30x_it.o
    0x08002938   0x08002938   0x0000003a   Code   RO         1832    .text.I2C_Delay     iic_sw.o
    0x08002972   0x08002972   0x00000002   PAD
    0x08002974   0x08002974   0x00000002   Code   RO         1552    .text.I2C_Init      init.o
    0x08002976   0x08002976   0x00000002   PAD
    0x08002978   0x08002978   0x000000fc   Code   RO         1840    .text.I2C_ReadByte  iic_sw.o
    0x08002a74   0x08002a74   0x0000003c   Code   RO         1836    .text.I2C_Restart   iic_sw.o
    0x08002ab0   0x08002ab0   0x0000002e   Code   RO         1830    .text.I2C_Start     iic_sw.o
    0x08002ade   0x08002ade   0x00000002   PAD
    0x08002ae0   0x08002ae0   0x0000003e   Code   RO         1838    .text.I2C_Stop      iic_sw.o
    0x08002b1e   0x08002b1e   0x00000002   PAD
    0x08002b20   0x08002b20   0x00000052   Code   RO         1844    .text.I2C_Transmit  iic_sw.o
    0x08002b72   0x08002b72   0x00000002   PAD
    0x08002b74   0x08002b74   0x000000d8   Code   RO         1834    .text.I2C_WriteByte  iic_sw.o
    0x08002c4c   0x08002c4c   0x00000064   Code   RO         1563    .text.Judge_length  ui.o
    0x08002cb0   0x08002cb0   0x0000012c   Code   RO         1431    .text.KEY_Handler   main.o
    0x08002ddc   0x08002ddc   0x00000130   Code   RO         1925    .text.LCD_Init      lcd.o
    0x08002f0c   0x08002f0c   0x000000b2   Code   RO         1921    .text.LCD_SPI_Init  lcd.o
    0x08002fbe   0x08002fbe   0x00000002   PAD
    0x08002fc0   0x08002fc0   0x00000048   Code   RO         1923    .text.LCD_StructInit  lcd.o
    0x08003008   0x08003008   0x00000004   Code   RO         1496    .text.MemManage_Handler  gd32f30x_it.o
    0x0800300c   0x0800300c   0x00000028   Code   RO         1423    .text.MenuAbout     main.o
    0x08003034   0x08003034   0x00000004   PAD
    0x08003038   0x08003038   0x000005f8   Code   RO         1413    .text.MenuAudio     main.o
    0x08003630   0x08003630   0x00000458   Code   RO         1419    .text.MenuDevice    main.o
    0x08003a88   0x08003a88   0x0000027a   Code   RO         1411    .text.MenuDisplay   main.o
    0x08003d02   0x08003d02   0x00000002   PAD
    0x08003d04   0x08003d04   0x00000112   Code   RO         1425    .text.MenuMain      main.o
    0x08003e16   0x08003e16   0x00000002   PAD
    0x08003e18   0x08003e18   0x00000376   Code   RO         1415    .text.MenuRadio     main.o
    0x0800418e   0x0800418e   0x00000002   PAD
    0x08004190   0x08004190   0x0000020e   Code   RO         1417    .text.MenuSearch    main.o
    0x0800439e   0x0800439e   0x00000002   PAD
    0x080043a0   0x080043a0   0x00000002   Code   RO         1492    .text.NMI_Handler   gd32f30x_it.o
    0x080043a2   0x080043a2   0x00000002   PAD
    0x080043a4   0x080043a4   0x00000024   Code   RO         1421    .text.NVIC_SystemReset  main.o
    0x080043c8   0x080043c8   0x00000002   Code   RO         1506    .text.PendSV_Handler  gd32f30x_it.o
    0x080043ca   0x080043ca   0x00000002   PAD
    0x080043cc   0x080043cc   0x00000074   Code   RO         1700    .text.RDS_Init      rds.o
    0x08004440   0x08004440   0x000000b2   Code   RO         1435    .text.RTC_Callback  main.o
    0x080044f2   0x080044f2   0x00000002   PAD
    0x080044f4   0x080044f4   0x00000054   Code   RO         1516    .text.RTC_IRQHandler  gd32f30x_it.o
    0x08004548   0x08004548   0x0000006c   Code   RO         2123    .text.RTC_Init      rtc.o
    0x080045b4   0x080045b4   0x000000e2   Code   RO         1704    .text.ReadPI        rds.o
    0x08004696   0x08004696   0x00000002   PAD
    0x08004698   0x08004698   0x000000c2   Code   RO         1708    .text.ReadPS        rds.o
    0x0800475a   0x0800475a   0x00000002   PAD
    0x0800475c   0x0800475c   0x000001e0   Code   RO         1710    .text.ReadRT        rds.o
    0x0800493c   0x0800493c   0x00000002   Code   RO         1502    .text.SVC_Handler   gd32f30x_it.o
    0x0800493e   0x0800493e   0x00000002   PAD
    0x08004940   0x08004940   0x0000006c   Code   RO         1542    .text.SYS_Init      init.o
    0x080049ac   0x080049ac   0x0000049c   Code   RO         1403    .text.SearchAllCH   main.o
    0x08004e48   0x08004e48   0x00000196   Code   RO         1401    .text.SearchCH      main.o
    0x08004fde   0x08004fde   0x00000002   PAD
    0x08004fe0   0x08004fe0   0x00000030   Code   RO         1771    .text.SetFMAntenna  saf775x.o
    0x08005010   0x08005010   0x0000003c   Code   RO         1783    .text.SetFMChannelEqualizer  saf775x.o
    0x0800504c   0x0800504c   0x00000026   Code   RO         1781    .text.SetFMClickNoiseSuppression  saf775x.o
    0x08005072   0x08005072   0x00000002   PAD
    0x08005074   0x08005074   0x00000022   Code   RO         1793    .text.SetFMDeemphasis  saf775x.o
    0x08005096   0x08005096   0x00000002   PAD
    0x08005098   0x08005098   0x0000003c   Code   RO         1791    .text.SetFMStereoImprovement  saf775x.o
    0x080050d4   0x080050d4   0x00000026   Code   RO         1779    .text.SetFMiMultipathSuppression  saf775x.o
    0x080050fa   0x080050fa   0x00000002   PAD
    0x080050fc   0x080050fc   0x0000003c   Code   RO         1773    .text.SetFMiPhaseDiversity  saf775x.o
    0x08005138   0x08005138   0x00000034   Code   RO         1763    .text.SetFilter     saf775x.o
    0x0800516c   0x0800516c   0x00000072   Code   RO         1757    .text.SetMute       saf775x.o
    0x080051de   0x080051de   0x00000002   PAD
    0x080051e0   0x080051e0   0x0000004c   Code   RO         1799    .text.SetRadioAutoBW  saf775x.o
    0x0800522c   0x0800522c   0x00000130   Code   RO         1777    .text.SetRadioDSP   saf775x.o
    0x0800535c   0x0800535c   0x000000a8   Code   RO         1789    .text.SetRadioSignal  saf775x.o
    0x08005404   0x08005404   0x00000038   Code   RO         1761    .text.SetTuner      saf775x.o
    0x0800543c   0x0800543c   0x00000120   Code   RO         1767    .text.SetTunerOPT   saf775x.o
    0x0800555c   0x0800555c   0x00000004   PAD
    0x08005560   0x08005560   0x00000120   Code   RO         1755    .text.SetVolume     saf775x.o
    0x08005680   0x08005680   0x00000066   Code   RO         1737    .text.Set_ADSP      saf775x.o
    0x080056e6   0x080056e6   0x00000002   PAD
    0x080056e8   0x080056e8   0x000000b2   Code   RO         1739    .text.Set_ADSP_multi  saf775x.o
    0x0800579a   0x0800579a   0x00000002   PAD
    0x0800579c   0x0800579c   0x00000054   Code   RO         1731    .text.Set_REG       saf775x.o
    0x080057f0   0x080057f0   0x00000054   Code   RO         1733    .text.Set_REGFree   saf775x.o
    0x08005844   0x08005844   0x00000078   Code   RO         1803    .text.SwitchBand    saf775x.o
    0x080058bc   0x080058bc   0x00000002   Code   RO         1508    .text.SysTick_Handler  gd32f30x_it.o
    0x080058be   0x080058be   0x00000002   PAD
    0x080058c0   0x080058c0   0x000000e0   Code   RO         1353    .text.SystemInit    system_gd32f30x.o
    0x080059a0   0x080059a0   0x0000001e   Code   RO         1510    .text.TIMER5_IRQHandler  gd32f30x_it.o
    0x080059be   0x080059be   0x00000002   PAD
    0x080059c0   0x080059c0   0x0000001e   Code   RO         1512    .text.TIMER6_IRQHandler  gd32f30x_it.o
    0x080059de   0x080059de   0x00000002   PAD
    0x080059e0   0x080059e0   0x00000410   Code   RO         1429    .text.TIM_Callback  main.o
    0x08005df0   0x08005df0   0x000000fe   Code   RO         1546    .text.Timer_Init    init.o
    0x08005eee   0x08005eee   0x00000002   PAD
    0x08005ef0   0x08005ef0   0x0000005c   Code   RO         1759    .text.TuneFreq      saf775x.o
    0x08005f4c   0x08005f4c   0x00000040   Code   RO         1807    .text.TunerInit     saf775x.o
    0x08005f8c   0x08005f8c   0x00000130   Code   RO         1805    .text.TunerStructInit  saf775x.o
    0x080060bc   0x080060bc   0x00000074   Code   RO         1615    .text.UI_About      ui.o
    0x08006130   0x08006130   0x00000522   Code   RO         1607    .text.UI_Audio      ui.o
    0x08006652   0x08006652   0x00000002   PAD
    0x08006654   0x08006654   0x000003f4   Code   RO         1613    .text.UI_Device     ui.o
    0x08006a48   0x08006a48   0x0000033e   Code   RO         1605    .text.UI_Display    ui.o
    0x08006d86   0x08006d86   0x00000002   PAD
    0x08006d88   0x08006d88   0x000000de   Code   RO         1581    .text.UI_DrawCheckBox  ui.o
    0x08006e66   0x08006e66   0x00000002   PAD
    0x08006e68   0x08006e68   0x00000056   Code   RO         1593    .text.UI_DrawEq     ui.o
    0x08006ebe   0x08006ebe   0x00000002   PAD
    0x08006ec0   0x08006ec0   0x000002cc   Code   RO         1591    .text.UI_DrawEqBand  ui.o
    0x0800718c   0x0800718c   0x000000ca   Code   RO         1579    .text.UI_DrawFloat  ui.o
    0x08007256   0x08007256   0x00000002   PAD
    0x08007258   0x08007258   0x0000008c   Code   RO         1587    .text.UI_DrawOneGSA  ui.o
    0x080072e4   0x080072e4   0x000000f2   Code   RO         1571    .text.UI_DrawScrollBar  ui.o
    0x080073d6   0x080073d6   0x00000002   PAD
    0x080073d8   0x080073d8   0x0000007c   Code   RO         1573    .text.UI_DrawSelectBar  ui.o
    0x08007454   0x08007454   0x00000118   Code   RO         1585    .text.UI_DrawTextBox  ui.o
    0x0800756c   0x0800756c   0x000000a6   Code   RO         1597    .text.UI_DrawTone   ui.o
    0x08007612   0x08007612   0x00000002   PAD
    0x08007614   0x08007614   0x00000060   Code   RO         1595    .text.UI_DrawToneBar  ui.o
    0x08007674   0x08007674   0x00000004   PAD
    0x08007678   0x08007678   0x00000120   Code   RO         1589    .text.UI_DrawVU     ui.o
    0x08007798   0x08007798   0x000000be   Code   RO         1577    .text.UI_DrawValue  ui.o
    0x08007856   0x08007856   0x00000002   PAD
    0x08007858   0x08007858   0x0000014e   Code   RO         1583    .text.UI_DrawValueBox  ui.o
    0x080079a6   0x080079a6   0x00000002   PAD
    0x080079a8   0x080079a8   0x00000bc6   Code   RO         1601    .text.UI_Main       ui.o
    0x0800856e   0x0800856e   0x00000002   PAD
    0x08008570   0x08008570   0x00000278   Code   RO         1603    .text.UI_Menu       ui.o
    0x080087e8   0x080087e8   0x0000058e   Code   RO         1609    .text.UI_Radio      ui.o
    0x08008d76   0x08008d76   0x00000002   PAD
    0x08008d78   0x08008d78   0x000002b6   Code   RO         1611    .text.UI_Search     ui.o
    0x0800902e   0x0800902e   0x00000002   PAD
    0x08009030   0x08009030   0x00000060   Code   RO         1554    .text.USART_Init    init.o
    0x08009090   0x08009090   0x00000004   Code   RO         1500    .text.UsageFault_Handler  gd32f30x_it.o
    0x08009094   0x08009094   0x00000086   Code   RO         1397    .text.VolumeHandler  main.o
    0x0800911a   0x0800911a   0x00000002   PAD
    0x0800911c   0x0800911c   0x00000026   Code   RO         1743    .text.WaitBusy      saf775x.o
    0x08009142   0x08009142   0x00000002   PAD
    0x08009144   0x08009144   0x0000001c   Code   RO         2014    .text.WaitEasyProgram  dirana3basicdsp.o
    0x08009160   0x08009160   0x0000003c   Code   RO            8    .text.adc_calibration_enable  gd32f30x_adc.o
    0x0800919c   0x0800919c   0x0000006e   Code   RO           28    .text.adc_channel_length_config  gd32f30x_adc.o
    0x0800920a   0x0800920a   0x00000002   PAD
    0x0800920c   0x0800920c   0x00000028   Code   RO           26    .text.adc_data_alignment_config  gd32f30x_adc.o
    0x08009234   0x08009234   0x00000074   Code   RO            2    .text.adc_deinit    gd32f30x_adc.o
    0x080092a8   0x080092a8   0x0000001e   Code   RO            4    .text.adc_enable    gd32f30x_adc.o
    0x080092c6   0x080092c6   0x00000002   PAD
    0x080092c8   0x080092c8   0x00000078   Code   RO           36    .text.adc_external_trigger_config  gd32f30x_adc.o
    0x08009340   0x08009340   0x00000052   Code   RO           38    .text.adc_external_trigger_source_config  gd32f30x_adc.o
    0x08009392   0x08009392   0x00000002   PAD
    0x08009394   0x08009394   0x000000f0   Code   RO           32    .text.adc_inserted_channel_config  gd32f30x_adc.o
    0x08009484   0x08009484   0x0000004c   Code   RO           44    .text.adc_inserted_data_read  gd32f30x_adc.o
    0x080094d0   0x080094d0   0x00000050   Code   RO           56    .text.adc_interrupt_enable  gd32f30x_adc.o
    0x08009520   0x08009520   0x00000014   Code   RO           54    .text.adc_interrupt_flag_clear  gd32f30x_adc.o
    0x08009534   0x08009534   0x000000a2   Code   RO           52    .text.adc_interrupt_flag_get  gd32f30x_adc.o
    0x080095d6   0x080095d6   0x00000002   PAD
    0x080095d8   0x080095d8   0x00000020   Code   RO           22    .text.adc_mode_config  gd32f30x_adc.o
    0x080095f8   0x080095f8   0x00000174   Code   RO           30    .text.adc_regular_channel_config  gd32f30x_adc.o
    0x0800976c   0x0800976c   0x0000000e   Code   RO           42    .text.adc_regular_data_read  gd32f30x_adc.o
    0x0800977a   0x0800977a   0x00000002   PAD
    0x0800977c   0x0800977c   0x0000003a   Code   RO           40    .text.adc_software_trigger_enable  gd32f30x_adc.o
    0x080097b6   0x080097b6   0x00000002   PAD
    0x080097b8   0x080097b8   0x000000a6   Code   RO           24    .text.adc_special_function_config  gd32f30x_adc.o
    0x0800985e   0x0800985e   0x00000002   PAD
    0x08009860   0x08009860   0x0000000c   Code   RO           81    .text.bkp_deinit    gd32f30x_bkp.o
    0x0800986c   0x0800986c   0x0000006c   Code   RO           85    .text.bkp_read_data  gd32f30x_bkp.o
    0x080098d8   0x080098d8   0x00000066   Code   RO           83    .text.bkp_write_data  gd32f30x_bkp.o
    0x0800993e   0x0800993e   0x00000002   PAD
    0x08009940   0x08009940   0x000000ac   Code   RO          273    .text.dac_data_set  gd32f30x_dac.o
    0x080099ec   0x080099ec   0x00000018   Code   RO          257    .text.dac_deinit    gd32f30x_dac.o
    0x08009a04   0x08009a04   0x00000032   Code   RO          261    .text.dac_disable   gd32f30x_dac.o
    0x08009a36   0x08009a36   0x00000002   PAD
    0x08009a38   0x08009a38   0x00000032   Code   RO          259    .text.dac_enable    gd32f30x_dac.o
    0x08009a6a   0x08009a6a   0x00000002   PAD
    0x08009a6c   0x08009a6c   0x00000032   Code   RO          269    .text.dac_output_buffer_disable  gd32f30x_dac.o
    0x08009a9e   0x08009a9e   0x00000002   PAD
    0x08009aa0   0x08009aa0   0x00000038   Code   RO          271    .text.dac_output_value_get  gd32f30x_dac.o
    0x08009ad8   0x08009ad8   0x00000032   Code   RO          281    .text.dac_software_trigger_enable  gd32f30x_dac.o
    0x08009b0a   0x08009b0a   0x00000002   PAD
    0x08009b0c   0x08009b0c   0x00000032   Code   RO          275    .text.dac_trigger_enable  gd32f30x_dac.o
    0x08009b3e   0x08009b3e   0x00000002   PAD
    0x08009b40   0x08009b40   0x00000046   Code   RO          279    .text.dac_trigger_source_config  gd32f30x_dac.o
    0x08009b86   0x08009b86   0x00000002   PAD
    0x08009b88   0x08009b88   0x00000046   Code   RO          285    .text.dac_wave_mode_config  gd32f30x_dac.o
    0x08009bce   0x08009bce   0x00000002   PAD
    0x08009bd0   0x08009bd0   0x00000168   Code   RO         2028    .text.dataConv      dirana3basicdsp.o
    0x08009d38   0x08009d38   0x00000098   Code   RO         1531    .text.delay_ms      systick.o
    0x08009dd0   0x08009dd0   0x00000098   Code   RO         1529    .text.delay_us      systick.o
    0x08009e68   0x08009e68   0x00000036   Code   RO          355    .text.dma_channel_disable  gd32f30x_dma.o
    0x08009e9e   0x08009e9e   0x00000002   PAD
    0x08009ea0   0x08009ea0   0x00000036   Code   RO          353    .text.dma_channel_enable  gd32f30x_dma.o
    0x08009ed6   0x08009ed6   0x00000002   PAD
    0x08009ed8   0x08009ed8   0x00000036   Code   RO          347    .text.dma_circulation_disable  gd32f30x_dma.o
    0x08009f0e   0x08009f0e   0x00000002   PAD
    0x08009f10   0x08009f10   0x0000008c   Code   RO          337    .text.dma_deinit    gd32f30x_dma.o
    0x08009f9c   0x08009f9c   0x00000148   Code   RO          343    .text.dma_init      gd32f30x_dma.o
    0x0800a0e4   0x0800a0e4   0x00000038   Code   RO          389    .text.dma_interrupt_enable  gd32f30x_dma.o
    0x0800a11c   0x0800a11c   0x00000022   Code   RO          387    .text.dma_interrupt_flag_clear  gd32f30x_dma.o
    0x0800a13e   0x0800a13e   0x00000002   PAD
    0x0800a140   0x0800a140   0x000000d0   Code   RO          385    .text.dma_interrupt_flag_get  gd32f30x_dma.o
    0x0800a210   0x0800a210   0x00000034   Code   RO          359    .text.dma_memory_address_config  gd32f30x_dma.o
    0x0800a244   0x0800a244   0x00000036   Code   RO          351    .text.dma_memory_to_memory_disable  gd32f30x_dma.o
    0x0800a27a   0x0800a27a   0x00000002   PAD
    0x0800a27c   0x0800a27c   0x0000003a   Code   RO          339    .text.dma_periph_and_channel_check  gd32f30x_dma.o
    0x0800a2b6   0x0800a2b6   0x00000002   PAD
    0x0800a2b8   0x0800a2b8   0x00000038   Code   RO          341    .text.dma_struct_para_init  gd32f30x_dma.o
    0x0800a2f0   0x0800a2f0   0x00000036   Code   RO          361    .text.dma_transfer_number_config  gd32f30x_dma.o
    0x0800a326   0x0800a326   0x00000002   PAD
    0x0800a328   0x0800a328   0x00000110   Code   RO         1998    .text.flash_erase   flash.o
    0x0800a438   0x0800a438   0x00000020   Code   RO         2004    .text.flash_init    flash.o
    0x0800a458   0x0800a458   0x00000046   Code   RO         1986    .text.flash_power   flash.o
    0x0800a49e   0x0800a49e   0x00000002   PAD
    0x0800a4a0   0x0800a4a0   0x00000094   Code   RO         1996    .text.flash_program  flash.o
    0x0800a534   0x0800a534   0x00000088   Code   RO         1994    .text.flash_program_page  flash.o
    0x0800a5bc   0x0800a5bc   0x00000076   Code   RO         1992    .text.flash_read    flash.o
    0x0800a632   0x0800a632   0x00000002   PAD
    0x0800a634   0x0800a634   0x0000006e   Code   RO         1990    .text.flash_readID  flash.o
    0x0800a6a2   0x0800a6a2   0x00000002   PAD
    0x0800a6a4   0x0800a6a4   0x0000003e   Code   RO         1980    .text.flash_readStatueReg  flash.o
    0x0800a6e2   0x0800a6e2   0x00000002   PAD
    0x0800a6e4   0x0800a6e4   0x00000056   Code   RO         1978    .text.flash_readWriteByte  flash.o
    0x0800a73a   0x0800a73a   0x00000002   PAD
    0x0800a73c   0x0800a73c   0x000000b6   Code   RO         2002    .text.flash_spi_init  flash.o
    0x0800a7f2   0x0800a7f2   0x00000002   PAD
    0x0800a7f4   0x0800a7f4   0x0000003e   Code   RO         1988    .text.flash_waitBusy  flash.o
    0x0800a832   0x0800a832   0x00000002   PAD
    0x0800a834   0x0800a834   0x00000040   Code   RO         1984    .text.flash_writeEnable  flash.o
    0x0800a874   0x0800a874   0x00000036   Code   RO         1387    .text.flushKey      main.o
    0x0800a8aa   0x0800a8aa   0x00000002   PAD
    0x0800a8ac   0x0800a8ac   0x00000034   Code   RO         1437    .text.fputc         main.o
    0x0800a8e0   0x0800a8e0   0x00000010   Code   RO         2082    .text.getQPDAverPeak  dirana3basicdsp.o
    0x0800a8f0   0x0800a8f0   0x00000010   Code   RO          595    .text.gpio_bit_reset  gd32f30x_gpio.o
    0x0800a900   0x0800a900   0x00000010   Code   RO          593    .text.gpio_bit_set  gd32f30x_gpio.o
    0x0800a910   0x0800a910   0x00000026   Code   RO          597    .text.gpio_bit_write  gd32f30x_gpio.o
    0x0800a936   0x0800a936   0x00000002   PAD
    0x0800a938   0x0800a938   0x00000184   Code   RO          591    .text.gpio_init     gd32f30x_gpio.o
    0x0800aabc   0x0800aabc   0x0000002a   Code   RO          601    .text.gpio_input_bit_get  gd32f30x_gpio.o
    0x0800aae6   0x0800aae6   0x00000002   PAD
    0x0800aae8   0x0800aae8   0x000000fa   Code   RO          609    .text.gpio_pin_remap_config  gd32f30x_gpio.o
    0x0800abe2   0x0800abe2   0x00000002   PAD
    0x0800abe4   0x0800abe4   0x00000052   Code   RO         1661    .text.inRangeFloat  func.o
    0x0800ac36   0x0800ac36   0x00000002   PAD
    0x0800ac38   0x0800ac38   0x00000036   Code   RO         1663    .text.inRangeInt    func.o
    0x0800ac6e   0x0800ac6e   0x00000002   PAD
    0x0800ac70   0x0800ac70   0x0000003a   Code   RO         1665    .text.inRangeLoop   func.o
    0x0800acaa   0x0800acaa   0x00000002   PAD
    0x0800acac   0x0800acac   0x0000005c   Code   RO         2024    .text.initBasicControl  dirana3basicdsp.o
    0x0800ad08   0x0800ad08   0x0000013e   Code   RO         2048    .text.initGraphicEQ  dirana3basicdsp.o
    0x0800ae46   0x0800ae46   0x00000002   PAD
    0x0800ae48   0x0800ae48   0x0000050c   Code   RO         2070    .text.initGraphicSA  dirana3basicdsp.o
    0x0800b354   0x0800b354   0x0000012c   Code   RO         2068    .text.initGraphicSApara  dirana3basicdsp.o
    0x0800b480   0x0800b480   0x000001d4   Code   RO         2076    .text.initQPD       dirana3basicdsp.o
    0x0800b654   0x0800b654   0x00000034   Code   RO         2074    .text.initQPDpara   dirana3basicdsp.o
    0x0800b688   0x0800b688   0x000000d4   Code   RO         2038    .text.initSignalScaler  dirana3basicdsp.o
    0x0800b75c   0x0800b75c   0x00000112   Code   RO         2042    .text.initTone      dirana3basicdsp.o
    0x0800b86e   0x0800b86e   0x00000002   PAD
    0x0800b870   0x0800b870   0x00000306   Code   RO         1399    .text.isSigOK       main.o
    0x0800bb76   0x0800bb76   0x00000002   PAD
    0x0800bb78   0x0800bb78   0x0000004a   Code   RO         1871    .text.lcd_dma_callback  lcd.o
    0x0800bbc2   0x0800bbc2   0x00000002   PAD
    0x0800bbc4   0x0800bbc4   0x000000a0   Code   RO         1867    .text.lcd_dma_init  lcd.o
    0x0800bc64   0x0800bc64   0x00000032   Code   RO         1863    .text.lcd_set_cursor  lcd.o
    0x0800bc96   0x0800bc96   0x00000002   PAD
    0x0800bc98   0x0800bc98   0x00000048   Code   RO         1865    .text.lcd_set_window  lcd.o
    0x0800bce0   0x0800bce0   0x00000098   Code   RO         1869    .text.lcd_update    lcd.o
    0x0800bd78   0x0800bd78   0x0000011c   Code   RO         1857    .text.lcd_write_cmd  lcd.o
    0x0800be94   0x0800be94   0x000000be   Code   RO         1861    .text.lcd_write_multi_repeat  lcd.o
    0x0800bf52   0x0800bf52   0x00000002   PAD
    0x0800bf54   0x0800bf54   0x0000001a   Code   RO         2022    .text.lineDriverMode  dirana3basicdsp.o
    0x0800bf6e   0x0800bf6e   0x00000002   PAD
    0x0800bf70   0x0800bf70   0x00000760   Code   RO         1427    .text.main          main.o
    0x0800c6d0   0x0800c6d0   0x00000022   Code   RO         2098    .text.min           dirana3basicdsp.o
    0x0800c6f2   0x0800c6f2   0x00000002   PAD
    0x0800c6f4   0x0800c6f4   0x0000007a   Code   RO         1565    .text.num2str       ui.o
    0x0800c76e   0x0800c76e   0x00000002   PAD
    0x0800c770   0x0800c770   0x0000012a   Code   RO          703    .text.nvic_irq_enable  gd32f30x_misc.o
    0x0800c89a   0x0800c89a   0x00000002   PAD
    0x0800c89c   0x0800c89c   0x0000001c   Code   RO          701    .text.nvic_priority_group_set  gd32f30x_misc.o
    0x0800c8b8   0x0800c8b8   0x00000012   Code   RO          752    .text.pmu_backup_write_enable  gd32f30x_pmu.o
    0x0800c8ca   0x0800c8ca   0x00000002   PAD
    0x0800c8cc   0x0800c8cc   0x000000b4   Code   RO          808    .text.rcu_adc_clock_config  gd32f30x_rcu.o
    0x0800c980   0x0800c980   0x00000012   Code   RO          788    .text.rcu_bkp_reset_disable  gd32f30x_rcu.o
    0x0800c992   0x0800c992   0x00000002   PAD
    0x0800c994   0x0800c994   0x00000012   Code   RO          786    .text.rcu_bkp_reset_enable  gd32f30x_rcu.o
    0x0800c9a6   0x0800c9a6   0x00000002   PAD
    0x0800c9a8   0x0800c9a8   0x000001ee   Code   RO          836    .text.rcu_clock_freq_get  gd32f30x_rcu.o
    0x0800cb96   0x0800cb96   0x00000002   PAD
    0x0800cb98   0x0800cb98   0x0000003e   Code   RO          818    .text.rcu_flag_get  gd32f30x_rcu.o
    0x0800cbd6   0x0800cbd6   0x00000002   PAD
    0x0800cbd8   0x0800cbd8   0x00000028   Code   RO          820    .text.rcu_osci_on   gd32f30x_rcu.o
    0x0800cc00   0x0800cc00   0x0000023e   Code   RO          772    .text.rcu_osci_stab_wait  gd32f30x_rcu.o
    0x0800ce3e   0x0800ce3e   0x00000002   PAD
    0x0800ce40   0x0800ce40   0x00000028   Code   RO          774    .text.rcu_periph_clock_enable  gd32f30x_rcu.o
    0x0800ce68   0x0800ce68   0x00000028   Code   RO          784    .text.rcu_periph_reset_disable  gd32f30x_rcu.o
    0x0800ce90   0x0800ce90   0x00000028   Code   RO          782    .text.rcu_periph_reset_enable  gd32f30x_rcu.o
    0x0800ceb8   0x0800ceb8   0x00000024   Code   RO          812    .text.rcu_rtc_clock_config  gd32f30x_rcu.o
    0x0800cedc   0x0800cedc   0x0000008e   Code   RO         1385    .text.readChannels  main.o
    0x0800cf6a   0x0800cf6a   0x00000002   PAD
    0x0800cf6c   0x0800cf6c   0x000000ce   Code   RO         1381    .text.readSettings  main.o
    0x0800d03a   0x0800d03a   0x00000002   PAD
    0x0800d03c   0x0800d03c   0x0000002e   Code   RO          875    .text.rtc_alarm_config  gd32f30x_rtc.o
    0x0800d06a   0x0800d06a   0x00000002   PAD
    0x0800d06c   0x0800d06c   0x00000012   Code   RO          861    .text.rtc_configuration_mode_enter  gd32f30x_rtc.o
    0x0800d07e   0x0800d07e   0x00000002   PAD
    0x0800d080   0x0800d080   0x00000012   Code   RO          863    .text.rtc_configuration_mode_exit  gd32f30x_rtc.o
    0x0800d092   0x0800d092   0x00000002   PAD
    0x0800d094   0x0800d094   0x0000002a   Code   RO          869    .text.rtc_counter_get  gd32f30x_rtc.o
    0x0800d0be   0x0800d0be   0x00000002   PAD
    0x0800d0c0   0x0800d0c0   0x0000002e   Code   RO          871    .text.rtc_counter_set  gd32f30x_rtc.o
    0x0800d0ee   0x0800d0ee   0x00000002   PAD
    0x0800d0f0   0x0800d0f0   0x00000018   Code   RO          881    .text.rtc_flag_clear  gd32f30x_rtc.o
    0x0800d108   0x0800d108   0x0000002e   Code   RO          879    .text.rtc_flag_get  gd32f30x_rtc.o
    0x0800d136   0x0800d136   0x00000002   PAD
    0x0800d138   0x0800d138   0x0000001c   Code   RO         2117    .text.rtc_get_time  rtc.o
    0x0800d154   0x0800d154   0x00000018   Code   RO          857    .text.rtc_interrupt_enable  gd32f30x_rtc.o
    0x0800d16c   0x0800d16c   0x00000018   Code   RO          865    .text.rtc_lwoff_wait  gd32f30x_rtc.o
    0x0800d184   0x0800d184   0x00000030   Code   RO          873    .text.rtc_prescaler_set  gd32f30x_rtc.o
    0x0800d1b4   0x0800d1b4   0x00000028   Code   RO          867    .text.rtc_register_sync_wait  gd32f30x_rtc.o
    0x0800d1dc   0x0800d1dc   0x00000038   Code   RO         2119    .text.rtc_set_alarm  rtc.o
    0x0800d214   0x0800d214   0x00000018   Code   RO         2115    .text.rtc_set_time  rtc.o
    0x0800d22c   0x0800d22c   0x00000112   Code   RO         1383    .text.saveChannels  main.o
    0x0800d33e   0x0800d33e   0x00000002   PAD
    0x0800d340   0x0800d340   0x00000102   Code   RO         1379    .text.saveSettings  main.o
    0x0800d442   0x0800d442   0x00000006   PAD
    0x0800d448   0x0800d448   0x000000d8   Code   RO         2030    .text.setBalance    dirana3basicdsp.o
    0x0800d520   0x0800d520   0x00000150   Code   RO         2036    .text.setDCFilter   dirana3basicdsp.o
    0x0800d670   0x0800d670   0x000000d8   Code   RO         2032    .text.setFader      dirana3basicdsp.o
    0x0800d748   0x0800d748   0x0000036c   Code   RO         2050    .text.setGraphicEQ  dirana3basicdsp.o
    0x0800dab4   0x0800dab4   0x00000004   PAD
    0x0800dab8   0x0800dab8   0x000000c8   Code   RO         2046    .text.setGraphicEQPreScal  dirana3basicdsp.o
    0x0800db80   0x0800db80   0x000000b0   Code   RO         2072    .text.setGraphicSAGain  dirana3basicdsp.o
    0x0800dc30   0x0800dc30   0x00000254   Code   RO         2026    .text.setMainVol    dirana3basicdsp.o
    0x0800de84   0x0800de84   0x00000094   Code   RO         2034    .text.setMute       dirana3basicdsp.o
    0x0800df18   0x0800df18   0x000007f0   Code   RO         2044    .text.setTone       dirana3basicdsp.o
    0x0800e708   0x0800e708   0x000000f0   Code   RO         2040    .text.setTonePreScal  dirana3basicdsp.o
    0x0800e7f8   0x0800e7f8   0x0000002c   Code   RO         1025    .text.spi_bidirectional_transfer_config  gd32f30x_spi.o
    0x0800e824   0x0800e824   0x0000002c   Code   RO         1015    .text.spi_dma_enable  gd32f30x_spi.o
    0x0800e850   0x0800e850   0x00000012   Code   RO          995    .text.spi_enable    gd32f30x_spi.o
    0x0800e862   0x0800e862   0x00000002   PAD
    0x0800e864   0x0800e864   0x0000000e   Code   RO         1023    .text.spi_i2s_data_receive  gd32f30x_spi.o
    0x0800e872   0x0800e872   0x00000002   PAD
    0x0800e874   0x0800e874   0x00000014   Code   RO         1021    .text.spi_i2s_data_transmit  gd32f30x_spi.o
    0x0800e888   0x0800e888   0x00000074   Code   RO          989    .text.spi_i2s_deinit  gd32f30x_spi.o
    0x0800e8fc   0x0800e8fc   0x0000002a   Code   RO         1065    .text.spi_i2s_flag_get  gd32f30x_spi.o
    0x0800e926   0x0800e926   0x00000002   PAD
    0x0800e928   0x0800e928   0x00000072   Code   RO          993    .text.spi_init      gd32f30x_spi.o
    0x0800e99a   0x0800e99a   0x00000002   PAD
    0x0800e99c   0x0800e99c   0x00000012   Code   RO         1009    .text.spi_nss_output_disable  gd32f30x_spi.o
    0x0800e9ae   0x0800e9ae   0x00000002   PAD
    0x0800e9b0   0x0800e9b0   0x00000026   Code   RO          991    .text.spi_struct_para_init  gd32f30x_spi.o
    0x0800e9d6   0x0800e9d6   0x00000002   PAD
    0x0800e9d8   0x0800e9d8   0x00000174   Code   RO         1359    .text.system_clock_120m_hxtal  system_gd32f30x.o
    0x0800eb4c   0x0800eb4c   0x00000008   Code   RO         1355    .text.system_clock_config  system_gd32f30x.o
    0x0800eb54   0x0800eb54   0x00000034   Code   RO          713    .text.systick_clksource_set  gd32f30x_misc.o
    0x0800eb88   0x0800eb88   0x00000050   Code   RO         1527    .text.systick_config  systick.o
    0x0800ebd8   0x0800ebd8   0x00000118   Code   RO         1076    .text.timer_deinit  gd32f30x_timer.o
    0x0800ecf0   0x0800ecf0   0x00000012   Code   RO         1082    .text.timer_enable  gd32f30x_timer.o
    0x0800ed02   0x0800ed02   0x00000002   PAD
    0x0800ed04   0x0800ed04   0x00000104   Code   RO         1080    .text.timer_init    gd32f30x_timer.o
    0x0800ee08   0x0800ee08   0x00000014   Code   RO         1116    .text.timer_interrupt_enable  gd32f30x_timer.o
    0x0800ee1c   0x0800ee1c   0x00000012   Code   RO         1122    .text.timer_interrupt_flag_clear  gd32f30x_timer.o
    0x0800ee2e   0x0800ee2e   0x00000002   PAD
    0x0800ee30   0x0800ee30   0x0000003a   Code   RO         1120    .text.timer_interrupt_flag_get  gd32f30x_timer.o
    0x0800ee6a   0x0800ee6a   0x00000002   PAD
    0x0800ee6c   0x0800ee6c   0x00000026   Code   RO         1078    .text.timer_struct_para_init  gd32f30x_timer.o
    0x0800ee92   0x0800ee92   0x00000002   PAD
    0x0800ee94   0x0800ee94   0x000000ca   Code   RO         1227    .text.usart_baudrate_set  gd32f30x_usart.o
    0x0800ef5e   0x0800ef5e   0x00000002   PAD
    0x0800ef60   0x0800ef60   0x00000014   Code   RO         1253    .text.usart_data_transmit  gd32f30x_usart.o
    0x0800ef74   0x0800ef74   0x000000b8   Code   RO         1225    .text.usart_deinit  gd32f30x_usart.o
    0x0800f02c   0x0800f02c   0x00000012   Code   RO         1235    .text.usart_enable  gd32f30x_usart.o
    0x0800f03e   0x0800f03e   0x00000002   PAD
    0x0800f040   0x0800f040   0x0000003a   Code   RO         1313    .text.usart_flag_get  gd32f30x_usart.o
    0x0800f07a   0x0800f07a   0x00000002   PAD
    0x0800f07c   0x0800f07c   0x0000002a   Code   RO         1307    .text.usart_hardware_flow_cts_config  gd32f30x_usart.o
    0x0800f0a6   0x0800f0a6   0x00000002   PAD
    0x0800f0a8   0x0800f0a8   0x0000002a   Code   RO         1305    .text.usart_hardware_flow_rts_config  gd32f30x_usart.o
    0x0800f0d2   0x0800f0d2   0x00000002   PAD
    0x0800f0d4   0x0800f0d4   0x0000001e   Code   RO         1229    .text.usart_parity_config  gd32f30x_usart.o
    0x0800f0f2   0x0800f0f2   0x00000002   PAD
    0x0800f0f4   0x0800f0f4   0x0000002a   Code   RO         1241    .text.usart_receive_config  gd32f30x_usart.o
    0x0800f11e   0x0800f11e   0x00000002   PAD
    0x0800f120   0x0800f120   0x0000001e   Code   RO         1233    .text.usart_stop_bit_set  gd32f30x_usart.o
    0x0800f13e   0x0800f13e   0x00000002   PAD
    0x0800f140   0x0800f140   0x0000002a   Code   RO         1239    .text.usart_transmit_config  gd32f30x_usart.o
    0x0800f16a   0x0800f16a   0x00000002   PAD
    0x0800f16c   0x0800f16c   0x0000001e   Code   RO         1231    .text.usart_word_length_set  gd32f30x_usart.o
    0x0800f18a   0x0800f18a   0x00000002   PAD
    0x0800f18c   0x0800f18c   0x00000020   Code   RO         2201    i.__0printf         mc_w.l(printfa.o)
    0x0800f1ac   0x0800f1ac   0x00000026   Code   RO         2250    i.__ARM_fpclassifyf  m_wm.l(fpclassifyf.o)
    0x0800f1d2   0x0800f1d2   0x00000002   PAD
    0x0800f1d4   0x0800f1d4   0x00000150   Code   RO         2167    i.__hardfp_cosf     m_wm.l(cosf.o)
    0x0800f324   0x0800f324   0x00000664   Code   RO         2180    i.__hardfp_powf     m_wm.l(powf.o)
    0x0800f988   0x0800f988   0x0000009a   Code   RO         2193    i.__hardfp_roundf   m_wm.l(roundf.o)
    0x0800fa22   0x0800fa22   0x00000002   PAD
    0x0800fa24   0x0800fa24   0x0000017c   Code   RO         2187    i.__hardfp_tanf     m_wm.l(tanf.o)
    0x0800fba0   0x0800fba0   0x00000014   Code   RO         2252    i.__mathlib_flt_divzero  m_wm.l(funder.o)
    0x0800fbb4   0x0800fbb4   0x00000006   Code   RO         2253    i.__mathlib_flt_infnan  m_wm.l(funder.o)
    0x0800fbba   0x0800fbba   0x00000006   Code   RO         2254    i.__mathlib_flt_infnan2  m_wm.l(funder.o)
    0x0800fbc0   0x0800fbc0   0x00000010   Code   RO         2255    i.__mathlib_flt_invalid  m_wm.l(funder.o)
    0x0800fbd0   0x0800fbd0   0x00000010   Code   RO         2256    i.__mathlib_flt_overflow  m_wm.l(funder.o)
    0x0800fbe0   0x0800fbe0   0x00000010   Code   RO         2258    i.__mathlib_flt_underflow  m_wm.l(funder.o)
    0x0800fbf0   0x0800fbf0   0x00000154   Code   RO         2266    i.__mathlib_rredf2  m_wm.l(rredf.o)
    0x0800fd44   0x0800fd44   0x0000000e   Code   RO         2327    i.__scatterload_copy  mc_w.l(handlers.o)
    0x0800fd52   0x0800fd52   0x00000002   Code   RO         2328    i.__scatterload_null  mc_w.l(handlers.o)
    0x0800fd54   0x0800fd54   0x0000000e   Code   RO         2329    i.__scatterload_zeroinit  mc_w.l(handlers.o)
    0x0800fd62   0x0800fd62   0x00000002   PAD
    0x0800fd64   0x0800fd64   0x0000000c   Code   RO         2305    i.__set_errno       mc_w.l(errno.o)
    0x0800fd70   0x0800fd70   0x00000184   Code   RO         2208    i._fp_digits        mc_w.l(printfa.o)
    0x0800fef4   0x0800fef4   0x000006dc   Code   RO         2209    i._printf_core      mc_w.l(printfa.o)
    0x080105d0   0x080105d0   0x00000024   Code   RO         2210    i._printf_post_padding  mc_w.l(printfa.o)
    0x080105f4   0x080105f4   0x0000002e   Code   RO         2211    i._printf_pre_padding  mc_w.l(printfa.o)
    0x08010622   0x08010622   0x00000002   PAD
    0x08010624   0x08010624   0x00000140   Data   RO         2183    .constdata          m_wm.l(powf.o)
    0x08010764   0x08010764   0x00000020   Data   RO         2267    .constdata          m_wm.l(rredf.o)
    0x08010784   0x08010784   0x00000005   Data   RO         1817    .rodata.DSP_FIRM0_PRODUCTION  saf775x.o
    0x08010789   0x08010789   0x0000002a   Data   RO         1821    .rodata.DSP_INIT    saf775x.o
    0x080107b3   0x080107b3   0x0000001b   Data   RO         1820    .rodata.DSP_KEYCODE_PRODUCTION  saf775x.o
    0x080107ce   0x080107ce   0x00000024   Data   RO         1620    .rodata.EQTitle     ui.o
    0x080107f2   0x080107f2   0x00000532   Data   RO         2147    .rodata.Font12_Table  font12.o
    0x08010d24   0x08010d24   0x000005f0   Data   RO         2140    .rodata.Font16_Table  font16.o
    0x08011314   0x08011314   0x00000b22   Data   RO         2154    .rodata.Font20_Table  font20.o
    0x08011e36   0x08011e36   0x00000d5c   Data   RO         2161    .rodata.Font24_Table  font24.o
    0x08012b92   0x08012b92   0x0000023a   Data   RO         2133    .rodata.Font8_Table  font8.o
    0x08012dcc   0x08012dcc   0x0000000a   Data   RO         1621    .rodata.antTitle    ui.o
    0x08012dd6   0x08012dd6   0x0000000a   Data   RO         1626    .rodata.atsTitle    ui.o
    0x08012de0   0x08012de0   0x0000004d   Data   RO         1619    .rodata.audioTitle  ui.o
    0x08012e2d   0x08012e2d   0x00000014   Data   RO         1622    .rodata.bwTitle     ui.o
    0x08012e41   0x08012e41   0x00000002   Data   RO         1930    .rodata.byte2dot    lcd.o
    0x08012e43   0x08012e43   0x00000004   Data   RO         1927    .rodata.color_page  lcd.o
    0x08012e47   0x08012e47   0x0000000a   Data   RO         1623    .rodata.deemTitle   ui.o
    0x08012e51   0x08012e51   0x00000003   PAD
    0x08012e54   0x08012e54   0x00000018   Data   RO         1931    .rodata.fraction_lut  lcd.o
    0x08012e6c   0x08012e6c   0x00000024   Data   RO         2100    .rodata.gEQAddr     dirana3basicdsp.o
    0x08012e90   0x08012e90   0x00000024   Data   RO         2101    .rodata.gSAAddr     dirana3basicdsp.o
    0x08012eb4   0x08012eb4   0x00000040   Data   RO         1939    .rodata.img_antenna  pic.o
    0x08012ef4   0x08012ef4   0x0000004e   Data   RO         1963    .rodata.img_arrowDown12x  pic.o
    0x08012f42   0x08012f42   0x0000002c   Data   RO         1964    .rodata.img_arrowLeft11x16  pic.o
    0x08012f6e   0x08012f6e   0x0000002c   Data   RO         1965    .rodata.img_arrowRight11x16  pic.o
    0x08012f9a   0x08012f9a   0x0000004e   Data   RO         1962    .rodata.img_arrowUp12x  pic.o
    0x08012fe8   0x08012fe8   0x000000eb   Data   RO         1969    .rodata.img_balLeft47x20  pic.o
    0x080130d3   0x080130d3   0x000000eb   Data   RO         1970    .rodata.img_balRight47x20  pic.o
    0x080131be   0x080131be   0x00000066   Data   RO         1954    .rodata.img_bandwidth34x12  pic.o
    0x08013224   0x08013224   0x00000040   Data   RO         1940    .rodata.img_bat     pic.o
    0x08013264   0x08013264   0x00000064   Data   RO         1957    .rodata.img_bright20x  pic.o
    0x080132c8   0x080132c8   0x00000064   Data   RO         1958    .rodata.img_commonSet20x  pic.o
    0x0801332c   0x0801332c   0x00000064   Data   RO         1959    .rodata.img_contrast20x  pic.o
    0x08013390   0x08013390   0x00000040   Data   RO         1943    .rodata.img_dbu     pic.o
    0x080133d0   0x080133d0   0x00000002   Data   RO         1949    .rodata.img_dot16x  pic.o
    0x080133d2   0x080133d2   0x0000000a   Data   RO         1951    .rodata.img_dot48x  pic.o
    0x080133dc   0x080133dc   0x000001e4   Data   RO         1971    .rodata.img_filtHP44x44  pic.o
    0x080135c0   0x080135c0   0x00000440   Data   RO         1955    .rodata.img_filter_am  pic.o
    0x08013a00   0x08013a00   0x00000440   Data   RO         1956    .rodata.img_filter_fm  pic.o
    0x08013e40   0x08013e40   0x00000064   Data   RO         1960    .rodata.img_invDisp20x  pic.o
    0x08013ea4   0x08013ea4   0x00000064   Data   RO         1961    .rodata.img_lightTime20x  pic.o
    0x08013f08   0x08013f08   0x0000028a   Data   RO         1966    .rodata.img_mDisplay50x  pic.o
    0x08014192   0x08014192   0x0000028a   Data   RO         1967    .rodata.img_mUntitled50x  pic.o
    0x0801441c   0x0801441c   0x00000160   Data   RO         1948    .rodata.img_num16x  pic.o
    0x0801457c   0x0801457c   0x00000e10   Data   RO         1950    .rodata.img_num48x  pic.o
    0x0801538c   0x0801538c   0x00000040   Data   RO         1947    .rodata.img_percent  pic.o
    0x080153cc   0x080153cc   0x000001c3   Data   RO         1972    .rodata.img_qrcode  pic.o
    0x0801558f   0x0801558f   0x00000040   Data   RO         1945    .rodata.img_spk     pic.o
    0x080155cf   0x080155cf   0x00000040   Data   RO         1944    .rodata.img_spkMute  pic.o
    0x0801560f   0x0801560f   0x000000b4   Data   RO         1953    .rodata.img_stereo30x24  pic.o
    0x080156c3   0x080156c3   0x00000426   Data   RO         1952    .rodata.img_unit    pic.o
    0x08015ae9   0x08015ae9   0x000000eb   Data   RO         1968    .rodata.img_volGain47x20  pic.o
    0x08015bd4   0x08015bd4   0x00000040   Data   RO         1946    .rodata.img_volt    pic.o
    0x08015c14   0x08015c14   0x00000032   Data   RO         1624    .rodata.levTitle    ui.o
    0x08015c46   0x08015c46   0x000000f6   Data   RO         1618    .rodata.menuDetail  ui.o
    0x08015d3c   0x08015d3c   0x00000042   Data   RO         1617    .rodata.menuName    ui.o
    0x08015d7e   0x08015d7e   0x00000004   Data   RO         1458    .rodata.nBandChMax  main.o
    0x08015d82   0x08015d82   0x00000008   Data   RO         1816    .rodata.nBandFMax   saf775x.o
    0x08015d8a   0x08015d8a   0x00000008   Data   RO         1815    .rodata.nBandFMin   saf775x.o
    0x08015d92   0x08015d92   0x00000004   Data   RO         1809    .rodata.nBandRFMode  saf775x.o
    0x08015d96   0x08015d96   0x00000004   Data   RO         1811    .rodata.nBandStepNum  saf775x.o
    0x08015d9a   0x08015d9a   0x00000010   Data   RO         1814    .rodata.nFMATSRegion  saf775x.o
    0x08015daa   0x08015daa   0x00000038   Data   RO         1813    .rodata.nFastATS    saf775x.o
    0x08015de2   0x08015de2   0x00000014   Data   RO         1625    .rodata.regionTitle  ui.o
    0x08015df6   0x08015df6   0x00000004   Data   RO         1629    .rodata.slot_xs     ui.o
    0x08015dfa   0x08015dfa   0x00000004   Data   RO         1630    .rodata.slot_ys     ui.o
    0x08015dfe   0x08015dfe   0x00000005   Data   RO         1636    .rodata.stepIndi    ui.o
    0x08015e03   0x08015e03   0x0000030e   Data   RO         1469    .rodata.str1.1      main.o
    0x08016111   0x08016111   0x0000026e   Data   RO         1633    .rodata.str1.1      ui.o
    0x0801637f   0x0801637f   0x00000001   PAD
    0x08016380   0x08016380   0x00000020   Data   RO         2326    Region$$Table       anon$$obj.o


    Execution Region RW_IRAM1 (Exec base: 0x20000000, Load base: 0x080163a0, Size: 0x00002ea8, Max: 0x0000c000, ABSOLUTE)

    Exec Addr    Load Addr    Size         Type   Attr      Idx    E Section Name        Object

    0x20000000   0x080163a0   0x00000004   Data   RW         2283    .data               mc_w.l(stdout.o)
    0x20000004   0x080163a4   0x00000004   Data   RW         2306    .data               mc_w.l(errno.o)
    0x20000008   0x080163a8   0x00000008   Data   RW         2148    .data.Font12        font12.o
    0x20000010   0x080163b0   0x00000008   Data   RW         2141    .data.Font16        font16.o
    0x20000018   0x080163b8   0x00000008   Data   RW         2155    .data.Font20        font20.o
    0x20000020   0x080163c0   0x00000008   Data   RW         2162    .data.Font24        font24.o
    0x20000028   0x080163c8   0x00000008   Data   RW         2134    .data.Font8         font8.o
    0x20000030   0x080163d0   0x00000001   Data   RW         1635    .data.GUI_SeekALL.vnumber  ui.o
    0x20000031   0x080163d1   0x00000001   Data   RW         1634    .data.GUI_SeekALL.vpercent  ui.o
    0x20000032   0x080163d2   0x00000002   Data   RW         1481    .data.TIM_Callback.timer_BAT  main.o
    0x20000034   0x080163d4   0x00000002   Data   RW         1478    .data.TIM_Callback.timer_GSA  main.o
    0x20000036   0x080163d6   0x00000002   Data   RW         1476    .data.TIM_Callback.timer_KEY  main.o
    0x20000038   0x080163d8   0x00000002   Data   RW         1477    .data.TIM_Callback.timer_LCD  main.o
    0x2000003a   0x080163da   0x00000002   Data   RW         1480    .data.TIM_Callback.timer_ONE  main.o
    0x2000003c   0x080163dc   0x00000002   Data   RW         1475    .data.TIM_Callback.timer_RDS  main.o
    0x2000003e   0x080163de   0x00000002   Data   RW         1479    .data.TIM_Callback.timer_RFS  main.o
    0x20000040   0x080163e0   0x00000001   Data   RW         1439    .data.lastA1        main.o
    0x20000041   0x080163e1   0x00000001   Data   RW         1440    .data.lastA2        main.o
    0x20000042   0x080163e2   0x00000020   Data   RW         1810    .data.nBandStep     saf775x.o
    0x20000062   0x08016402   0x00000004   Data   RW         1812    .data.nBandStepATS  saf775x.o
    0x20000066   0x08016406   0x00000001   Data   RW         1441    .data.nowA1         main.o
    0x20000067   0x08016407   0x00000001   Data   RW         1442    .data.nowA2         main.o
    0x20000068   0x08016408   0x0000002c   Data   RW         1448    .data.sDevice       main.o
    0x20000094   0x08016434   0x00000004   PAD
    0x20000098        -       0x00000001   Zero   RW         1717    .bss.GroupType      rds.o
    0x20000099        -       0x00000006   Zero   RW         1482    .bss.KEY_Handler.key_count  main.o
    0x2000009f        -       0x00000006   Zero   RW         1483    .bss.KEY_Handler.key_state  main.o
    0x200000a5        -       0x00001800   Zero   RW         1928    .bss.LCD_Buff       lcd.o
    0x200018a5   0x08016434   0x00000001   PAD
    0x200018a6        -       0x00000002   Zero   RW         1723    .bss.RTDataMask     rds.o
    0x200018a8        -       0x00000008   Zero   RW         1721    .bss.ReadPS.oldps   rds.o
    0x200018b0        -       0x00000001   Zero   RW         1722    .bss.ReadRT.old_ind  rds.o
    0x200018b1        -       0x00000001   Zero   RW         1650    .bss.UI_Audio.lastIndex  ui.o
    0x200018b2        -       0x00000001   Zero   RW         1653    .bss.UI_Device.lastPage  ui.o
    0x200018b3        -       0x00000001   Zero   RW         1649    .bss.UI_Display.lastPage  ui.o
    0x200018b4        -       0x00000001   Zero   RW         1632    .bss.UI_DrawEq.lastBand  ui.o
    0x200018b5        -       0x00000001   Zero   RW         1627    .bss.UI_DrawScrollBar.lastPos  ui.o
    0x200018b6        -       0x00000001   Zero   RW         1628    .bss.UI_DrawSelectBar.lastPos  ui.o
    0x200018b7   0x08016434   0x00000001   PAD
    0x200018b8        -       0x00000004   Zero   RW         1631    .bss.UI_DrawVU.max_vol  ui.o
    0x200018bc        -       0x00000001   Zero   RW         1640    .bss.UI_Main.vband  ui.o
    0x200018bd   0x08016434   0x00000001   PAD
    0x200018be        -       0x00000002   Zero   RW         1643    .bss.UI_Main.vbat   ui.o
    0x200018c0        -       0x00000001   Zero   RW         1646    .bss.UI_Main.vchan  ui.o
    0x200018c1        -       0x00000001   Zero   RW         1639    .bss.UI_Main.vfilter  ui.o
    0x200018c2        -       0x00000002   Zero   RW         1637    .bss.UI_Main.vfreq  ui.o
    0x200018c4        -       0x00000001   Zero   RW         1645    .bss.UI_Main.vmute  ui.o
    0x200018c5        -       0x00000001   Zero   RW         1642    .bss.UI_Main.vrssi  ui.o
    0x200018c6        -       0x00000001   Zero   RW         1648    .bss.UI_Main.vsec   ui.o
    0x200018c7        -       0x00000001   Zero   RW         1638    .bss.UI_Main.vstep  ui.o
    0x200018c8        -       0x00000001   Zero   RW         1641    .bss.UI_Main.vstereo  ui.o
    0x200018c9        -       0x00000001   Zero   RW         1644    .bss.UI_Main.vvol   ui.o
    0x200018ca        -       0x00000001   Zero   RW         1651    .bss.UI_Radio.lastPage  ui.o
    0x200018cb        -       0x00000001   Zero   RW         1652    .bss.UI_Search.lastPage  ui.o
    0x200018cc        -       0x00000001   Zero   RW         1457    .bss.bFilterSel     main.o
    0x200018cd        -       0x00000001   Zero   RW         1453    .bss.bFlagGSA       main.o
    0x200018ce        -       0x00000001   Zero   RW         1454    .bss.bFlagRDS       main.o
    0x200018cf        -       0x00000001   Zero   RW         1452    .bss.bFlagRFS       main.o
    0x200018d0        -       0x00000001   Zero   RW         1455    .bss.bFlagReBoot    main.o
    0x200018d1        -       0x00000001   Zero   RW         1450    .bss.bMenu          main.o
    0x200018d2        -       0x00000001   Zero   RW         1451    .bss.bMenuLCD       main.o
    0x200018d3        -       0x00000001   Zero   RW         1456    .bss.bSeek          main.o
    0x200018d4        -       0x00000004   Zero   RW         1534    .bss.count_1ms      systick.o
    0x200018d8        -       0x00000004   Zero   RW         1533    .bss.count_1us      systick.o
    0x200018dc        -       0x00000001   Zero   RW         1929    .bss.dma_trans_flag  lcd.o
    0x200018dd        -       0x00000006   Zero   RW         1468    .bss.keyValue       main.o
    0x200018e3        -       0x00000001   Zero   RW         1443    .bss.lastDET        main.o
    0x200018e4        -       0x00000001   Zero   RW         1445    .bss.lcode          main.o
    0x200018e5        -       0x00000004   Zero   RW         1459    .bss.nBandCh        main.o
    0x200018e9        -       0x00000004   Zero   RW         1460    .bss.nBandChNum     main.o
    0x200018ed   0x08016434   0x00000001   PAD
    0x200018ee        -       0x00000320   Zero   RW         1461    .bss.nChannelFreq   main.o
    0x20001c0e        -       0x0000000b   Zero   RW         1447    .bss.nGsaVal        main.o
    0x20001c19   0x08016434   0x00000003   PAD
    0x20001c1c        -       0x00000004   Zero   RW         1473    .bss.nQPeakDet      main.o
    0x20001c20        -       0x00000001   Zero   RW         1444    .bss.nowDET         main.o
    0x20001c21   0x08016434   0x00000001   PAD
    0x20001c22        -       0x00000002   Zero   RW         1719    .bss.oldpi          rds.o
    0x20001c24        -       0x00000001   Zero   RW         1446    .bss.rcode          main.o
    0x20001c25   0x08016434   0x00000003   PAD
    0x20001c28        -       0x00000004   Zero   RW         1718    .bss.rds            rds.o
    0x20001c2c        -       0x00000018   Zero   RW         1464    .bss.sAudioBasic    main.o
    0x20001c44        -       0x0000006c   Zero   RW         1466    .bss.sAudioEQ       main.o
    0x20001cb0        -       0x0000011c   Zero   RW         1467    .bss.sAudioFilter   main.o
    0x20001dcc        -       0x0000001c   Zero   RW         1465    .bss.sAudioTone     main.o
    0x20001de8        -       0x0000000c   Zero   RW         1463    .bss.sDisplay       main.o
    0x20001df4        -       0x0000000c   Zero   RW         1474    .bss.sRDSBuffer     main.o
    0x20001e00        -       0x0000005a   Zero   RW         1472    .bss.sRDSData       main.o
    0x20001e5a        -       0x00000038   Zero   RW         1462    .bss.sTuner         main.o
    0x20001e92   0x08016434   0x00000002   PAD
    0x20001e94        -       0x00000004   Zero   RW         1822    .bss.sys            saf775x.o
    0x20001e98        -       0x00000004   Zero   RW         2102    .bss.sysBC          dirana3basicdsp.o
    0x20001e9c        -       0x00000004   Zero   RW         2104    .bss.sysEQ          dirana3basicdsp.o
    0x20001ea0        -       0x00000004   Zero   RW         2103    .bss.sysTone        dirana3basicdsp.o
    0x20001ea4   0x08016434   0x00000004   PAD
    0x20001ea8        -       0x00001000   Zero   RW         1369    STACK               startup_gd32f30x_hd.o


==============================================================================

Image component sizes


      Code (inc. data)   RO Data    RW Data    ZI Data      Debug   Object Name

      8574        524         72          0         12      15438   dirana3basicdsp.o
      1342          0          0          0          0       4821   flash.o
         0          0       1330          8          0        684   font12.o
         0          0       1520          8          0        684   font16.o
         0          0       2850          8          0        684   font20.o
         0          0       3420          8          0        702   font24.o
         0          0        570          8          0        680   font8.o
       566         16          0          0          0       2658   func.o
      1778          4          0          0          0       8290   gd32f30x_adc.o
       222          0          0          0          0       4330   gd32f30x_bkp.o
       642          0          0          0          0       5341   gd32f30x_dac.o
      1202          0          0          0          0       6565   gd32f30x_dma.o
       750          0          0          0          0       5410   gd32f30x_gpio.o
       272          0          0          0          0       2129   gd32f30x_it.o
       378          0          0          0          0       3127   gd32f30x_misc.o
        18          0          0          0          0       4978   gd32f30x_pmu.o
      1542          4          0          0          0      10791   gd32f30x_rcu.o
       376          0          0          0          0       2298   gd32f30x_rtc.o
       468          0          0          0          0       7905   gd32f30x_spi.o
       692          0          0          0          0      16478   gd32f30x_timer.o
       740          0          0          0          0      10461   gd32f30x_usart.o
       776          0          0          0          0       2555   iic_sw.o
      1006          0          0          0          0       4094   init.o
      5440          0         30          0       6145      14738   lcd.o
     13750        108        786         62       1467      19966   main.o
         0          0      11616          0          0       1639   pic.o
      1340          0          0          0         18       4348   rds.o
       216          0          0          0          0       4307   rtc.o
      3588         32        170         36          4       9937   saf775x.o
        36          8        304          0       4096        920   startup_gd32f30x_hd.o
       604          0          0          0          0       2621   system_gd32f30x.o
       384          8          0          0          8       1428   systick.o
     12590         86       1180          2         25      12028   ui.o

    ----------------------------------------------------------------------
     59616        794      23884        140      11796     193035   Object Totals
         0          0         32          0          0          0   (incl. Generated)
       324          4          4          0         21          0   (incl. Padding)

    ----------------------------------------------------------------------

      Code (inc. data)   RO Data    RW Data    ZI Data      Debug   Library Member Name

       336         56          0          0          0        136   cosf.o
        38          0          0          0          0        116   fpclassifyf.o
        80         24          0          0          0        696   funder.o
      1636        110        320          0          0        372   powf.o
       154          0          0          0          0        140   roundf.o
       340         24         32          0          0        160   rredf.o
       380         58          0          0          0        200   tanf.o
         0          0          0          0          0          0   entry.o
         0          0          0          0          0          0   entry10a.o
         0          0          0          0          0          0   entry11a.o
         8          4          0          0          0          0   entry2.o
         4          0          0          0          0          0   entry5.o
         0          0          0          0          0          0   entry7b.o
         0          0          0          0          0          0   entry8b.o
         8          4          0          0          0          0   entry9a.o
        12          6          0          4          0         68   errno.o
        30          0          0          0          0          0   handlers.o
        36          8          0          0          0         68   init.o
         0          0          0          0          0          0   iusefp.o
        30          0          0          0          0         68   llshl.o
        36          0          0          0          0         68   llsshr.o
        32          0          0          0          0         68   llushr.o
      2258         90          0          0          0        452   printfa.o
         0          0          0          4          0          0   stdout.o
        44          0          0          0          0         80   uidiv.o
        98          0          0          0          0         92   uldiv.o
        48          0          0          0          0         68   cdrcmple.o
        56          0          0          0          0         88   d2f.o
       334          0          0          0          0        148   dadd.o
        54          0          0          0          0         80   dcmpge.o
        54          0          0          0          0         80   dcmple.o
        54          0          0          0          0         80   dcmplt.o
       222          0          0          0          0        100   ddiv.o
       186          0          0          0          0        176   depilogue.o
        62          0          0          0          0         80   dfixi.o
        48          0          0          0          0         68   dfixul.o
        34          0          0          0          0         76   dflti.o
        26          0          0          0          0         76   dfltui.o
       228          0          0          0          0         96   dmul.o
        38          0          0          0          0         68   f2d.o
       110          0          0          0          0        168   fepilogue.o
         4          0          0          0          0         68   fpstat.o
        60          0          0          0          0         76   frnd.o

    ----------------------------------------------------------------------
      7188        384        352          8          0       4380   Library Totals
        10          0          0          0          0          0   (incl. Padding)

    ----------------------------------------------------------------------

      Code (inc. data)   RO Data    RW Data    ZI Data      Debug   Library Name

      2964        272        352          0          0       1820   m_wm.l
      2596        112          0          8          0        964   mc_w.l
      1618          0          0          0          0       1596   mf_w.l

    ----------------------------------------------------------------------
      7188        384        352          8          0       4380   Library Totals

    ----------------------------------------------------------------------

==============================================================================


      Code (inc. data)   RO Data    RW Data    ZI Data      Debug   

     66804       1178      24236        148      11796     194667   Grand Totals
     66804       1178      24236        148      11796     194667   ELF Image Totals
     66804       1178      24236        148          0          0   ROM Totals

==============================================================================

    Total RO  Size (Code + RO Data)                91040 (  88.91kB)
    Total RW  Size (RW Data + ZI Data)             11944 (  11.66kB)
    Total ROM Size (Code + RO Data + RW Data)      91188 (  89.05kB)

==============================================================================

