Component: Arm Compiler for Embedded 6.21 Tool: armlink [5ec1fa00]

==============================================================================

Section Cross References

    gd32f30x_adc.o(.text.adc_deinit) refers to gd32f30x_rcu.o(.text.rcu_periph_reset_enable) for rcu_periph_reset_enable
    gd32f30x_adc.o(.text.adc_deinit) refers to gd32f30x_rcu.o(.text.rcu_periph_reset_disable) for rcu_periph_reset_disable
    gd32f30x_adc.o(.ARM.exidx.text.adc_deinit) refers to gd32f30x_adc.o(.text.adc_deinit) for [Anonymous Symbol]
    gd32f30x_adc.o(.ARM.exidx.text.adc_enable) refers to gd32f30x_adc.o(.text.adc_enable) for [Anonymous Symbol]
    gd32f30x_adc.o(.ARM.exidx.text.adc_disable) refers to gd32f30x_adc.o(.text.adc_disable) for [Anonymous Symbol]
    gd32f30x_adc.o(.ARM.exidx.text.adc_calibration_enable) refers to gd32f30x_adc.o(.text.adc_calibration_enable) for [Anonymous Symbol]
    gd32f30x_adc.o(.ARM.exidx.text.adc_dma_mode_enable) refers to gd32f30x_adc.o(.text.adc_dma_mode_enable) for [Anonymous Symbol]
    gd32f30x_adc.o(.ARM.exidx.text.adc_dma_mode_disable) refers to gd32f30x_adc.o(.text.adc_dma_mode_disable) for [Anonymous Symbol]
    gd32f30x_adc.o(.ARM.exidx.text.adc_tempsensor_vrefint_enable) refers to gd32f30x_adc.o(.text.adc_tempsensor_vrefint_enable) for [Anonymous Symbol]
    gd32f30x_adc.o(.ARM.exidx.text.adc_tempsensor_vrefint_disable) refers to gd32f30x_adc.o(.text.adc_tempsensor_vrefint_disable) for [Anonymous Symbol]
    gd32f30x_adc.o(.ARM.exidx.text.adc_resolution_config) refers to gd32f30x_adc.o(.text.adc_resolution_config) for [Anonymous Symbol]
    gd32f30x_adc.o(.ARM.exidx.text.adc_discontinuous_mode_config) refers to gd32f30x_adc.o(.text.adc_discontinuous_mode_config) for [Anonymous Symbol]
    gd32f30x_adc.o(.ARM.exidx.text.adc_mode_config) refers to gd32f30x_adc.o(.text.adc_mode_config) for [Anonymous Symbol]
    gd32f30x_adc.o(.ARM.exidx.text.adc_special_function_config) refers to gd32f30x_adc.o(.text.adc_special_function_config) for [Anonymous Symbol]
    gd32f30x_adc.o(.ARM.exidx.text.adc_data_alignment_config) refers to gd32f30x_adc.o(.text.adc_data_alignment_config) for [Anonymous Symbol]
    gd32f30x_adc.o(.ARM.exidx.text.adc_channel_length_config) refers to gd32f30x_adc.o(.text.adc_channel_length_config) for [Anonymous Symbol]
    gd32f30x_adc.o(.ARM.exidx.text.adc_regular_channel_config) refers to gd32f30x_adc.o(.text.adc_regular_channel_config) for [Anonymous Symbol]
    gd32f30x_adc.o(.ARM.exidx.text.adc_inserted_channel_config) refers to gd32f30x_adc.o(.text.adc_inserted_channel_config) for [Anonymous Symbol]
    gd32f30x_adc.o(.ARM.exidx.text.adc_inserted_channel_offset_config) refers to gd32f30x_adc.o(.text.adc_inserted_channel_offset_config) for [Anonymous Symbol]
    gd32f30x_adc.o(.ARM.exidx.text.adc_external_trigger_config) refers to gd32f30x_adc.o(.text.adc_external_trigger_config) for [Anonymous Symbol]
    gd32f30x_adc.o(.ARM.exidx.text.adc_external_trigger_source_config) refers to gd32f30x_adc.o(.text.adc_external_trigger_source_config) for [Anonymous Symbol]
    gd32f30x_adc.o(.ARM.exidx.text.adc_software_trigger_enable) refers to gd32f30x_adc.o(.text.adc_software_trigger_enable) for [Anonymous Symbol]
    gd32f30x_adc.o(.ARM.exidx.text.adc_regular_data_read) refers to gd32f30x_adc.o(.text.adc_regular_data_read) for [Anonymous Symbol]
    gd32f30x_adc.o(.ARM.exidx.text.adc_inserted_data_read) refers to gd32f30x_adc.o(.text.adc_inserted_data_read) for [Anonymous Symbol]
    gd32f30x_adc.o(.ARM.exidx.text.adc_sync_mode_convert_value_read) refers to gd32f30x_adc.o(.text.adc_sync_mode_convert_value_read) for [Anonymous Symbol]
    gd32f30x_adc.o(.ARM.exidx.text.adc_flag_get) refers to gd32f30x_adc.o(.text.adc_flag_get) for [Anonymous Symbol]
    gd32f30x_adc.o(.ARM.exidx.text.adc_flag_clear) refers to gd32f30x_adc.o(.text.adc_flag_clear) for [Anonymous Symbol]
    gd32f30x_adc.o(.ARM.exidx.text.adc_interrupt_flag_get) refers to gd32f30x_adc.o(.text.adc_interrupt_flag_get) for [Anonymous Symbol]
    gd32f30x_adc.o(.ARM.exidx.text.adc_interrupt_flag_clear) refers to gd32f30x_adc.o(.text.adc_interrupt_flag_clear) for [Anonymous Symbol]
    gd32f30x_adc.o(.ARM.exidx.text.adc_interrupt_enable) refers to gd32f30x_adc.o(.text.adc_interrupt_enable) for [Anonymous Symbol]
    gd32f30x_adc.o(.ARM.exidx.text.adc_interrupt_disable) refers to gd32f30x_adc.o(.text.adc_interrupt_disable) for [Anonymous Symbol]
    gd32f30x_adc.o(.ARM.exidx.text.adc_watchdog_single_channel_enable) refers to gd32f30x_adc.o(.text.adc_watchdog_single_channel_enable) for [Anonymous Symbol]
    gd32f30x_adc.o(.ARM.exidx.text.adc_watchdog_group_channel_enable) refers to gd32f30x_adc.o(.text.adc_watchdog_group_channel_enable) for [Anonymous Symbol]
    gd32f30x_adc.o(.ARM.exidx.text.adc_watchdog_disable) refers to gd32f30x_adc.o(.text.adc_watchdog_disable) for [Anonymous Symbol]
[...]
    rtc_flag_get                             0x0800e0ad   Thumb Code    46  gd32f30x_rtc.o(.text.rtc_flag_get)
    rtc_get_time                             0x0800e0dd   Thumb Code    28  rtc.o(.text.rtc_get_time)
    rtc_interrupt_enable                     0x0800e0f9   Thumb Code    24  gd32f30x_rtc.o(.text.rtc_interrupt_enable)
    rtc_lwoff_wait                           0x0800e111   Thumb Code    24  gd32f30x_rtc.o(.text.rtc_lwoff_wait)
    rtc_prescaler_set                        0x0800e129   Thumb Code    48  gd32f30x_rtc.o(.text.rtc_prescaler_set)
    rtc_register_sync_wait                   0x0800e159   Thumb Code    40  gd32f30x_rtc.o(.text.rtc_register_sync_wait)
    rtc_set_alarm                            0x0800e181   Thumb Code    56  rtc.o(.text.rtc_set_alarm)
    rtc_set_time                             0x0800e1b9   Thumb Code    24  rtc.o(.text.rtc_set_time)
    saveChannels                             0x0800e1d1   Thumb Code   274  main.o(.text.saveChannels)
    saveSettings                             0x0800e2e5   Thumb Code   284  main.o(.text.saveSettings)
    setBalance                               0x0800e401   Thumb Code   200  dirana3basicdsp.o(.text.setBalance)
    setDCFilter                              0x0800e4d9   Thumb Code   288  dirana3basicdsp.o(.text.setDCFilter)
    setFader                                 0x0800e629   Thumb Code   184  dirana3basicdsp.o(.text.setFader)
    setGraphicEQ                             0x0800e6f1   Thumb Code   816  dirana3basicdsp.o(.text.setGraphicEQ)
    setGraphicEQPreScal                      0x0800ea61   Thumb Code   208  dirana3basicdsp.o(.text.setGraphicEQPreScal)
    setGraphicSAGain                         0x0800eb39   Thumb Code   160  dirana3basicdsp.o(.text.setGraphicSAGain)
    setMainVol                               0x0800ebe9   Thumb Code   536  dirana3basicdsp.o(.text.setMainVol)
    setMute                                  0x0800ee3d   Thumb Code   148  dirana3basicdsp.o(.text.setMute)
    setTone                                  0x0800eed1   Thumb Code  1960  dirana3basicdsp.o(.text.setTone)
    setTonePreScal                           0x0800f6c1   Thumb Code   248  dirana3basicdsp.o(.text.setTonePreScal)
    setUltraBassGain                         0x0800f7c1   Thumb Code   272  dirana3basicdsp.o(.text.setUltraBassGain)
    spi_bidirectional_transfer_config        0x0800f8e9   Thumb Code    44  gd32f30x_spi.o(.text.spi_bidirectional_transfer_config)
    spi_dma_enable                           0x0800f915   Thumb Code    44  gd32f30x_spi.o(.text.spi_dma_enable)
    spi_enable                               0x0800f941   Thumb Code    18  gd32f30x_spi.o(.text.spi_enable)
    spi_i2s_data_receive                     0x0800f955   Thumb Code    14  gd32f30x_spi.o(.text.spi_i2s_data_receive)
    spi_i2s_data_transmit                    0x0800f965   Thumb Code    20  gd32f30x_spi.o(.text.spi_i2s_data_transmit)
    spi_i2s_deinit                           0x0800f979   Thumb Code   116  gd32f30x_spi.o(.text.spi_i2s_deinit)
    spi_i2s_flag_get                         0x0800f9ed   Thumb Code    42  gd32f30x_spi.o(.text.spi_i2s_flag_get)
    spi_init                                 0x0800fa19   Thumb Code   114  gd32f30x_spi.o(.text.spi_init)
    spi_nss_output_disable                   0x0800fa8d   Thumb Code    18  gd32f30x_spi.o(.text.spi_nss_output_disable)
    spi_struct_para_init                     0x0800faa1   Thumb Code    38  gd32f30x_spi.o(.text.spi_struct_para_init)
    systick_clksource_set                    0x0800fc35   Thumb Code    52  gd32f30x_misc.o(.text.systick_clksource_set)
    systick_config                           0x0800fc69   Thumb Code    72  systick.o(.text.systick_config)
    timer_deinit                             0x0800fcb9   Thumb Code   280  gd32f30x_timer.o(.text.timer_deinit)
    timer_enable                             0x0800fdd1   Thumb Code    18  gd32f30x_timer.o(.text.timer_enable)
    timer_init                               0x0800fde5   Thumb Code   260  gd32f30x_timer.o(.text.timer_init)
    timer_interrupt_enable                   0x0800fee9   Thumb Code    20  gd32f30x_timer.o(.text.timer_interrupt_enable)
    timer_interrupt_flag_clear               0x0800fefd   Thumb Code    18  gd32f30x_timer.o(.text.timer_interrupt_flag_clear)
    timer_interrupt_flag_get                 0x0800ff11   Thumb Code    58  gd32f30x_timer.o(.text.timer_interrupt_flag_get)
    timer_struct_para_init                   0x0800ff4d   Thumb Code    38  gd32f30x_timer.o(.text.timer_struct_para_init)
    usart_baudrate_set                       0x0800ff75   Thumb Code   202  gd32f30x_usart.o(.text.usart_baudrate_set)
    usart_data_transmit                      0x08010041   Thumb Code    20  gd32f30x_usart.o(.text.usart_data_transmit)
    usart_deinit                             0x08010055   Thumb Code   184  gd32f30x_usart.o(.text.usart_deinit)
    usart_enable                             0x0801010d   Thumb Code    18  gd32f30x_usart.o(.text.usart_enable)
    usart_flag_get                           0x08010121   Thumb Code    58  gd32f30x_usart.o(.text.usart_flag_get)
    usart_hardware_flow_cts_config           0x0801015d   Thumb Code    42  gd32f30x_usart.o(.text.usart_hardware_flow_cts_config)
    usart_hardware_flow_rts_config           0x08010189   Thumb Code    42  gd32f30x_usart.o(.text.usart_hardware_flow_rts_config)
    usart_parity_config                      0x080101b5   Thumb Code    30  gd32f30x_usart.o(.text.usart_parity_config)
    usart_receive_config                     0x080101d5   Thumb Code    42  gd32f30x_usart.o(.text.usart_receive_config)
    usart_stop_bit_set                       0x08010201   Thumb Code    30  gd32f30x_usart.o(.text.usart_stop_bit_set)
    usart_transmit_config                    0x08010221   Thumb Code    42  gd32f30x_usart.o(.text.usart_transmit_config)
    usart_word_length_set                    0x0801024d   Thumb Code    30  gd32f30x_usart.o(.text.usart_word_length_set)
    __0printf                                0x0801026d   Thumb Code    22  printfa.o(i.__0printf)
    __1printf                                0x0801026d   Thumb Code     0  printfa.o(i.__0printf)
    __2printf                                0x0801026d   Thumb Code     0  printfa.o(i.__0printf)
    __c89printf                              0x0801026d   Thumb Code     0  printfa.o(i.__0printf)
    printf                                   0x0801026d   Thumb Code     0  printfa.o(i.__0printf)
    __ARM_fpclassifyf                        0x0801028d   Thumb Code    38  fpclassifyf.o(i.__ARM_fpclassifyf)
    __hardfp_cosf                            0x080102b5   Thumb Code   280  cosf.o(i.__hardfp_cosf)
    __hardfp_powf                            0x08010405   Thumb Code  1606  powf.o(i.__hardfp_powf)
    __mathlib_powf                           0x08010405   Thumb Code     0  powf.o(i.__hardfp_powf)
    __hardfp_roundf                          0x08010a69   Thumb Code   154  roundf.o(i.__hardfp_roundf)
    __hardfp_tanf                            0x08010b05   Thumb Code   322  tanf.o(i.__hardfp_tanf)
    __mathlib_flt_divzero                    0x08010c81   Thumb Code    14  funder.o(i.__mathlib_flt_divzero)
    __mathlib_flt_infnan                     0x08010c95   Thumb Code     6  funder.o(i.__mathlib_flt_infnan)
    __mathlib_flt_infnan2                    0x08010c9b   Thumb Code     6  funder.o(i.__mathlib_flt_infnan2)
    __mathlib_flt_invalid                    0x08010ca1   Thumb Code    10  funder.o(i.__mathlib_flt_invalid)
    __mathlib_flt_overflow                   0x08010cb1   Thumb Code    10  funder.o(i.__mathlib_flt_overflow)
    __mathlib_flt_underflow                  0x08010cc1   Thumb Code    10  funder.o(i.__mathlib_flt_underflow)
    __mathlib_rredf2                         0x08010cd1   Thumb Code   316  rredf.o(i.__mathlib_rredf2)
    __scatterload_copy                       0x08010e25   Thumb Code    14  handlers.o(i.__scatterload_copy)
    __scatterload_null                       0x08010e33   Thumb Code     2  handlers.o(i.__scatterload_null)
    __scatterload_zeroinit                   0x08010e35   Thumb Code    14  handlers.o(i.__scatterload_zeroinit)
    __set_errno                              0x08010e45   Thumb Code     6  errno.o(i.__set_errno)
    DSP_FIRM0_PRODUCTION                     0x08011864   Data           5  saf775x.o(.rodata.DSP_FIRM0_PRODUCTION)
    DSP_INIT                                 0x08011869   Data          45  saf775x.o(.rodata.DSP_INIT)
    DSP_KEYCODE_PRODUCTION                   0x08011896   Data          27  saf775x.o(.rodata.DSP_KEYCODE_PRODUCTION)
    EQTitle                                  0x080118b1   Data          36  ui.o(.rodata.EQTitle)
    Font12_Table                             0x080118d5   Data        1330  font12.o(.rodata.Font12_Table)
    Font16_Table                             0x08011e07   Data        1520  font16.o(.rodata.Font16_Table)
    Font20_Table                             0x080123f7   Data        2850  font20.o(.rodata.Font20_Table)
    Font24_Table                             0x08012f19   Data        3420  font24.o(.rodata.Font24_Table)
    Font8_Table                              0x08013c75   Data         570  font8.o(.rodata.Font8_Table)
    antTitle                                 0x08013eaf   Data          10  ui.o(.rodata.antTitle)
    atsTitle                                 0x08013eb9   Data          10  ui.o(.rodata.atsTitle)
    audioTitle                               0x08013ec3   Data          88  ui.o(.rodata.audioTitle)
    bwTitle                                  0x08013f1b   Data          20  ui.o(.rodata.bwTitle)
    byte2dot                                 0x08013f2f   Data           2  lcd.o(.rodata.byte2dot)
    color_page                               0x08013f31   Data           4  lcd.o(.rodata.color_page)
    deemTitle                                0x08013f35   Data          10  ui.o(.rodata.deemTitle)
    fraction_lut                             0x08013f40   Data          24  lcd.o(.rodata.fraction_lut)
    gEQAddr                                  0x08013f58   Data          36  dirana3basicdsp.o(.rodata.gEQAddr)
    gSAAddr                                  0x08013f7c   Data          36  dirana3basicdsp.o(.rodata.gSAAddr)
    img_IntTemp                              0x08013fa0   Data          64  pic.o(.rodata.img_IntTemp)
    img_antenna                              0x08013fe0   Data          64  pic.o(.rodata.img_antenna)
    img_arrowDown12x                         0x08014020   Data          78  pic.o(.rodata.img_arrowDown12x)
    img_arrowLeft11x16                       0x0801406e   Data          44  pic.o(.rodata.img_arrowLeft11x16)
    img_arrowRight11x16                      0x0801409a   Data          44  pic.o(.rodata.img_arrowRight11x16)
    img_arrowUp12x                           0x080140c6   Data          78  pic.o(.rodata.img_arrowUp12x)
    img_balLeft47x20                         0x08014114   Data         235  pic.o(.rodata.img_balLeft47x20)
    img_balRight47x20                        0x080141ff   Data         235  pic.o(.rodata.img_balRight47x20)
    img_band                                 0x080142ea   Data         384  pic.o(.rodata.img_band)
    img_bandwidth34x12                       0x0801446a   Data         102  pic.o(.rodata.img_bandwidth34x12)
    img_bat                                  0x080144d0   Data          64  pic.o(.rodata.img_bat)
    img_bright20x                            0x08014510   Data         100  pic.o(.rodata.img_bright20x)
    img_channel                              0x08014574   Data          64  pic.o(.rodata.img_channel)
    img_commonSet20x                         0x080145b4   Data         100  pic.o(.rodata.img_commonSet20x)
    img_contrast20x                          0x08014618   Data         100  pic.o(.rodata.img_contrast20x)
    img_curser7x4                            0x0801467c   Data           7  pic.o(.rodata.img_curser7x4)
    img_dbu                                  0x08014683   Data          64  pic.o(.rodata.img_dbu)
    img_degree                               0x080146c3   Data          64  pic.o(.rodata.img_degree)
    img_dot16x                               0x08014703   Data           2  pic.o(.rodata.img_dot16x)
    img_dot48x                               0x08014705   Data          10  pic.o(.rodata.img_dot48x)
    img_filtHP44x44                          0x0801470f   Data         484  pic.o(.rodata.img_filtHP44x44)
    img_filter_am                            0x080148f3   Data         544  pic.o(.rodata.img_filter_am)
    img_filter_fm                            0x08014b13   Data         544  pic.o(.rodata.img_filter_fm)
    img_invDisp20x                           0x08014d33   Data         100  pic.o(.rodata.img_invDisp20x)
    img_lightTime20x                         0x08014d97   Data         100  pic.o(.rodata.img_lightTime20x)
    img_mAbout50x                            0x08014dfb   Data         650  pic.o(.rodata.img_mAbout50x)
    img_mDisplay50x                          0x08015085   Data         650  pic.o(.rodata.img_mDisplay50x)
    img_mMusic50x                            0x0801530f   Data         650  pic.o(.rodata.img_mMusic50x)
    img_mUntitled50x                         0x08015599   Data         650  pic.o(.rodata.img_mUntitled50x)
    img_num16x                               0x08015823   Data         384  pic.o(.rodata.img_num16x)
    img_num48x                               0x080159a3   Data        3600  pic.o(.rodata.img_num48x)
    img_percent                              0x080167b3   Data          64  pic.o(.rodata.img_percent)
    img_qrcode                               0x080167f3   Data         451  pic.o(.rodata.img_qrcode)
    img_scale                                0x080169b6   Data         252  pic.o(.rodata.img_scale)
    img_spk                                  0x08016ab2   Data          64  pic.o(.rodata.img_spk)
    img_spkMute                              0x08016af2   Data          64  pic.o(.rodata.img_spkMute)
    img_stereo30x24                          0x08016b32   Data         180  pic.o(.rodata.img_stereo30x24)
    img_ultraBass44x44                       0x08016be6   Data         484  pic.o(.rodata.img_ultraBass44x44)
    img_unit                                 0x08016dca   Data        1062  pic.o(.rodata.img_unit)
    img_volGain47x20                         0x080171f0   Data         235  pic.o(.rodata.img_volGain47x20)
    img_volt                                 0x080172db   Data          64  pic.o(.rodata.img_volt)
    levTitle                                 0x0801731b   Data          50  ui.o(.rodata.levTitle)
    menuDetail                               0x0801734d   Data         246  ui.o(.rodata.menuDetail)
    menuName                                 0x08017443   Data          66  ui.o(.rodata.menuName)
    nBandChMax                               0x08017485   Data           4  main.o(.rodata.nBandChMax)
    nBandFMax                                0x0801748a   Data           8  saf775x.o(.rodata.nBandFMax)
    nBandFMin                                0x08017492   Data           8  saf775x.o(.rodata.nBandFMin)
    nBandRFMode                              0x0801749a   Data           4  saf775x.o(.rodata.nBandRFMode)
    nBandStepNum                             0x0801749e   Data           4  saf775x.o(.rodata.nBandStepNum)
    nFMATSRegion                             0x080174a2   Data          16  saf775x.o(.rodata.nFMATSRegion)
    nFastATS                                 0x080174b2   Data          56  saf775x.o(.rodata.nFastATS)
    regionTitle                              0x080174ea   Data          20  ui.o(.rodata.regionTitle)
    slot_xs                                  0x080174fe   Data           4  ui.o(.rodata.slot_xs)
    slot_ys                                  0x08017502   Data           4  ui.o(.rodata.slot_ys)
    stepIndi                                 0x08017506   Data           5  ui.o(.rodata.stepIndi)
    Region$$Table$$Base                      0x08017ad0   Number         0  anon$$obj.o(Region$$Table)
    Region$$Table$$Limit                     0x08017af0   Number         0  anon$$obj.o(Region$$Table)
    __stdout                                 0x20000000   Data           4  stdout.o(.data)
    Font12                                   0x20000008   Data           8  font12.o(.data.Font12)
    Font16                                   0x20000010   Data           8  font16.o(.data.Font16)
    Font20                                   0x20000018   Data           8  font20.o(.data.Font20)
    Font24                                   0x20000020   Data           8  font24.o(.data.Font24)
    Font8                                    0x20000028   Data           8  font8.o(.data.Font8)
    lastA1                                   0x2000003e   Data           1  main.o(.data.lastA1)
    lastA2                                   0x2000003f   Data           1  main.o(.data.lastA2)
    nBandStep                                0x20000040   Data          32  saf775x.o(.data.nBandStep)
    nBandStepATS                             0x20000060   Data           4  saf775x.o(.data.nBandStepATS)
    nowA1                                    0x20000064   Data           1  main.o(.data.nowA1)
    nowA2                                    0x20000065   Data           1  main.o(.data.nowA2)
    sDevice                                  0x20000068   Data          52  main.o(.data.sDevice)
    GroupType                                0x200000a0   Data           1  rds.o(.bss.GroupType)
    bFilterSel                               0x200030d2   Data           1  main.o(.bss.bFilterSel)
    bFlagGSA                                 0x200030d3   Data           1  main.o(.bss.bFlagGSA)
    bFlagRDS                                 0x200030d4   Data           1  main.o(.bss.bFlagRDS)
    bFlagRFS                                 0x200030d5   Data           1  main.o(.bss.bFlagRFS)
    bFlagReBoot                              0x200030d6   Data           1  main.o(.bss.bFlagReBoot)
    bMenu                                    0x200030d7   Data           1  main.o(.bss.bMenu)
    bMenuLCD                                 0x200030d8   Data           1  main.o(.bss.bMenuLCD)
    bSeek                                    0x200030d9   Data           1  main.o(.bss.bSeek)
    keyValue                                 0x200030e5   Data           6  main.o(.bss.keyValue)
    lastDET                                  0x200030eb   Data           1  main.o(.bss.lastDET)
    lcode                                    0x200030ec   Data           1  main.o(.bss.lcode)
    maxGEqScal                               0x200030f0   Data           4  dirana3basicdsp.o(.bss.maxGEqScal)
    maxToneScal                              0x200030f4   Data           4  dirana3basicdsp.o(.bss.maxToneScal)
    nBandCh                                  0x200030f8   Data           4  main.o(.bss.nBandCh)
    nBandChNum                               0x200030fc   Data           4  main.o(.bss.nBandChNum)
    nChannelFreq                             0x20003100   Data         800  main.o(.bss.nChannelFreq)
    nGsaVal                                  0x20003420   Data          10  main.o(.bss.nGsaVal)
    nQPeakDet                                0x2000342c   Data           4  main.o(.bss.nQPeakDet)
    nowDET                                   0x20003430   Data           1  main.o(.bss.nowDET)
    rcode                                    0x20003434   Data           1  main.o(.bss.rcode)
    rds                                      0x20003438   Data           4  rds.o(.bss.rds)
    sAudioBasic                              0x2000343c   Data          24  main.o(.bss.sAudioBasic)
    sAudioEQ                                 0x20003454   Data         108  main.o(.bss.sAudioEQ)
    sAudioFilter                             0x200034c0   Data         284  main.o(.bss.sAudioFilter)
    sAudioKeyFunc                            0x200035dc   Data          52  main.o(.bss.sAudioKeyFunc)
    sAudioTone                               0x20003610   Data          28  main.o(.bss.sAudioTone)
    sDisplay                                 0x2000362c   Data          16  lcd.o(.bss.sDisplay)
    sRDSBuffer                               0x2000363c   Data          12  main.o(.bss.sRDSBuffer)
    sRDSData                                 0x20003648   Data          90  main.o(.bss.sRDSData)
    sTuner                                   0x200036a2   Data          56  main.o(.bss.sTuner)
    sys                                      0x200036dc   Data           4  saf775x.o(.bss.sys)
    sysBC                                    0x200036e0   Data           4  dirana3basicdsp.o(.bss.sysBC)
    sysEQ                                    0x200036e4   Data           4  dirana3basicdsp.o(.bss.sysEQ)
    sysTone                                  0x200036e8   Data           4  dirana3basicdsp.o(.bss.sysTone)
    __initial_sp                             0x200046f8   Data           0  startup_gd32f30x_hd.o(STACK)



==============================================================================

Memory Map of the image

  Image Entry point : 0x08000131

  Load Region LR_IROM1 (Base: 0x08000000, Size: 0x00017b90, Max: 0x00040000, ABSOLUTE)

    Execution Region ER_IROM1 (Exec base: 0x08000000, Load base: 0x08000000, Size: 0x00017af0, Max: 0x00040000, ABSOLUTE)

    Exec Addr    Load Addr    Size         Type   Attr      Idx    E Section Name        Object

    0x08000000   0x08000000   0x00000130   Data   RO         1371    RESET               startup_gd32f30x_hd.o
    0x08000130   0x08000130   0x00000000   Code   RO         2232  * .ARM.Collect$$$$00000000  mc_w.l(entry.o)
    0x08000130   0x08000130   0x00000004   Code   RO         2304    .ARM.Collect$$$$00000001  mc_w.l(entry2.o)
    0x08000134   0x08000134   0x00000004   Code   RO         2307    .ARM.Collect$$$$00000004  mc_w.l(entry5.o)
    0x08000138   0x08000138   0x00000000   Code   RO         2309    .ARM.Collect$$$$00000008  mc_w.l(entry7b.o)
    0x08000138   0x08000138   0x00000000   Code   RO         2311    .ARM.Collect$$$$0000000A  mc_w.l(entry8b.o)
    0x08000138   0x08000138   0x00000008   Code   RO         2312    .ARM.Collect$$$$0000000B  mc_w.l(entry9a.o)
    0x08000140   0x08000140   0x00000000   Code   RO         2314    .ARM.Collect$$$$0000000D  mc_w.l(entry10a.o)
    0x08000140   0x08000140   0x00000000   Code   RO         2316    .ARM.Collect$$$$0000000F  mc_w.l(entry11a.o)
    0x08000140   0x08000140   0x00000004   Code   RO         2305    .ARM.Collect$$$$00002712  mc_w.l(entry2.o)
    0x08000144   0x08000144   0x00000024   Code   RO         1372    .text               startup_gd32f30x_hd.o
    0x08000168   0x08000168   0x0000014e   Code   RO         2263    .text               mf_w.l(dadd.o)
    0x080002b6   0x080002b6   0x000000e4   Code   RO         2265    .text               mf_w.l(dmul.o)
    0x0800039a   0x0800039a   0x000000de   Code   RO         2267    .text               mf_w.l(ddiv.o)
    0x08000478   0x08000478   0x00000036   Code   RO         2269    .text               mf_w.l(dcmple.o)
    0x080004ae   0x080004ae   0x00000036   Code   RO         2271    .text               mf_w.l(dcmplt.o)
    0x080004e4   0x080004e4   0x00000036   Code   RO         2273    .text               mf_w.l(dcmpge.o)
    0x0800051a   0x0800051a   0x00000022   Code   RO         2275    .text               mf_w.l(dflti.o)
    0x0800053c   0x0800053c   0x0000003e   Code   RO         2279    .text               mf_w.l(dfixi.o)
    0x0800057a   0x0800057a   0x00000026   Code   RO         2281    .text               mf_w.l(f2d.o)
    0x080005a0   0x080005a0   0x00000038   Code   RO         2283    .text               mf_w.l(d2f.o)
    0x080005d8   0x080005d8   0x0000002c   Code   RO         2328    .text               mc_w.l(uidiv.o)
    0x08000604   0x08000604   0x00000062   Code   RO         2330    .text               mc_w.l(uldiv.o)
    0x08000666   0x08000666   0x0000001e   Code   RO         2332    .text               mc_w.l(llshl.o)
    0x08000684   0x08000684   0x00000020   Code   RO         2334    .text               mc_w.l(llushr.o)
    0x080006a4   0x080006a4   0x00000024   Code   RO         2336    .text               mc_w.l(llsshr.o)
    0x080006c8   0x080006c8   0x00000000   Code   RO         2345    .text               mc_w.l(iusefp.o)
    0x080006c8   0x080006c8   0x0000006e   Code   RO         2346    .text               mf_w.l(fepilogue.o)
    0x08000736   0x08000736   0x0000003c   Code   RO         2348    .text               mf_w.l(frnd.o)
    0x08000772   0x08000772   0x000000ba   Code   RO         2350    .text               mf_w.l(depilogue.o)
    0x0800082c   0x0800082c   0x00000030   Code   RO         2352    .text               mf_w.l(dfixul.o)
    0x0800085c   0x0800085c   0x00000030   Code   RO         2354    .text               mf_w.l(cdrcmple.o)
    0x0800088c   0x0800088c   0x00000004   Code   RO         2356    .text               mf_w.l(fpstat.o)
    0x08000890   0x08000890   0x00000030   Code   RO         2358    .text               mc_w.l(init.o)
    0x080008c0   0x080008c0   0x0000003c   Code   RO         1515    .text.ADC0_1_IRQHandler  gd32f30x_it.o
    0x080008fc   0x080008fc   0x00000004   PAD
    0x08000900   0x08000900   0x000002c0   Code   RO         1435    .text.ADC_Callback  main.o
    0x08000bc0   0x08000bc0   0x000000de   Code   RO         1549    .text.ADC_Init      init.o
    0x08000c9e   0x08000c9e   0x00000002   PAD
    0x08000ca0   0x08000ca0   0x0000023e   Code   RO         1409    .text.AddChannel    main.o
    0x08000ede   0x08000ede   0x00000002   PAD
    0x08000ee0   0x08000ee0   0x00000046   Code   RO         1393    .text.AdjustFilter  main.o
    0x08000f26   0x08000f26   0x00000002   PAD
    0x08000f28   0x08000f28   0x00000074   Code   RO         1391    .text.AdjustFreq    main.o
    0x08000f9c   0x08000f9c   0x0000003c   Code   RO         1389    .text.AdjustVolume  main.o
    0x08000fd8   0x08000fd8   0x0000006a   Code   RO         1752    .text.BootDirana3   saf775x.o
    0x08001042   0x08001042   0x00000002   PAD
    0x08001044   0x08001044   0x00000004   Code   RO         1499    .text.BusFault_Handler  gd32f30x_it.o
    0x08001048   0x08001048   0x0000001a   Code   RO         1707    .text.CheckError    rds.o
    0x08001062   0x08001062   0x00000002   PAD
    0x08001064   0x08001064   0x0000000e   Code   RO         1719    .text.CheckGroupType  rds.o
    0x08001072   0x08001072   0x00000002   PAD
    0x08001074   0x08001074   0x00000010   Code   RO         1705    .text.CheckVersionType  rds.o
    0x08001084   0x08001084   0x00000044   Code   RO         1682    .text.DAC_GetValue  func.o
    0x080010c8   0x080010c8   0x00000056   Code   RO         1551    .text.DAC_Init      init.o
    0x0800111e   0x0800111e   0x00000002   PAD
    0x08001120   0x08001120   0x000000c8   Code   RO         1680    .text.DAC_OutVal    func.o
    0x080011e8   0x080011e8   0x0000002a   Code   RO         1519    .text.DMA0_Channel4_IRQHandler  gd32f30x_it.o
    0x08001212   0x08001212   0x00000002   PAD
    0x08001214   0x08001214   0x00000078   Code   RO         1750    .text.DSP_WRITE_DATA  saf775x.o
    0x0800128c   0x0800128c   0x00000002   Code   RO         1505    .text.DebugMon_Handler  gd32f30x_it.o
    0x0800128e   0x0800128e   0x00000002   PAD
    0x08001290   0x08001290   0x00000062   Code   RO         1717    .text.DecodeRDS     rds.o
    0x080012f2   0x080012f2   0x00000002   PAD
    0x080012f4   0x080012f4   0x00000054   Code   RO         1914    .text.DispContrast  lcd.o
    0x08001348   0x08001348   0x0000006e   Code   RO         1910    .text.DispFill      lcd.o
    0x080013b6   0x080013b6   0x00000002   PAD
    0x080013b8   0x080013b8   0x0000006e   Code   RO         1916    .text.DispGreyLevel  lcd.o
    0x08001426   0x08001426   0x00000002   PAD
    0x08001428   0x08001428   0x00000032   Code   RO         1918    .text.DispInverse   lcd.o
    0x0800145a   0x0800145a   0x00000002   PAD
    0x0800145c   0x0800145c   0x00000028   Code   RO         1920    .text.DispPixelOn   lcd.o
    0x08001484   0x08001484   0x00000042   Code   RO         2037    .text.EasyProgramUpdateCoeff  dirana3basicdsp.o
    0x080014c6   0x080014c6   0x00000002   PAD
    0x080014c8   0x080014c8   0x00000050   Code   RO         1699    .text.FillStr       rds.o
    0x08001518   0x08001518   0x0000005a   Code   RO         1695    .text.FindMin       rds.o
    0x08001572   0x08001572   0x00000002   PAD
    0x08001574   0x08001574   0x000000fe   Code   RO         1545    .text.GPIO_Init     init.o
    0x08001672   0x08001672   0x00000002   PAD
    0x08001674   0x08001674   0x000000ca   Code   RO         1894    .text.GUI_Char      lcd.o
    0x0800173e   0x0800173e   0x00000002   PAD
    0x08001740   0x08001740   0x0000007c   Code   RO         1882    .text.GUI_ClearBuff  lcd.o
    0x080017bc   0x080017bc   0x000001f2   Code   RO         1892    .text.GUI_DrawBuff  lcd.o
    0x080019ae   0x080019ae   0x00000002   PAD
    0x080019b0   0x080019b0   0x000000d6   Code   RO         1890    .text.GUI_DrawBuff_Origin  lcd.o
    0x08001a86   0x08001a86   0x00000002   PAD
    0x08001a88   0x08001a88   0x0000006e   Code   RO         1884    .text.GUI_DrawDot   lcd.o
    0x08001af6   0x08001af6   0x00000002   PAD
    0x08001af8   0x08001af8   0x0000020a   Code   RO         1888    .text.GUI_FillBuff  lcd.o
    0x08001d02   0x08001d02   0x00000002   PAD
    0x08001d04   0x08001d04   0x000000c8   Code   RO         1886    .text.GUI_FillBuff_Origin  lcd.o
    0x08001dcc   0x08001dcc   0x000001be   Code   RO         1902    .text.GUI_Float     lcd.o
    0x08001f8a   0x08001f8a   0x00000002   PAD
    0x08001f8c   0x08001f8c   0x000000ee   Code   RO         1904    .text.GUI_Line_VH   lcd.o
    0x0800207a   0x0800207a   0x00000002   PAD
    0x0800207c   0x0800207c   0x00000226   Code   RO         1900    .text.GUI_Number    lcd.o
    0x080022a2   0x080022a2   0x00000002   PAD
    0x080022a4   0x080022a4   0x000000ce   Code   RO         1908    .text.GUI_Rectangle  lcd.o
    0x08002372   0x08002372   0x00000002   PAD
    0x08002374   0x08002374   0x000000f8   Code   RO         1598    .text.GUI_SeekALL   ui.o
    0x0800246c   0x0800246c   0x00000164   Code   RO         1896    .text.GUI_Text      lcd.o
    0x080025d0   0x080025d0   0x000000a6   Code   RO         1880    .text.GUI_WriteXY   lcd.o
    0x08002676   0x08002676   0x00000002   PAD
    0x08002678   0x08002678   0x00000068   Code   RO         1686    .text.GetMCUInfo    func.o
    0x080026e0   0x080026e0   0x000000bc   Code   RO         1758    .text.GetRDS        saf775x.o
    0x0800279c   0x0800279c   0x000000a8   Code   RO         1754    .text.GetStatus     saf775x.o
    0x08002844   0x08002844   0x0000008c   Code   RO         1746    .text.Get_ADSP      saf775x.o
    0x080028d0   0x080028d0   0x00000074   Code   RO         1740    .text.Get_REG       saf775x.o
    0x08002944   0x08002944   0x000001e2   Code   RO         1407    .text.GoChannel     main.o
    0x08002b26   0x08002b26   0x00000002   PAD
    0x08002b28   0x08002b28   0x00000004   Code   RO         1495    .text.HardFault_Handler  gd32f30x_it.o
    0x08002b2c   0x08002b2c   0x0000003a   Code   RO         1837    .text.I2C_Delay     iic_sw.o
    0x08002b66   0x08002b66   0x00000002   PAD
    0x08002b68   0x08002b68   0x00000002   Code   RO         1553    .text.I2C_Init      init.o
    0x08002b6a   0x08002b6a   0x00000002   PAD
    0x08002b6c   0x08002b6c   0x000000fc   Code   RO         1845    .text.I2C_ReadByte  iic_sw.o
    0x08002c68   0x08002c68   0x0000003c   Code   RO         1841    .text.I2C_Restart   iic_sw.o
    0x08002ca4   0x08002ca4   0x0000002e   Code   RO         1835    .text.I2C_Start     iic_sw.o
    0x08002cd2   0x08002cd2   0x00000002   PAD
    0x08002cd4   0x08002cd4   0x0000003e   Code   RO         1843    .text.I2C_Stop      iic_sw.o
    0x08002d12   0x08002d12   0x00000002   PAD
    0x08002d14   0x08002d14   0x00000052   Code   RO         1849    .text.I2C_Transmit  iic_sw.o
    0x08002d66   0x08002d66   0x00000002   PAD
    0x08002d68   0x08002d68   0x000000d8   Code   RO         1839    .text.I2C_WriteByte  iic_sw.o
    0x08002e40   0x08002e40   0x00000064   Code   RO         1564    .text.Judge_length  ui.o
    0x08002ea4   0x08002ea4   0x00000120   Code   RO         1433    .text.KEY_Handler   main.o
    0x08002fc4   0x08002fc4   0x00000130   Code   RO         1932    .text.LCD_Init      lcd.o
    0x080030f4   0x080030f4   0x000000a8   Code   RO         1928    .text.LCD_SPI_Init  lcd.o
    0x0800319c   0x0800319c   0x00000072   Code   RO         1930    .text.LCD_StructInit  lcd.o
    0x0800320e   0x0800320e   0x00000002   PAD
    0x08003210   0x08003210   0x00000004   Code   RO         1497    .text.MemManage_Handler  gd32f30x_it.o
    0x08003214   0x08003214   0x00000028   Code   RO         1425    .text.MenuAbout     main.o
    0x0800323c   0x0800323c   0x00000004   PAD
    0x08003240   0x08003240   0x00000640   Code   RO         1415    .text.MenuAudio     main.o
    0x08003880   0x08003880   0x0000045c   Code   RO         1421    .text.MenuDevice    main.o
    0x08003cdc   0x08003cdc   0x000002a8   Code   RO         1413    .text.MenuDisplay   main.o
    0x08003f84   0x08003f84   0x00000112   Code   RO         1427    .text.MenuMain      main.o
    0x08004096   0x08004096   0x00000002   PAD
    0x08004098   0x08004098   0x000003ec   Code   RO         1417    .text.MenuRadio     main.o
    0x08004484   0x08004484   0x0000020e   Code   RO         1419    .text.MenuSearch    main.o
    0x08004692   0x08004692   0x00000002   PAD
    0x08004694   0x08004694   0x00000002   Code   RO         1493    .text.NMI_Handler   gd32f30x_it.o
    0x08004696   0x08004696   0x00000002   PAD
    0x08004698   0x08004698   0x00000024   Code   RO         1423    .text.NVIC_SystemReset  main.o
    0x080046bc   0x080046bc   0x00000002   Code   RO         1507    .text.PendSV_Handler  gd32f30x_it.o
    0x080046be   0x080046be   0x00000002   PAD
    0x080046c0   0x080046c0   0x00000074   Code   RO         1697    .text.RDS_Init      rds.o
    0x08004734   0x08004734   0x00000062   Code   RO         1701    .text.RDS_Refresh   rds.o
    0x08004796   0x08004796   0x00000002   PAD
    0x08004798   0x08004798   0x000000d0   Code   RO         1437    .text.RTC_Callback  main.o
    0x08004868   0x08004868   0x00000050   Code   RO         1517    .text.RTC_IRQHandler  gd32f30x_it.o
    0x080048b8   0x080048b8   0x0000006c   Code   RO         2158    .text.RTC_Init      rtc.o
    0x08004924   0x08004924   0x000000e2   Code   RO         1703    .text.ReadPI        rds.o
    0x08004a06   0x08004a06   0x00000002   PAD
    0x08004a08   0x08004a08   0x000000c2   Code   RO         1711    .text.ReadPS        rds.o
    0x08004aca   0x08004aca   0x00000002   PAD
    0x08004acc   0x08004acc   0x000001e0   Code   RO         1713    .text.ReadRT        rds.o
    0x08004cac   0x08004cac   0x00000002   Code   RO         1503    .text.SVC_Handler   gd32f30x_it.o
    0x08004cae   0x08004cae   0x00000002   PAD
    0x08004cb0   0x08004cb0   0x0000006c   Code   RO         1543    .text.SYS_Init      init.o
    0x08004d1c   0x08004d1c   0x0000049c   Code   RO         1405    .text.SearchAllCH   main.o
    0x080051b8   0x080051b8   0x0000019e   Code   RO         1403    .text.SearchCH      main.o
    0x08005356   0x08005356   0x00000002   PAD
    0x08005358   0x08005358   0x00000030   Code   RO         1776    .text.SetFMAntenna  saf775x.o
    0x08005388   0x08005388   0x0000003c   Code   RO         1788    .text.SetFMChannelEqualizer  saf775x.o
    0x080053c4   0x080053c4   0x00000026   Code   RO         1786    .text.SetFMClickNoiseSuppression  saf775x.o
    0x080053ea   0x080053ea   0x00000002   PAD
    0x080053ec   0x080053ec   0x00000022   Code   RO         1796    .text.SetFMDeemphasis  saf775x.o
    0x0800540e   0x0800540e   0x00000002   PAD
    0x08005410   0x08005410   0x000000a2   Code   RO         1794    .text.SetFMStereoImprovement  saf775x.o
    0x080054b2   0x080054b2   0x00000002   PAD
    0x080054b4   0x080054b4   0x00000026   Code   RO         1784    .text.SetFMiMultipathSuppression  saf775x.o
    0x080054da   0x080054da   0x00000002   PAD
    0x080054dc   0x080054dc   0x0000003c   Code   RO         1778    .text.SetFMiPhaseDiversity  saf775x.o
    0x08005518   0x08005518   0x00000034   Code   RO         1768    .text.SetFilter     saf775x.o
    0x0800554c   0x0800554c   0x00000052   Code   RO         1762    .text.SetMute       saf775x.o
    0x0800559e   0x0800559e   0x00000002   PAD
    0x080055a0   0x080055a0   0x00000052   Code   RO         1790    .text.SetNoiseBlanker  saf775x.o
    0x080055f2   0x080055f2   0x00000002   PAD
    0x080055f4   0x080055f4   0x0000004c   Code   RO         1802    .text.SetRadioAutoBW  saf775x.o
    0x08005640   0x08005640   0x00000130   Code   RO         1782    .text.SetRadioDSP   saf775x.o
    0x08005770   0x08005770   0x000000a8   Code   RO         1792    .text.SetRadioSignal  saf775x.o
    0x08005818   0x08005818   0x0000016a   Code   RO         1804    .text.SetSoftMute   saf775x.o
    0x08005982   0x08005982   0x00000002   PAD
    0x08005984   0x08005984   0x00000038   Code   RO         1766    .text.SetTuner      saf775x.o
    0x080059bc   0x080059bc   0x00000120   Code   RO         1772    .text.SetTunerOPT   saf775x.o
    0x08005adc   0x08005adc   0x00000004   PAD
    0x08005ae0   0x08005ae0   0x000000b0   Code   RO         1760    .text.SetVolume     saf775x.o
    0x08005b90   0x08005b90   0x00000066   Code   RO         1742    .text.Set_ADSP      saf775x.o
    0x08005bf6   0x08005bf6   0x00000002   PAD
    0x08005bf8   0x08005bf8   0x000000b2   Code   RO         1744    .text.Set_ADSP_multi  saf775x.o
    0x08005caa   0x08005caa   0x00000002   PAD
    0x08005cac   0x08005cac   0x00000054   Code   RO         1736    .text.Set_REG       saf775x.o
    0x08005d00   0x08005d00   0x00000054   Code   RO         1738    .text.Set_REGFree   saf775x.o
    0x08005d54   0x08005d54   0x00000092   Code   RO         1808    .text.SwitchBand    saf775x.o
    0x08005de6   0x08005de6   0x00000002   PAD
    0x08005de8   0x08005de8   0x00000002   Code   RO         1509    .text.SysTick_Handler  gd32f30x_it.o
    0x08005dea   0x08005dea   0x00000002   PAD
    0x08005dec   0x08005dec   0x000000e0   Code   RO         1353    .text.SystemInit    system_gd32f30x.o
    0x08005ecc   0x08005ecc   0x0000001e   Code   RO         1511    .text.TIMER5_IRQHandler  gd32f30x_it.o
    0x08005eea   0x08005eea   0x00000002   PAD
    0x08005eec   0x08005eec   0x0000001e   Code   RO         1513    .text.TIMER6_IRQHandler  gd32f30x_it.o
    0x08005f0a   0x08005f0a   0x00000002   PAD
    0x08005f0c   0x08005f0c   0x00000402   Code   RO         1431    .text.TIM_Callback  main.o
    0x0800630e   0x0800630e   0x00000002   PAD
    0x08006310   0x08006310   0x000000fe   Code   RO         1547    .text.Timer_Init    init.o
    0x0800640e   0x0800640e   0x00000002   PAD
    0x08006410   0x08006410   0x0000005c   Code   RO         1764    .text.TuneFreq      saf775x.o
    0x0800646c   0x0800646c   0x00000040   Code   RO         1812    .text.TunerInit     saf775x.o
    0x080064ac   0x080064ac   0x00000126   Code   RO         1810    .text.TunerStructInit  saf775x.o
    0x080065d2   0x080065d2   0x00000002   PAD
    0x080065d4   0x080065d4   0x00000074   Code   RO         1614    .text.UI_About      ui.o
    0x08006648   0x08006648   0x000005f8   Code   RO         1606    .text.UI_Audio      ui.o
    0x08006c40   0x08006c40   0x000003f4   Code   RO         1612    .text.UI_Device     ui.o
    0x08007034   0x08007034   0x00000390   Code   RO         1604    .text.UI_Display    ui.o
    0x080073c4   0x080073c4   0x000000de   Code   RO         1580    .text.UI_DrawCheckBox  ui.o
    0x080074a2   0x080074a2   0x00000002   PAD
    0x080074a4   0x080074a4   0x00000056   Code   RO         1592    .text.UI_DrawEq     ui.o
    0x080074fa   0x080074fa   0x00000002   PAD
    0x080074fc   0x080074fc   0x000002cc   Code   RO         1590    .text.UI_DrawEqBand  ui.o
    0x080077c8   0x080077c8   0x000000ca   Code   RO         1578    .text.UI_DrawFloat  ui.o
    0x08007892   0x08007892   0x00000002   PAD
    0x08007894   0x08007894   0x0000008c   Code   RO         1586    .text.UI_DrawOneGSA  ui.o
    0x08007920   0x08007920   0x000000f2   Code   RO         1570    .text.UI_DrawScrollBar  ui.o
    0x08007a12   0x08007a12   0x00000002   PAD
    0x08007a14   0x08007a14   0x0000007c   Code   RO         1572    .text.UI_DrawSelectBar  ui.o
    0x08007a90   0x08007a90   0x00000118   Code   RO         1584    .text.UI_DrawTextBox  ui.o
    0x08007ba8   0x08007ba8   0x000000a6   Code   RO         1596    .text.UI_DrawTone   ui.o
    0x08007c4e   0x08007c4e   0x00000002   PAD
    0x08007c50   0x08007c50   0x00000060   Code   RO         1594    .text.UI_DrawToneBar  ui.o
    0x08007cb0   0x08007cb0   0x000000be   Code   RO         1576    .text.UI_DrawValue  ui.o
    0x08007d6e   0x08007d6e   0x00000002   PAD
    0x08007d70   0x08007d70   0x0000014e   Code   RO         1582    .text.UI_DrawValueBox  ui.o
    0x08007ebe   0x08007ebe   0x00000002   PAD
    0x08007ec0   0x08007ec0   0x000010dc   Code   RO         1600    .text.UI_Main       ui.o
    0x08008f9c   0x08008f9c   0x00000278   Code   RO         1602    .text.UI_Menu       ui.o
    0x08009214   0x08009214   0x0000058e   Code   RO         1608    .text.UI_Radio      ui.o
    0x080097a2   0x080097a2   0x00000002   PAD
    0x080097a4   0x080097a4   0x000002b6   Code   RO         1610    .text.UI_Search     ui.o
    0x08009a5a   0x08009a5a   0x00000002   PAD
    0x08009a5c   0x08009a5c   0x00000060   Code   RO         1555    .text.USART_Init    init.o
    0x08009abc   0x08009abc   0x00000004   Code   RO         1501    .text.UsageFault_Handler  gd32f30x_it.o
    0x08009ac0   0x08009ac0   0x00000086   Code   RO         1397    .text.VolumeHandler  main.o
    0x08009b46   0x08009b46   0x00000002   PAD
    0x08009b48   0x08009b48   0x00000026   Code   RO         1748    .text.WaitBusy      saf775x.o
    0x08009b6e   0x08009b6e   0x00000002   PAD
    0x08009b70   0x08009b70   0x0000001c   Code   RO         2035    .text.WaitEasyProgram  dirana3basicdsp.o
    0x08009b8c   0x08009b8c   0x0000003c   Code   RO            8    .text.adc_calibration_enable  gd32f30x_adc.o
    0x08009bc8   0x08009bc8   0x0000006e   Code   RO           28    .text.adc_channel_length_config  gd32f30x_adc.o
    0x08009c36   0x08009c36   0x00000002   PAD
    0x08009c38   0x08009c38   0x00000028   Code   RO           26    .text.adc_data_alignment_config  gd32f30x_adc.o
    0x08009c60   0x08009c60   0x00000074   Code   RO            2    .text.adc_deinit    gd32f30x_adc.o
    0x08009cd4   0x08009cd4   0x0000001e   Code   RO            4    .text.adc_enable    gd32f30x_adc.o
    0x08009cf2   0x08009cf2   0x00000002   PAD
    0x08009cf4   0x08009cf4   0x00000078   Code   RO           36    .text.adc_external_trigger_config  gd32f30x_adc.o
    0x08009d6c   0x08009d6c   0x00000052   Code   RO           38    .text.adc_external_trigger_source_config  gd32f30x_adc.o
    0x08009dbe   0x08009dbe   0x00000002   PAD
    0x08009dc0   0x08009dc0   0x000000f0   Code   RO           32    .text.adc_inserted_channel_config  gd32f30x_adc.o
    0x08009eb0   0x08009eb0   0x0000004c   Code   RO           44    .text.adc_inserted_data_read  gd32f30x_adc.o
    0x08009efc   0x08009efc   0x00000050   Code   RO           56    .text.adc_interrupt_enable  gd32f30x_adc.o
    0x08009f4c   0x08009f4c   0x00000014   Code   RO           54    .text.adc_interrupt_flag_clear  gd32f30x_adc.o
    0x08009f60   0x08009f60   0x000000a2   Code   RO           52    .text.adc_interrupt_flag_get  gd32f30x_adc.o
    0x0800a002   0x0800a002   0x00000002   PAD
    0x0800a004   0x0800a004   0x00000020   Code   RO           22    .text.adc_mode_config  gd32f30x_adc.o
    0x0800a024   0x0800a024   0x00000174   Code   RO           30    .text.adc_regular_channel_config  gd32f30x_adc.o
    0x0800a198   0x0800a198   0x0000000e   Code   RO           42    .text.adc_regular_data_read  gd32f30x_adc.o
    0x0800a1a6   0x0800a1a6   0x00000002   PAD
    0x0800a1a8   0x0800a1a8   0x0000003a   Code   RO           40    .text.adc_software_trigger_enable  gd32f30x_adc.o
    0x0800a1e2   0x0800a1e2   0x00000002   PAD
    0x0800a1e4   0x0800a1e4   0x000000a6   Code   RO           24    .text.adc_special_function_config  gd32f30x_adc.o
    0x0800a28a   0x0800a28a   0x00000002   PAD
    0x0800a28c   0x0800a28c   0x00000012   Code   RO           14    .text.adc_tempsensor_vrefint_enable  gd32f30x_adc.o
    0x0800a29e   0x0800a29e   0x00000002   PAD
    0x0800a2a0   0x0800a2a0   0x0000000c   Code   RO           81    .text.bkp_deinit    gd32f30x_bkp.o
    0x0800a2ac   0x0800a2ac   0x0000006c   Code   RO           85    .text.bkp_read_data  gd32f30x_bkp.o
    0x0800a318   0x0800a318   0x00000066   Code   RO           83    .text.bkp_write_data  gd32f30x_bkp.o
    0x0800a37e   0x0800a37e   0x00000002   PAD
    0x0800a380   0x0800a380   0x000000ac   Code   RO          273    .text.dac_data_set  gd32f30x_dac.o
    0x0800a42c   0x0800a42c   0x00000018   Code   RO          257    .text.dac_deinit    gd32f30x_dac.o
    0x0800a444   0x0800a444   0x00000032   Code   RO          261    .text.dac_disable   gd32f30x_dac.o
    0x0800a476   0x0800a476   0x00000002   PAD
    0x0800a478   0x0800a478   0x00000032   Code   RO          259    .text.dac_enable    gd32f30x_dac.o
    0x0800a4aa   0x0800a4aa   0x00000002   PAD
    0x0800a4ac   0x0800a4ac   0x00000032   Code   RO          269    .text.dac_output_buffer_disable  gd32f30x_dac.o
    0x0800a4de   0x0800a4de   0x00000002   PAD
    0x0800a4e0   0x0800a4e0   0x00000038   Code   RO          271    .text.dac_output_value_get  gd32f30x_dac.o
    0x0800a518   0x0800a518   0x00000032   Code   RO          281    .text.dac_software_trigger_enable  gd32f30x_dac.o
    0x0800a54a   0x0800a54a   0x00000002   PAD
    0x0800a54c   0x0800a54c   0x00000032   Code   RO          275    .text.dac_trigger_enable  gd32f30x_dac.o
    0x0800a57e   0x0800a57e   0x00000002   PAD
    0x0800a580   0x0800a580   0x00000046   Code   RO          279    .text.dac_trigger_source_config  gd32f30x_dac.o
    0x0800a5c6   0x0800a5c6   0x00000002   PAD
    0x0800a5c8   0x0800a5c8   0x00000046   Code   RO          285    .text.dac_wave_mode_config  gd32f30x_dac.o
    0x0800a60e   0x0800a60e   0x00000002   PAD
    0x0800a610   0x0800a610   0x00000168   Code   RO         2049    .text.dataConv      dirana3basicdsp.o
    0x0800a778   0x0800a778   0x00000098   Code   RO         1532    .text.delay_ms      systick.o
    0x0800a810   0x0800a810   0x00000098   Code   RO         1530    .text.delay_us      systick.o
    0x0800a8a8   0x0800a8a8   0x00000036   Code   RO          355    .text.dma_channel_disable  gd32f30x_dma.o
    0x0800a8de   0x0800a8de   0x00000002   PAD
    0x0800a8e0   0x0800a8e0   0x00000036   Code   RO          353    .text.dma_channel_enable  gd32f30x_dma.o
    0x0800a916   0x0800a916   0x00000002   PAD
    0x0800a918   0x0800a918   0x00000036   Code   RO          347    .text.dma_circulation_disable  gd32f30x_dma.o
    0x0800a94e   0x0800a94e   0x00000002   PAD
    0x0800a950   0x0800a950   0x0000008c   Code   RO          337    .text.dma_deinit    gd32f30x_dma.o
    0x0800a9dc   0x0800a9dc   0x00000148   Code   RO          343    .text.dma_init      gd32f30x_dma.o
    0x0800ab24   0x0800ab24   0x00000038   Code   RO          389    .text.dma_interrupt_enable  gd32f30x_dma.o
    0x0800ab5c   0x0800ab5c   0x00000022   Code   RO          387    .text.dma_interrupt_flag_clear  gd32f30x_dma.o
    0x0800ab7e   0x0800ab7e   0x00000002   PAD
    0x0800ab80   0x0800ab80   0x000000d0   Code   RO          385    .text.dma_interrupt_flag_get  gd32f30x_dma.o
    0x0800ac50   0x0800ac50   0x00000034   Code   RO          359    .text.dma_memory_address_config  gd32f30x_dma.o
    0x0800ac84   0x0800ac84   0x00000036   Code   RO          351    .text.dma_memory_to_memory_disable  gd32f30x_dma.o
    0x0800acba   0x0800acba   0x00000002   PAD
    0x0800acbc   0x0800acbc   0x0000003a   Code   RO          339    .text.dma_periph_and_channel_check  gd32f30x_dma.o
    0x0800acf6   0x0800acf6   0x00000002   PAD
    0x0800acf8   0x0800acf8   0x00000038   Code   RO          341    .text.dma_struct_para_init  gd32f30x_dma.o
    0x0800ad30   0x0800ad30   0x00000036   Code   RO          361    .text.dma_transfer_number_config  gd32f30x_dma.o
    0x0800ad66   0x0800ad66   0x00000002   PAD
    0x0800ad68   0x0800ad68   0x00000110   Code   RO         2019    .text.flash_erase   flash.o
    0x0800ae78   0x0800ae78   0x00000020   Code   RO         2025    .text.flash_init    flash.o
    0x0800ae98   0x0800ae98   0x00000046   Code   RO         2007    .text.flash_power   flash.o
    0x0800aede   0x0800aede   0x00000002   PAD
    0x0800aee0   0x0800aee0   0x00000094   Code   RO         2017    .text.flash_program  flash.o
    0x0800af74   0x0800af74   0x00000088   Code   RO         2015    .text.flash_program_page  flash.o
    0x0800affc   0x0800affc   0x00000076   Code   RO         2013    .text.flash_read    flash.o
    0x0800b072   0x0800b072   0x00000002   PAD
    0x0800b074   0x0800b074   0x0000006e   Code   RO         2011    .text.flash_readID  flash.o
    0x0800b0e2   0x0800b0e2   0x00000002   PAD
    0x0800b0e4   0x0800b0e4   0x0000003e   Code   RO         2001    .text.flash_readStatueReg  flash.o
    0x0800b122   0x0800b122   0x00000002   PAD
    0x0800b124   0x0800b124   0x00000056   Code   RO         1999    .text.flash_readWriteByte  flash.o
    0x0800b17a   0x0800b17a   0x00000002   PAD
    0x0800b17c   0x0800b17c   0x000000b6   Code   RO         2023    .text.flash_spi_init  flash.o
    0x0800b232   0x0800b232   0x00000002   PAD
    0x0800b234   0x0800b234   0x0000003e   Code   RO         2009    .text.flash_waitBusy  flash.o
    0x0800b272   0x0800b272   0x00000002   PAD
    0x0800b274   0x0800b274   0x00000040   Code   RO         2005    .text.flash_writeEnable  flash.o
    0x0800b2b4   0x0800b2b4   0x00000036   Code   RO         1387    .text.flushKey      main.o
    0x0800b2ea   0x0800b2ea   0x00000002   PAD
    0x0800b2ec   0x0800b2ec   0x00000034   Code   RO         1439    .text.fputc         main.o
    0x0800b320   0x0800b320   0x00000010   Code   RO         2103    .text.getQPDAverPeak  dirana3basicdsp.o
    0x0800b330   0x0800b330   0x00000010   Code   RO          595    .text.gpio_bit_reset  gd32f30x_gpio.o
    0x0800b340   0x0800b340   0x00000010   Code   RO          593    .text.gpio_bit_set  gd32f30x_gpio.o
    0x0800b350   0x0800b350   0x00000026   Code   RO          597    .text.gpio_bit_write  gd32f30x_gpio.o
    0x0800b376   0x0800b376   0x00000002   PAD
    0x0800b378   0x0800b378   0x00000184   Code   RO          591    .text.gpio_init     gd32f30x_gpio.o
    0x0800b4fc   0x0800b4fc   0x0000002a   Code   RO          601    .text.gpio_input_bit_get  gd32f30x_gpio.o
    0x0800b526   0x0800b526   0x00000002   PAD
    0x0800b528   0x0800b528   0x000000fa   Code   RO          609    .text.gpio_pin_remap_config  gd32f30x_gpio.o
    0x0800b622   0x0800b622   0x00000002   PAD
    0x0800b624   0x0800b624   0x00000052   Code   RO         1664    .text.inRangeFloat  func.o
    0x0800b676   0x0800b676   0x00000002   PAD
    0x0800b678   0x0800b678   0x00000036   Code   RO         1666    .text.inRangeInt    func.o
    0x0800b6ae   0x0800b6ae   0x00000002   PAD
    0x0800b6b0   0x0800b6b0   0x0000003a   Code   RO         1668    .text.inRangeLoop   func.o
    0x0800b6ea   0x0800b6ea   0x00000002   PAD
    0x0800b6ec   0x0800b6ec   0x0000005c   Code   RO         2045    .text.initBasicControl  dirana3basicdsp.o
    0x0800b748   0x0800b748   0x0000013e   Code   RO         2069    .text.initGraphicEQ  dirana3basicdsp.o
    0x0800b886   0x0800b886   0x00000002   PAD
    0x0800b888   0x0800b888   0x0000050c   Code   RO         2091    .text.initGraphicSA  dirana3basicdsp.o
    0x0800bd94   0x0800bd94   0x0000012c   Code   RO         2089    .text.initGraphicSApara  dirana3basicdsp.o
    0x0800bec0   0x0800bec0   0x0000005e   Code   RO         2119    .text.initKeyFuncPara  dirana3basicdsp.o
    0x0800bf1e   0x0800bf1e   0x00000002   PAD
    0x0800bf20   0x0800bf20   0x000001d4   Code   RO         2097    .text.initQPD       dirana3basicdsp.o
    0x0800c0f4   0x0800c0f4   0x00000038   Code   RO         2095    .text.initQPDpara   dirana3basicdsp.o
    0x0800c12c   0x0800c12c   0x00000004   PAD
    0x0800c130   0x0800c130   0x000000d4   Code   RO         2059    .text.initSignalScaler  dirana3basicdsp.o
    0x0800c204   0x0800c204   0x00000112   Code   RO         2063    .text.initTone      dirana3basicdsp.o
    0x0800c316   0x0800c316   0x00000002   PAD
    0x0800c318   0x0800c318   0x00000076   Code   RO         2121    .text.initUltraBass  dirana3basicdsp.o
    0x0800c38e   0x0800c38e   0x00000002   PAD
    0x0800c390   0x0800c390   0x00000306   Code   RO         1401    .text.isSigOK       main.o
    0x0800c696   0x0800c696   0x00000002   PAD
    0x0800c698   0x0800c698   0x0000004a   Code   RO         1876    .text.lcd_dma_callback  lcd.o
    0x0800c6e2   0x0800c6e2   0x00000002   PAD
    0x0800c6e4   0x0800c6e4   0x000000a0   Code   RO         1872    .text.lcd_dma_init  lcd.o
    0x0800c784   0x0800c784   0x00000032   Code   RO         1868    .text.lcd_set_cursor  lcd.o
    0x0800c7b6   0x0800c7b6   0x00000002   PAD
    0x0800c7b8   0x0800c7b8   0x00000042   Code   RO         1870    .text.lcd_set_window  lcd.o
    0x0800c7fa   0x0800c7fa   0x00000002   PAD
    0x0800c7fc   0x0800c7fc   0x0000026c   Code   RO         1874    .text.lcd_update    lcd.o
    0x0800ca68   0x0800ca68   0x0000011c   Code   RO         1862    .text.lcd_write_cmd  lcd.o
    0x0800cb84   0x0800cb84   0x000000be   Code   RO         1866    .text.lcd_write_multi_repeat  lcd.o
    0x0800cc42   0x0800cc42   0x00000002   PAD
    0x0800cc44   0x0800cc44   0x0000001a   Code   RO         2043    .text.lineDriverMode  dirana3basicdsp.o
    0x0800cc5e   0x0800cc5e   0x00000002   PAD
    0x0800cc60   0x0800cc60   0x0000089c   Code   RO         1429    .text.main          main.o
    0x0800d4fc   0x0800d4fc   0x00000022   Code   RO         2131    .text.min           dirana3basicdsp.o
    0x0800d51e   0x0800d51e   0x00000002   PAD
    0x0800d520   0x0800d520   0x00000022   Code   RO         1672    .text.myabs         func.o
    0x0800d542   0x0800d542   0x00000002   PAD
    0x0800d544   0x0800d544   0x0000008a   Code   RO         1674    .text.myround       func.o
    0x0800d5ce   0x0800d5ce   0x00000002   PAD
    0x0800d5d0   0x0800d5d0   0x00000076   Code   RO         1566    .text.num2str       ui.o
    0x0800d646   0x0800d646   0x00000002   PAD
    0x0800d648   0x0800d648   0x00000128   Code   RO          703    .text.nvic_irq_enable  gd32f30x_misc.o
    0x0800d770   0x0800d770   0x0000001c   Code   RO          701    .text.nvic_priority_group_set  gd32f30x_misc.o
    0x0800d78c   0x0800d78c   0x00000012   Code   RO          752    .text.pmu_backup_write_enable  gd32f30x_pmu.o
    0x0800d79e   0x0800d79e   0x00000002   PAD
    0x0800d7a0   0x0800d7a0   0x000000b4   Code   RO          808    .text.rcu_adc_clock_config  gd32f30x_rcu.o
    0x0800d854   0x0800d854   0x00000012   Code   RO          788    .text.rcu_bkp_reset_disable  gd32f30x_rcu.o
    0x0800d866   0x0800d866   0x00000002   PAD
    0x0800d868   0x0800d868   0x00000012   Code   RO          786    .text.rcu_bkp_reset_enable  gd32f30x_rcu.o
    0x0800d87a   0x0800d87a   0x00000002   PAD
    0x0800d87c   0x0800d87c   0x000001ee   Code   RO          836    .text.rcu_clock_freq_get  gd32f30x_rcu.o
    0x0800da6a   0x0800da6a   0x00000002   PAD
    0x0800da6c   0x0800da6c   0x0000003e   Code   RO          818    .text.rcu_flag_get  gd32f30x_rcu.o
    0x0800daaa   0x0800daaa   0x00000002   PAD
    0x0800daac   0x0800daac   0x00000028   Code   RO          820    .text.rcu_osci_on   gd32f30x_rcu.o
    0x0800dad4   0x0800dad4   0x0000023e   Code   RO          772    .text.rcu_osci_stab_wait  gd32f30x_rcu.o
    0x0800dd12   0x0800dd12   0x00000002   PAD
    0x0800dd14   0x0800dd14   0x00000028   Code   RO          774    .text.rcu_periph_clock_enable  gd32f30x_rcu.o
    0x0800dd3c   0x0800dd3c   0x00000028   Code   RO          784    .text.rcu_periph_reset_disable  gd32f30x_rcu.o
    0x0800dd64   0x0800dd64   0x00000028   Code   RO          782    .text.rcu_periph_reset_enable  gd32f30x_rcu.o
    0x0800dd8c   0x0800dd8c   0x00000024   Code   RO          812    .text.rcu_rtc_clock_config  gd32f30x_rcu.o
    0x0800ddb0   0x0800ddb0   0x00000014   Code   RO         1399    .text.reFillBackLightTimer  main.o
    0x0800ddc4   0x0800ddc4   0x00000116   Code   RO         1385    .text.readChannels  main.o
    0x0800deda   0x0800deda   0x00000002   PAD
    0x0800dedc   0x0800dedc   0x00000104   Code   RO         1381    .text.readSettings  main.o
    0x0800dfe0   0x0800dfe0   0x0000002e   Code   RO          875    .text.rtc_alarm_config  gd32f30x_rtc.o
    0x0800e00e   0x0800e00e   0x00000002   PAD
    0x0800e010   0x0800e010   0x00000012   Code   RO          861    .text.rtc_configuration_mode_enter  gd32f30x_rtc.o
    0x0800e022   0x0800e022   0x00000002   PAD
    0x0800e024   0x0800e024   0x00000012   Code   RO          863    .text.rtc_configuration_mode_exit  gd32f30x_rtc.o
    0x0800e036   0x0800e036   0x00000002   PAD
    0x0800e038   0x0800e038   0x0000002a   Code   RO          869    .text.rtc_counter_get  gd32f30x_rtc.o
    0x0800e062   0x0800e062   0x00000002   PAD
    0x0800e064   0x0800e064   0x0000002e   Code   RO          871    .text.rtc_counter_set  gd32f30x_rtc.o
    0x0800e092   0x0800e092   0x00000002   PAD
    0x0800e094   0x0800e094   0x00000018   Code   RO          881    .text.rtc_flag_clear  gd32f30x_rtc.o
    0x0800e0ac   0x0800e0ac   0x0000002e   Code   RO          879    .text.rtc_flag_get  gd32f30x_rtc.o
    0x0800e0da   0x0800e0da   0x00000002   PAD
    0x0800e0dc   0x0800e0dc   0x0000001c   Code   RO         2152    .text.rtc_get_time  rtc.o
    0x0800e0f8   0x0800e0f8   0x00000018   Code   RO          857    .text.rtc_interrupt_enable  gd32f30x_rtc.o
    0x0800e110   0x0800e110   0x00000018   Code   RO          865    .text.rtc_lwoff_wait  gd32f30x_rtc.o
    0x0800e128   0x0800e128   0x00000030   Code   RO          873    .text.rtc_prescaler_set  gd32f30x_rtc.o
    0x0800e158   0x0800e158   0x00000028   Code   RO          867    .text.rtc_register_sync_wait  gd32f30x_rtc.o
    0x0800e180   0x0800e180   0x00000038   Code   RO         2154    .text.rtc_set_alarm  rtc.o
    0x0800e1b8   0x0800e1b8   0x00000018   Code   RO         2150    .text.rtc_set_time  rtc.o
    0x0800e1d0   0x0800e1d0   0x00000112   Code   RO         1383    .text.saveChannels  main.o
    0x0800e2e2   0x0800e2e2   0x00000002   PAD
    0x0800e2e4   0x0800e2e4   0x0000011c   Code   RO         1379    .text.saveSettings  main.o
    0x0800e400   0x0800e400   0x000000d8   Code   RO         2051    .text.setBalance    dirana3basicdsp.o
    0x0800e4d8   0x0800e4d8   0x00000150   Code   RO         2057    .text.setDCFilter   dirana3basicdsp.o
    0x0800e628   0x0800e628   0x000000c4   Code   RO         2053    .text.setFader      dirana3basicdsp.o
    0x0800e6ec   0x0800e6ec   0x00000004   PAD
    0x0800e6f0   0x0800e6f0   0x0000036c   Code   RO         2071    .text.setGraphicEQ  dirana3basicdsp.o
    0x0800ea5c   0x0800ea5c   0x00000004   PAD
    0x0800ea60   0x0800ea60   0x000000d8   Code   RO         2067    .text.setGraphicEQPreScal  dirana3basicdsp.o
    0x0800eb38   0x0800eb38   0x000000b0   Code   RO         2093    .text.setGraphicSAGain  dirana3basicdsp.o
    0x0800ebe8   0x0800ebe8   0x00000254   Code   RO         2047    .text.setMainVol    dirana3basicdsp.o
    0x0800ee3c   0x0800ee3c   0x00000094   Code   RO         2055    .text.setMute       dirana3basicdsp.o
    0x0800eed0   0x0800eed0   0x000007f0   Code   RO         2065    .text.setTone       dirana3basicdsp.o
    0x0800f6c0   0x0800f6c0   0x00000100   Code   RO         2061    .text.setTonePreScal  dirana3basicdsp.o
    0x0800f7c0   0x0800f7c0   0x00000128   Code   RO         2123    .text.setUltraBassGain  dirana3basicdsp.o
    0x0800f8e8   0x0800f8e8   0x0000002c   Code   RO         1025    .text.spi_bidirectional_transfer_config  gd32f30x_spi.o
    0x0800f914   0x0800f914   0x0000002c   Code   RO         1015    .text.spi_dma_enable  gd32f30x_spi.o
    0x0800f940   0x0800f940   0x00000012   Code   RO          995    .text.spi_enable    gd32f30x_spi.o
    0x0800f952   0x0800f952   0x00000002   PAD
    0x0800f954   0x0800f954   0x0000000e   Code   RO         1023    .text.spi_i2s_data_receive  gd32f30x_spi.o
    0x0800f962   0x0800f962   0x00000002   PAD
    0x0800f964   0x0800f964   0x00000014   Code   RO         1021    .text.spi_i2s_data_transmit  gd32f30x_spi.o
    0x0800f978   0x0800f978   0x00000074   Code   RO          989    .text.spi_i2s_deinit  gd32f30x_spi.o
    0x0800f9ec   0x0800f9ec   0x0000002a   Code   RO         1065    .text.spi_i2s_flag_get  gd32f30x_spi.o
    0x0800fa16   0x0800fa16   0x00000002   PAD
    0x0800fa18   0x0800fa18   0x00000072   Code   RO          993    .text.spi_init      gd32f30x_spi.o
    0x0800fa8a   0x0800fa8a   0x00000002   PAD
    0x0800fa8c   0x0800fa8c   0x00000012   Code   RO         1009    .text.spi_nss_output_disable  gd32f30x_spi.o
    0x0800fa9e   0x0800fa9e   0x00000002   PAD
    0x0800faa0   0x0800faa0   0x00000026   Code   RO          991    .text.spi_struct_para_init  gd32f30x_spi.o
    0x0800fac6   0x0800fac6   0x00000002   PAD
    0x0800fac8   0x0800fac8   0x00000162   Code   RO         1359    .text.system_clock_120m_irc8m  system_gd32f30x.o
    0x0800fc2a   0x0800fc2a   0x00000002   PAD
    0x0800fc2c   0x0800fc2c   0x00000008   Code   RO         1355    .text.system_clock_config  system_gd32f30x.o
    0x0800fc34   0x0800fc34   0x00000034   Code   RO          713    .text.systick_clksource_set  gd32f30x_misc.o
    0x0800fc68   0x0800fc68   0x00000050   Code   RO         1528    .text.systick_config  systick.o
    0x0800fcb8   0x0800fcb8   0x00000118   Code   RO         1076    .text.timer_deinit  gd32f30x_timer.o
    0x0800fdd0   0x0800fdd0   0x00000012   Code   RO         1082    .text.timer_enable  gd32f30x_timer.o
    0x0800fde2   0x0800fde2   0x00000002   PAD
    0x0800fde4   0x0800fde4   0x00000104   Code   RO         1080    .text.timer_init    gd32f30x_timer.o
    0x0800fee8   0x0800fee8   0x00000014   Code   RO         1116    .text.timer_interrupt_enable  gd32f30x_timer.o
    0x0800fefc   0x0800fefc   0x00000012   Code   RO         1122    .text.timer_interrupt_flag_clear  gd32f30x_timer.o
    0x0800ff0e   0x0800ff0e   0x00000002   PAD
    0x0800ff10   0x0800ff10   0x0000003a   Code   RO         1120    .text.timer_interrupt_flag_get  gd32f30x_timer.o
    0x0800ff4a   0x0800ff4a   0x00000002   PAD
    0x0800ff4c   0x0800ff4c   0x00000026   Code   RO         1078    .text.timer_struct_para_init  gd32f30x_timer.o
    0x0800ff72   0x0800ff72   0x00000002   PAD
    0x0800ff74   0x0800ff74   0x000000ca   Code   RO         1227    .text.usart_baudrate_set  gd32f30x_usart.o
    0x0801003e   0x0801003e   0x00000002   PAD
    0x08010040   0x08010040   0x00000014   Code   RO         1253    .text.usart_data_transmit  gd32f30x_usart.o
    0x08010054   0x08010054   0x000000b8   Code   RO         1225    .text.usart_deinit  gd32f30x_usart.o
    0x0801010c   0x0801010c   0x00000012   Code   RO         1235    .text.usart_enable  gd32f30x_usart.o
    0x0801011e   0x0801011e   0x00000002   PAD
    0x08010120   0x08010120   0x0000003a   Code   RO         1313    .text.usart_flag_get  gd32f30x_usart.o
    0x0801015a   0x0801015a   0x00000002   PAD
    0x0801015c   0x0801015c   0x0000002a   Code   RO         1307    .text.usart_hardware_flow_cts_config  gd32f30x_usart.o
    0x08010186   0x08010186   0x00000002   PAD
    0x08010188   0x08010188   0x0000002a   Code   RO         1305    .text.usart_hardware_flow_rts_config  gd32f30x_usart.o
    0x080101b2   0x080101b2   0x00000002   PAD
    0x080101b4   0x080101b4   0x0000001e   Code   RO         1229    .text.usart_parity_config  gd32f30x_usart.o
    0x080101d2   0x080101d2   0x00000002   PAD
    0x080101d4   0x080101d4   0x0000002a   Code   RO         1241    .text.usart_receive_config  gd32f30x_usart.o
    0x080101fe   0x080101fe   0x00000002   PAD
    0x08010200   0x08010200   0x0000001e   Code   RO         1233    .text.usart_stop_bit_set  gd32f30x_usart.o
    0x0801021e   0x0801021e   0x00000002   PAD
    0x08010220   0x08010220   0x0000002a   Code   RO         1239    .text.usart_transmit_config  gd32f30x_usart.o
    0x0801024a   0x0801024a   0x00000002   PAD
    0x0801024c   0x0801024c   0x0000001e   Code   RO         1231    .text.usart_word_length_set  gd32f30x_usart.o
    0x0801026a   0x0801026a   0x00000002   PAD
    0x0801026c   0x0801026c   0x00000020   Code   RO         2236    i.__0printf         mc_w.l(printfa.o)
    0x0801028c   0x0801028c   0x00000026   Code   RO         2285    i.__ARM_fpclassifyf  m_wm.l(fpclassifyf.o)
    0x080102b2   0x080102b2   0x00000002   PAD
    0x080102b4   0x080102b4   0x00000150   Code   RO         2202    i.__hardfp_cosf     m_wm.l(cosf.o)
    0x08010404   0x08010404   0x00000664   Code   RO         2215    i.__hardfp_powf     m_wm.l(powf.o)
    0x08010a68   0x08010a68   0x0000009a   Code   RO         2228    i.__hardfp_roundf   m_wm.l(roundf.o)
    0x08010b02   0x08010b02   0x00000002   PAD
    0x08010b04   0x08010b04   0x0000017c   Code   RO         2222    i.__hardfp_tanf     m_wm.l(tanf.o)
    0x08010c80   0x08010c80   0x00000014   Code   RO         2287    i.__mathlib_flt_divzero  m_wm.l(funder.o)
    0x08010c94   0x08010c94   0x00000006   Code   RO         2288    i.__mathlib_flt_infnan  m_wm.l(funder.o)
    0x08010c9a   0x08010c9a   0x00000006   Code   RO         2289    i.__mathlib_flt_infnan2  m_wm.l(funder.o)
    0x08010ca0   0x08010ca0   0x00000010   Code   RO         2290    i.__mathlib_flt_invalid  m_wm.l(funder.o)
    0x08010cb0   0x08010cb0   0x00000010   Code   RO         2291    i.__mathlib_flt_overflow  m_wm.l(funder.o)
    0x08010cc0   0x08010cc0   0x00000010   Code   RO         2293    i.__mathlib_flt_underflow  m_wm.l(funder.o)
    0x08010cd0   0x08010cd0   0x00000154   Code   RO         2301    i.__mathlib_rredf2  m_wm.l(rredf.o)
    0x08010e24   0x08010e24   0x0000000e   Code   RO         2362    i.__scatterload_copy  mc_w.l(handlers.o)
    0x08010e32   0x08010e32   0x00000002   Code   RO         2363    i.__scatterload_null  mc_w.l(handlers.o)
    0x08010e34   0x08010e34   0x0000000e   Code   RO         2364    i.__scatterload_zeroinit  mc_w.l(handlers.o)
    0x08010e42   0x08010e42   0x00000002   PAD
    0x08010e44   0x08010e44   0x0000000c   Code   RO         2340    i.__set_errno       mc_w.l(errno.o)
    0x08010e50   0x08010e50   0x00000184   Code   RO         2243    i._fp_digits        mc_w.l(printfa.o)
    0x08010fd4   0x08010fd4   0x000006dc   Code   RO         2244    i._printf_core      mc_w.l(printfa.o)
    0x080116b0   0x080116b0   0x00000024   Code   RO         2245    i._printf_post_padding  mc_w.l(printfa.o)
    0x080116d4   0x080116d4   0x0000002e   Code   RO         2246    i._printf_pre_padding  mc_w.l(printfa.o)
    0x08011702   0x08011702   0x00000002   PAD
    0x08011704   0x08011704   0x00000140   Data   RO         2218    .constdata          m_wm.l(powf.o)
    0x08011844   0x08011844   0x00000020   Data   RO         2302    .constdata          m_wm.l(rredf.o)
    0x08011864   0x08011864   0x00000005   Data   RO         1822    .rodata.DSP_FIRM0_PRODUCTION  saf775x.o
    0x08011869   0x08011869   0x0000002d   Data   RO         1826    .rodata.DSP_INIT    saf775x.o
    0x08011896   0x08011896   0x0000001b   Data   RO         1825    .rodata.DSP_KEYCODE_PRODUCTION  saf775x.o
    0x080118b1   0x080118b1   0x00000024   Data   RO         1619    .rodata.EQTitle     ui.o
    0x080118d5   0x080118d5   0x00000532   Data   RO         2182    .rodata.Font12_Table  font12.o
    0x08011e07   0x08011e07   0x000005f0   Data   RO         2175    .rodata.Font16_Table  font16.o
    0x080123f7   0x080123f7   0x00000b22   Data   RO         2189    .rodata.Font20_Table  font20.o
    0x08012f19   0x08012f19   0x00000d5c   Data   RO         2196    .rodata.Font24_Table  font24.o
    0x08013c75   0x08013c75   0x0000023a   Data   RO         2168    .rodata.Font8_Table  font8.o
    0x08013eaf   0x08013eaf   0x0000000a   Data   RO         1620    .rodata.antTitle    ui.o
    0x08013eb9   0x08013eb9   0x0000000a   Data   RO         1625    .rodata.atsTitle    ui.o
    0x08013ec3   0x08013ec3   0x00000058   Data   RO         1618    .rodata.audioTitle  ui.o
    0x08013f1b   0x08013f1b   0x00000014   Data   RO         1621    .rodata.bwTitle     ui.o
    0x08013f2f   0x08013f2f   0x00000002   Data   RO         1943    .rodata.byte2dot    lcd.o
    0x08013f31   0x08013f31   0x00000004   Data   RO         1934    .rodata.color_page  lcd.o
    0x08013f35   0x08013f35   0x0000000a   Data   RO         1622    .rodata.deemTitle   ui.o
    0x08013f3f   0x08013f3f   0x00000001   PAD
    0x08013f40   0x08013f40   0x00000018   Data   RO         1944    .rodata.fraction_lut  lcd.o
    0x08013f58   0x08013f58   0x00000024   Data   RO         2133    .rodata.gEQAddr     dirana3basicdsp.o
    0x08013f7c   0x08013f7c   0x00000024   Data   RO         2134    .rodata.gSAAddr     dirana3basicdsp.o
    0x08013fa0   0x08013fa0   0x00000040   Data   RO         1961    .rodata.img_IntTemp  pic.o
    0x08013fe0   0x08013fe0   0x00000040   Data   RO         1952    .rodata.img_antenna  pic.o
    0x08014020   0x08014020   0x0000004e   Data   RO         1981    .rodata.img_arrowDown12x  pic.o
    0x0801406e   0x0801406e   0x0000002c   Data   RO         1982    .rodata.img_arrowLeft11x16  pic.o
    0x0801409a   0x0801409a   0x0000002c   Data   RO         1983    .rodata.img_arrowRight11x16  pic.o
    0x080140c6   0x080140c6   0x0000004e   Data   RO         1980    .rodata.img_arrowUp12x  pic.o
    0x08014114   0x08014114   0x000000eb   Data   RO         1989    .rodata.img_balLeft47x20  pic.o
    0x080141ff   0x080141ff   0x000000eb   Data   RO         1990    .rodata.img_balRight47x20  pic.o
    0x080142ea   0x080142ea   0x00000180   Data   RO         1967    .rodata.img_band    pic.o
    0x0801446a   0x0801446a   0x00000066   Data   RO         1972    .rodata.img_bandwidth34x12  pic.o
    0x080144d0   0x080144d0   0x00000040   Data   RO         1953    .rodata.img_bat     pic.o
    0x08014510   0x08014510   0x00000064   Data   RO         1975    .rodata.img_bright20x  pic.o
    0x08014574   0x08014574   0x00000040   Data   RO         1955    .rodata.img_channel  pic.o
    0x080145b4   0x080145b4   0x00000064   Data   RO         1976    .rodata.img_commonSet20x  pic.o
    0x08014618   0x08014618   0x00000064   Data   RO         1977    .rodata.img_contrast20x  pic.o
    0x0801467c   0x0801467c   0x00000007   Data   RO         1969    .rodata.img_curser7x4  pic.o
    0x08014683   0x08014683   0x00000040   Data   RO         1956    .rodata.img_dbu     pic.o
    0x080146c3   0x080146c3   0x00000040   Data   RO         1962    .rodata.img_degree  pic.o
    0x08014703   0x08014703   0x00000002   Data   RO         1964    .rodata.img_dot16x  pic.o
    0x08014705   0x08014705   0x0000000a   Data   RO         1966    .rodata.img_dot48x  pic.o
    0x0801470f   0x0801470f   0x000001e4   Data   RO         1991    .rodata.img_filtHP44x44  pic.o
    0x080148f3   0x080148f3   0x00000220   Data   RO         1973    .rodata.img_filter_am  pic.o
    0x08014b13   0x08014b13   0x00000220   Data   RO         1974    .rodata.img_filter_fm  pic.o
    0x08014d33   0x08014d33   0x00000064   Data   RO         1978    .rodata.img_invDisp20x  pic.o
    0x08014d97   0x08014d97   0x00000064   Data   RO         1979    .rodata.img_lightTime20x  pic.o
    0x08014dfb   0x08014dfb   0x0000028a   Data   RO         1986    .rodata.img_mAbout50x  pic.o
    0x08015085   0x08015085   0x0000028a   Data   RO         1984    .rodata.img_mDisplay50x  pic.o
    0x0801530f   0x0801530f   0x0000028a   Data   RO         1985    .rodata.img_mMusic50x  pic.o
    0x08015599   0x08015599   0x0000028a   Data   RO         1987    .rodata.img_mUntitled50x  pic.o
    0x08015823   0x08015823   0x00000180   Data   RO         1963    .rodata.img_num16x  pic.o
    0x080159a3   0x080159a3   0x00000e10   Data   RO         1965    .rodata.img_num48x  pic.o
    0x080167b3   0x080167b3   0x00000040   Data   RO         1960    .rodata.img_percent  pic.o
    0x080167f3   0x080167f3   0x000001c3   Data   RO         1993    .rodata.img_qrcode  pic.o
    0x080169b6   0x080169b6   0x000000fc   Data   RO         1968    .rodata.img_scale   pic.o
    0x08016ab2   0x08016ab2   0x00000040   Data   RO         1958    .rodata.img_spk     pic.o
    0x08016af2   0x08016af2   0x00000040   Data   RO         1957    .rodata.img_spkMute  pic.o
    0x08016b32   0x08016b32   0x000000b4   Data   RO         1971    .rodata.img_stereo30x24  pic.o
    0x08016be6   0x08016be6   0x000001e4   Data   RO         1992    .rodata.img_ultraBass44x44  pic.o
    0x08016dca   0x08016dca   0x00000426   Data   RO         1970    .rodata.img_unit    pic.o
    0x080171f0   0x080171f0   0x000000eb   Data   RO         1988    .rodata.img_volGain47x20  pic.o
    0x080172db   0x080172db   0x00000040   Data   RO         1959    .rodata.img_volt    pic.o
    0x0801731b   0x0801731b   0x00000032   Data   RO         1623    .rodata.levTitle    ui.o
    0x0801734d   0x0801734d   0x000000f6   Data   RO         1617    .rodata.menuDetail  ui.o
    0x08017443   0x08017443   0x00000042   Data   RO         1616    .rodata.menuName    ui.o
    0x08017485   0x08017485   0x00000004   Data   RO         1460    .rodata.nBandChMax  main.o
    0x08017489   0x08017489   0x00000001   PAD
    0x0801748a   0x0801748a   0x00000008   Data   RO         1821    .rodata.nBandFMax   saf775x.o
    0x08017492   0x08017492   0x00000008   Data   RO         1820    .rodata.nBandFMin   saf775x.o
    0x0801749a   0x0801749a   0x00000004   Data   RO         1814    .rodata.nBandRFMode  saf775x.o
    0x0801749e   0x0801749e   0x00000004   Data   RO         1816    .rodata.nBandStepNum  saf775x.o
    0x080174a2   0x080174a2   0x00000010   Data   RO         1819    .rodata.nFMATSRegion  saf775x.o
    0x080174b2   0x080174b2   0x00000038   Data   RO         1818    .rodata.nFastATS    saf775x.o
    0x080174ea   0x080174ea   0x00000014   Data   RO         1624    .rodata.regionTitle  ui.o
    0x080174fe   0x080174fe   0x00000004   Data   RO         1628    .rodata.slot_xs     ui.o
    0x08017502   0x08017502   0x00000004   Data   RO         1629    .rodata.slot_ys     ui.o
    0x08017506   0x08017506   0x00000005   Data   RO         1635    .rodata.stepIndi    ui.o
    0x0801750b   0x0801750b   0x00000326   Data   RO         1471    .rodata.str1.1      main.o
    0x08017831   0x08017831   0x0000029f   Data   RO         1632    .rodata.str1.1      ui.o
    0x08017ad0   0x08017ad0   0x00000020   Data   RO         2361    Region$$Table       anon$$obj.o


    Execution Region RW_IRAM1 (Exec base: 0x20000000, Load base: 0x08017af0, Size: 0x000046f8, Max: 0x0000c000, ABSOLUTE)

    Exec Addr    Load Addr    Size         Type   Attr      Idx    E Section Name        Object

    0x20000000   0x08017af0   0x00000004   Data   RW         2318    .data               mc_w.l(stdout.o)
    0x20000004   0x08017af4   0x00000004   Data   RW         2341    .data               mc_w.l(errno.o)
    0x20000008   0x08017af8   0x00000008   Data   RW         2183    .data.Font12        font12.o
    0x20000010   0x08017b00   0x00000008   Data   RW         2176    .data.Font16        font16.o
    0x20000018   0x08017b08   0x00000008   Data   RW         2190    .data.Font20        font20.o
    0x20000020   0x08017b10   0x00000008   Data   RW         2197    .data.Font24        font24.o
    0x20000028   0x08017b18   0x00000008   Data   RW         2169    .data.Font8         font8.o
    0x20000030   0x08017b20   0x00000001   Data   RW         1634    .data.GUI_SeekALL.vnumber  ui.o
    0x20000031   0x08017b21   0x00000001   Data   RW         1633    .data.GUI_SeekALL.vpercent  ui.o
    0x20000032   0x08017b22   0x00000002   Data   RW         1482    .data.TIM_Callback.timer_BAT  main.o
    0x20000034   0x08017b24   0x00000002   Data   RW         1477    .data.TIM_Callback.timer_KEY  main.o
    0x20000036   0x08017b26   0x00000002   Data   RW         1478    .data.TIM_Callback.timer_LCD  main.o
    0x20000038   0x08017b28   0x00000002   Data   RW         1481    .data.TIM_Callback.timer_ONE  main.o
    0x2000003a   0x08017b2a   0x00000002   Data   RW         1476    .data.TIM_Callback.timer_RDS  main.o
    0x2000003c   0x08017b2c   0x00000002   Data   RW         1480    .data.TIM_Callback.timer_RFS  main.o
    0x2000003e   0x08017b2e   0x00000001   Data   RW         1441    .data.lastA1        main.o
    0x2000003f   0x08017b2f   0x00000001   Data   RW         1442    .data.lastA2        main.o
    0x20000040   0x08017b30   0x00000020   Data   RW         1815    .data.nBandStep     saf775x.o
    0x20000060   0x08017b50   0x00000004   Data   RW         1817    .data.nBandStepATS  saf775x.o
    0x20000064   0x08017b54   0x00000001   Data   RW         1443    .data.nowA1         main.o
    0x20000065   0x08017b55   0x00000001   Data   RW         1444    .data.nowA2         main.o
    0x20000066   0x08017b56   0x00000002   PAD
    0x20000068   0x08017b58   0x00000034   Data   RW         1450    .data.sDevice       main.o
    0x2000009c   0x08017b8c   0x00000004   PAD
    0x200000a0        -       0x00000001   Zero   RW         1722    .bss.GroupType      rds.o
    0x200000a1        -       0x00000006   Zero   RW         1483    .bss.KEY_Handler.key_count  main.o
    0x200000a7        -       0x00000006   Zero   RW         1484    .bss.KEY_Handler.key_state  main.o
    0x200000ad        -       0x00001800   Zero   RW         1935    .bss.LCD_Buff       lcd.o
    0x200018ad        -       0x00001800   Zero   RW         1942    .bss.LCD_Buff_CPY   lcd.o
    0x200030ad   0x08017b8c   0x00000001   PAD
    0x200030ae        -       0x00000002   Zero   RW         1728    .bss.RTDataMask     rds.o
    0x200030b0        -       0x00000008   Zero   RW         1726    .bss.ReadPS.oldps   rds.o
    0x200030b8        -       0x00000001   Zero   RW         1727    .bss.ReadRT.old_ind  rds.o
    0x200030b9        -       0x00000001   Zero   RW         1653    .bss.UI_Audio.lastIndex  ui.o
    0x200030ba        -       0x00000001   Zero   RW         1656    .bss.UI_Device.lastPage  ui.o
    0x200030bb        -       0x00000001   Zero   RW         1652    .bss.UI_Display.lastPage  ui.o
    0x200030bc        -       0x00000001   Zero   RW         1631    .bss.UI_DrawEq.lastBand  ui.o
    0x200030bd        -       0x00000001   Zero   RW         1626    .bss.UI_DrawScrollBar.lastPos  ui.o
    0x200030be        -       0x00000001   Zero   RW         1627    .bss.UI_DrawSelectBar.lastPos  ui.o
    0x200030bf        -       0x00000001   Zero   RW         1640    .bss.UI_Main.vband  ui.o
    0x200030c0        -       0x00000002   Zero   RW         1644    .bss.UI_Main.vbat   ui.o
    0x200030c2        -       0x00000001   Zero   RW         1648    .bss.UI_Main.vchan  ui.o
    0x200030c3        -       0x00000001   Zero   RW         1649    .bss.UI_Main.vchannum  ui.o
    0x200030c4        -       0x00000001   Zero   RW         1638    .bss.UI_Main.vfilter  ui.o
    0x200030c5        -       0x00000001   Zero   RW         1639    .bss.UI_Main.vfiltsel  ui.o
    0x200030c6        -       0x00000002   Zero   RW         1636    .bss.UI_Main.vfreq  ui.o
    0x200030c8        -       0x00000001   Zero   RW         1647    .bss.UI_Main.vindex  ui.o
    0x200030c9        -       0x00000001   Zero   RW         1646    .bss.UI_Main.vmute  ui.o
    0x200030ca        -       0x00000001   Zero   RW         1642    .bss.UI_Main.vrssi  ui.o
    0x200030cb        -       0x00000001   Zero   RW         1651    .bss.UI_Main.vsec   ui.o
    0x200030cc        -       0x00000001   Zero   RW         1637    .bss.UI_Main.vstep  ui.o
    0x200030cd        -       0x00000001   Zero   RW         1641    .bss.UI_Main.vstereo  ui.o
    0x200030ce        -       0x00000001   Zero   RW         1643    .bss.UI_Main.vtemp  ui.o
    0x200030cf        -       0x00000001   Zero   RW         1645    .bss.UI_Main.vvol   ui.o
    0x200030d0        -       0x00000001   Zero   RW         1654    .bss.UI_Radio.lastPage  ui.o
    0x200030d1        -       0x00000001   Zero   RW         1655    .bss.UI_Search.lastPage  ui.o
    0x200030d2        -       0x00000001   Zero   RW         1459    .bss.bFilterSel     main.o
    0x200030d3        -       0x00000001   Zero   RW         1455    .bss.bFlagGSA       main.o
    0x200030d4        -       0x00000001   Zero   RW         1456    .bss.bFlagRDS       main.o
    0x200030d5        -       0x00000001   Zero   RW         1454    .bss.bFlagRFS       main.o
    0x200030d6        -       0x00000001   Zero   RW         1457    .bss.bFlagReBoot    main.o
    0x200030d7        -       0x00000001   Zero   RW         1452    .bss.bMenu          main.o
    0x200030d8        -       0x00000001   Zero   RW         1453    .bss.bMenuLCD       main.o
    0x200030d9        -       0x00000001   Zero   RW         1458    .bss.bSeek          main.o
    0x200030da   0x08017b8c   0x00000002   PAD
    0x200030dc        -       0x00000004   Zero   RW         1535    .bss.count_1ms      systick.o
    0x200030e0        -       0x00000004   Zero   RW         1534    .bss.count_1us      systick.o
    0x200030e4        -       0x00000001   Zero   RW         1937    .bss.dma_trans_flag  lcd.o
    0x200030e5        -       0x00000006   Zero   RW         1470    .bss.keyValue       main.o
    0x200030eb        -       0x00000001   Zero   RW         1445    .bss.lastDET        main.o
    0x200030ec        -       0x00000001   Zero   RW         1447    .bss.lcode          main.o
    0x200030ed   0x08017b8c   0x00000003   PAD
    0x200030f0        -       0x00000004   Zero   RW         2139    .bss.maxGEqScal     dirana3basicdsp.o
    0x200030f4        -       0x00000004   Zero   RW         2137    .bss.maxToneScal    dirana3basicdsp.o
    0x200030f8        -       0x00000004   Zero   RW         1461    .bss.nBandCh        main.o
    0x200030fc        -       0x00000004   Zero   RW         1462    .bss.nBandChNum     main.o
    0x20003100        -       0x00000320   Zero   RW         1463    .bss.nChannelFreq   main.o
    0x20003420        -       0x0000000a   Zero   RW         1449    .bss.nGsaVal        main.o
    0x2000342a   0x08017b8c   0x00000002   PAD
    0x2000342c        -       0x00000004   Zero   RW         1474    .bss.nQPeakDet      main.o
    0x20003430        -       0x00000001   Zero   RW         1446    .bss.nowDET         main.o
    0x20003431   0x08017b8c   0x00000001   PAD
    0x20003432        -       0x00000002   Zero   RW         1724    .bss.oldpi          rds.o
    0x20003434        -       0x00000001   Zero   RW         1448    .bss.rcode          main.o
    0x20003435   0x08017b8c   0x00000003   PAD
    0x20003438        -       0x00000004   Zero   RW         1723    .bss.rds            rds.o
    0x2000343c        -       0x00000018   Zero   RW         1465    .bss.sAudioBasic    main.o
    0x20003454        -       0x0000006c   Zero   RW         1467    .bss.sAudioEQ       main.o
    0x200034c0        -       0x0000011c   Zero   RW         1468    .bss.sAudioFilter   main.o
    0x200035dc        -       0x00000034   Zero   RW         1469    .bss.sAudioKeyFunc  main.o
    0x20003610        -       0x0000001c   Zero   RW         1466    .bss.sAudioTone     main.o
    0x2000362c        -       0x00000010   Zero   RW         1936    .bss.sDisplay       lcd.o
    0x2000363c        -       0x0000000c   Zero   RW         1475    .bss.sRDSBuffer     main.o
    0x20003648        -       0x0000005a   Zero   RW         1473    .bss.sRDSData       main.o
    0x200036a2        -       0x00000038   Zero   RW         1464    .bss.sTuner         main.o
    0x200036da   0x08017b8c   0x00000002   PAD
    0x200036dc        -       0x00000004   Zero   RW         1827    .bss.sys            saf775x.o
    0x200036e0        -       0x00000004   Zero   RW         2135    .bss.sysBC          dirana3basicdsp.o
    0x200036e4        -       0x00000004   Zero   RW         2138    .bss.sysEQ          dirana3basicdsp.o
    0x200036e8        -       0x00000004   Zero   RW         2136    .bss.sysTone        dirana3basicdsp.o
    0x200036ec        -       0x00000002   Zero   RW         1938    .bss.xmax           lcd.o
    0x200036ee        -       0x00000002   Zero   RW         1939    .bss.xmin           lcd.o
    0x200036f0        -       0x00000002   Zero   RW         1941    .bss.ymax           lcd.o
    0x200036f2        -       0x00000002   Zero   RW         1940    .bss.ymin           lcd.o
    0x200036f4   0x08017b8c   0x00000004   PAD
    0x200036f8        -       0x00001000   Zero   RW         1369    STACK               startup_gd32f30x_hd.o


==============================================================================

Image component sizes


      Code (inc. data)   RO Data    RW Data    ZI Data      Debug   Object Name

      9098        544         72          0         20      16912   dirana3basicdsp.o
      1342          0          0          0          0       4845   flash.o
         0          0       1330          8          0        691   font12.o
         0          0       1520          8          0        691   font16.o
         0          0       2850          8          0        691   font20.o
         0          0       3420          8          0        709   font24.o
         0          0        570          8          0        687   font8.o
       738         16          0          0          0       3077   func.o
      1796          4          0          0          0       8331   gd32f30x_adc.o
       222          0          0          0          0       4353   gd32f30x_bkp.o
       642          0          0          0          0       5373   gd32f30x_dac.o
      1202          0          0          0          0       6602   gd32f30x_dma.o
       750          0          0          0          0       5442   gd32f30x_gpio.o
       268          0          0          0          0       2131   gd32f30x_it.o
       376          0          0          0          0       3141   gd32f30x_misc.o
        18          0          0          0          0       4997   gd32f30x_pmu.o
      1542          4          0          0          0      10835   gd32f30x_rcu.o
       376          0          0          0          0       2315   gd32f30x_rtc.o
       468          0          0          0          0       7960   gd32f30x_spi.o
       692          0          0          0          0      16560   gd32f30x_timer.o
       740          0          0          0          0      10522   gd32f30x_usart.o
       776          0          0          0          0       2574   iic_sw.o
      1022          0          0          0          0       4112   init.o
      6256          0         30          0      12313      15698   lcd.o
     14732        152        810         68       1506      20660   main.o
         0          0      13179          0          0       1906   pic.o
      1438          0          0          0         18       4256   rds.o
       216          0          0          0          0       4317   rtc.o
      4006         20        173         36          4      10201   saf775x.o
        36          8        304          0       4096        920   startup_gd32f30x_hd.o
       586          0          0          0          0       2630   system_gd32f30x.o
       384          8          0          0          8       1436   systick.o
     13896         82       1240          2         25      12594   ui.o

    ----------------------------------------------------------------------
     63952        846      25532        148      18012     198169   Object Totals
         0          0         32          0          0          0   (incl. Generated)
       334          8          2          2         22          0   (incl. Padding)

    ----------------------------------------------------------------------

      Code (inc. data)   RO Data    RW Data    ZI Data      Debug   Library Member Name

       336         56          0          0          0        136   cosf.o
        38          0          0          0          0        116   fpclassifyf.o
        80         24          0          0          0        696   funder.o
      1636        110        320          0          0        372   powf.o
       154          0          0          0          0        140   roundf.o
       340         24         32          0          0        160   rredf.o
       380         58          0          0          0        200   tanf.o
         0          0          0          0          0          0   entry.o
         0          0          0          0          0          0   entry10a.o
         0          0          0          0          0          0   entry11a.o
         8          4          0          0          0          0   entry2.o
         4          0          0          0          0          0   entry5.o
         0          0          0          0          0          0   entry7b.o
         0          0          0          0          0          0   entry8b.o
         8          4          0          0          0          0   entry9a.o
        12          6          0          4          0         68   errno.o
        30          0          0          0          0          0   handlers.o
        48         10          0          0          0         68   init.o
         0          0          0          0          0          0   iusefp.o
        30          0          0          0          0         68   llshl.o
        36          0          0          0          0         68   llsshr.o
        32          0          0          0          0         68   llushr.o
      2258         90          0          0          0        452   printfa.o
         0          0          0          4          0          0   stdout.o
        44          0          0          0          0         80   uidiv.o
        98          0          0          0          0         92   uldiv.o
        48          0          0          0          0         68   cdrcmple.o
        56          0          0          0          0         88   d2f.o
       334          0          0          0          0        148   dadd.o
        54          0          0          0          0         80   dcmpge.o
        54          0          0          0          0         80   dcmple.o
        54          0          0          0          0         80   dcmplt.o
       222          0          0          0          0        100   ddiv.o
       186          0          0          0          0        176   depilogue.o
        62          0          0          0          0         80   dfixi.o
        48          0          0          0          0         68   dfixul.o
        34          0          0          0          0         76   dflti.o
       228          0          0          0          0         96   dmul.o
        38          0          0          0          0         68   f2d.o
       110          0          0          0          0        168   fepilogue.o
         4          0          0          0          0         68   fpstat.o
        60          0          0          0          0         76   frnd.o

    ----------------------------------------------------------------------
      7172        386        352          8          0       4304   Library Totals
         8          0          0          0          0          0   (incl. Padding)

    ----------------------------------------------------------------------

      Code (inc. data)   RO Data    RW Data    ZI Data      Debug   Library Name

      2964        272        352          0          0       1820   m_wm.l
      2608        114          0          8          0        964   mc_w.l
      1592          0          0          0          0       1520   mf_w.l

    ----------------------------------------------------------------------
      7172        386        352          8          0       4304   Library Totals

    ----------------------------------------------------------------------

==============================================================================


      Code (inc. data)   RO Data    RW Data    ZI Data      Debug   

     71124       1232      25884        156      18012     199777   Grand Totals
     71124       1232      25884        156      18012     199777   ELF Image Totals
     71124       1232      25884        156          0          0   ROM Totals

==============================================================================

    Total RO  Size (Code + RO Data)                97008 (  94.73kB)
    Total RW  Size (RW Data + ZI Data)             18168 (  17.74kB)
    Total ROM Size (Code + RO Data + RW Data)      97164 (  94.89kB)

==============================================================================

